<html>
<body>
<pre>
<h1>µVision Build Log</h1>
<h2>Project:</h2>
D:\Mina\ASU\ASU Projects\Embedded Systems project\Gps-project\Keil_Project\GPS_Project.uvproj
Project File Date:  05/07/2025

<h2>Output:</h2>
Build target 'Target 1'
compiling main.c...
.\TM4C123_GH6PM_Drivers\Inc\TM4C123_GH6PM_GPIO.h(24): warning:  #1-D: last line of file ends without a newline
  #endif 
.\TM4C123_GH6PM_Drivers\Inc\TM4C123_GH6PM_UART.h(26): warning:  #1-D: last line of file ends without a newline
  #endif 
.\TM4C123_GH6PM_Drivers\Systick_Driver\Systick.h(15): warning:  #1-D: last line of file ends without a newline
  #endif
.\TM4C123_GH6PM_Drivers\LCD_Driver\LCD.h(41): warning:  #1-D: last line of file ends without a newline
  #endif
.\TM4C123_GH6PM_Drivers\GPS_Driver\GPS.h(71): warning:  #1-D: last line of file ends without a newline
  #endif 
.\TM4C123_GH6PM_Drivers\Switch_driver\Switch.h(16): warning:  #1-D: last line of file ends without a newline
  #endif 
.\TM4C123_GH6PM_Drivers\Speaker_Driver\Speaker.h(22): warning:  #1-D: last line of file ends without a newline
  #endif 
main.c(71): warning:  #111-D: statement is unreachable
                delay_ms(100);
main.c: 8 warnings, 0 errors
compiling LCD.c...
.\TM4C123_GH6PM_Drivers\Systick_Driver\Systick.h(15): warning:  #1-D: last line of file ends without a newline
  #endif
TM4C123_GH6PM_Drivers\LCD_Driver\LCD.h(41): warning:  #1-D: last line of file ends without a newline
  #endif
TM4C123_GH6PM_Drivers\LCD_Driver\LCD.c(132): warning:  #1-D: last line of file ends without a newline
  }
TM4C123_GH6PM_Drivers\LCD_Driver\LCD.c: 3 warnings, 0 errors
compiling GPS.c...
.\TM4C123_GH6PM_Drivers\Inc\TM4C123_GH6PM_GPIO.h(24): warning:  #1-D: last line of file ends without a newline
  #endif 
.\TM4C123_GH6PM_Drivers\Inc\TM4C123_GH6PM_UART.h(26): warning:  #1-D: last line of file ends without a newline
  #endif 
.\TM4C123_GH6PM_Drivers\Systick_Driver\Systick.h(15): warning:  #1-D: last line of file ends without a newline
  #endif
.\TM4C123_GH6PM_Drivers\LCD_Driver\LCD.h(41): warning:  #1-D: last line of file ends without a newline
  #endif
TM4C123_GH6PM_Drivers\GPS_Driver\GPS.h(71): warning:  #1-D: last line of file ends without a newline
  #endif 
TM4C123_GH6PM_Drivers\GPS_Driver\GPS.c(162): warning:  #1035-D: single-precision operand implicitly converted to double-precision
      float lat1 = location->Latitude * pi / 180.0;
TM4C123_GH6PM_Drivers\GPS_Driver\GPS.c(163): warning:  #1035-D: single-precision operand implicitly converted to double-precision
      float lon1 = location->Longitude * pi / 180.0;
TM4C123_GH6PM_Drivers\GPS_Driver\GPS.c(179): warning:  #1035-D: single-precision operand implicitly converted to double-precision
          float lat2 = landmarks[i].Latitude * pi / 180.0;
TM4C123_GH6PM_Drivers\GPS_Driver\GPS.c(180): warning:  #1035-D: single-precision operand implicitly converted to double-precision
          float lon2 = landmarks[i].Longitude * pi / 180.0;
TM4C123_GH6PM_Drivers\GPS_Driver\GPS.c(234): warning:  #1035-D: single-precision operand implicitly converted to double-precision
      float lat1 = current->Latitude * pi / 180.0;
TM4C123_GH6PM_Drivers\GPS_Driver\GPS.c(235): warning:  #1035-D: single-precision operand implicitly converted to double-precision
      float lon1 = current->Longitude * pi / 180.0;
TM4C123_GH6PM_Drivers\GPS_Driver\GPS.c(236): warning:  #1035-D: single-precision operand implicitly converted to double-precision
      float lat2 = landmark->Latitude * pi / 180.0;
TM4C123_GH6PM_Drivers\GPS_Driver\GPS.c(237): warning:  #1035-D: single-precision operand implicitly converted to double-precision
      float lon2 = landmark->Longitude * pi / 180.0;
TM4C123_GH6PM_Drivers\GPS_Driver\GPS.c: 13 warnings, 0 errors
compiling Systick.c...
TM4C123_GH6PM_Drivers\Systick_Driver\Systick.h(15): warning:  #1-D: last line of file ends without a newline
  #endif
TM4C123_GH6PM_Drivers\Systick_Driver\Systick.c(23): warning:  #1-D: last line of file ends without a newline
  }
TM4C123_GH6PM_Drivers\Systick_Driver\Systick.c: 2 warnings, 0 errors
compiling Switch.c...
.\TM4C123_GH6PM_Drivers\Systick_Driver\Systick.h(15): warning:  #1-D: last line of file ends without a newline
  #endif
.\TM4C123_GH6PM_Drivers\LCD_Driver\LCD.h(41): warning:  #1-D: last line of file ends without a newline
  #endif
.\TM4C123_GH6PM_Drivers\Inc\TM4C123_GH6PM_GPIO.h(24): warning:  #1-D: last line of file ends without a newline
  #endif 
.\TM4C123_GH6PM_Drivers\Inc\TM4C123_GH6PM_UART.h(26): warning:  #1-D: last line of file ends without a newline
  #endif 
.\TM4C123_GH6PM_Drivers\GPS_Driver\GPS.h(71): warning:  #1-D: last line of file ends without a newline
  #endif 
TM4C123_GH6PM_Drivers\Switch_Driver\Switch.h(16): warning:  #1-D: last line of file ends without a newline
  #endif 
TM4C123_GH6PM_Drivers\Switch_Driver\Switch.c: 6 warnings, 0 errors
linking...
Program Size: Code=15396 RO-data=1164 RW-data=392 ZI-data=592  
".\GPS_Project.axf" - 0 Error(s), 32 Warning(s).
Load "D:\\Mina\\ASU\\ASU Projects\\Embedded Systems project\\Gps-project\\Keil_Project\\GPS_Project.axf" 
Connecting: Mode=JTAG, Speed=1000000Hz
Erase Done.
Programming Done.
Verify OK.
</pre>
</body>
</html>
