<html>
<body>
<pre>
<h1>µVision Build Log</h1>
<h2>Project:</h2>
D:\Mina\ASU\ASU Projects\Embedded Systems project\Gps-project\Keil_4_Project\GPS_Project.uvproj
Project File Date:  05/03/2025

<h2>Output:</h2>
Rebuild target 'Target 1'
assembling startup_TM4C123.s...
compiling main.c...
.\TM4C123_GH6PM_Drivers\Inc\TM4C123_GH6PM_GPIO.h(16): warning:  #1-D: last line of file ends without a newline
  #endif /* INC_TM4C123_GH6PM_GPIO_H_*/
.\TM4C123_GH6PM_Drivers\Inc\TM4C123_GH6PM_UART.h(21): warning:  #1-D: last line of file ends without a newline
  #endif /* INC_TM4C123_GH6PM_UART_H_*/
.\TM4C123_GH6PM_Drivers\LCD_Driver\LCD.h(18): warning:  #1-D: last line of file ends without a newline
  #endif
.\TM4C123_GH6PM_Drivers\GPS_Driver\GPS.h(65): warning:  #1-D: last line of file ends without a newline
  #endif /* INC_GPS_Driver_H_ */
.\TM4C123_GH6PM_Drivers\LCD_Driver\LCD.h(18): warning:  #1-D: last line of file ends without a newline
  #endif
main.c: 5 warnings, 0 errors
compiling TM4C123_GH6PM_GPIO.c...
.\TM4C123_GH6PM_Drivers\Inc\TM4C123_GH6PM_GPIO.h(16): warning:  #1-D: last line of file ends without a newline
  #endif /* INC_TM4C123_GH6PM_GPIO_H_*/
TM4C123_GH6PM_Drivers\TM4C123_GH6PM_GPIO.c(81): warning:  #1-D: last line of file ends without a newline
  }
TM4C123_GH6PM_Drivers\TM4C123_GH6PM_GPIO.c: 2 warnings, 0 errors
compiling TM4C123_GH6PM_UART.c...
.\TM4C123_GH6PM_Drivers\Inc\TM4C123_GH6PM_GPIO.h(16): warning:  #1-D: last line of file ends without a newline
  #endif /* INC_TM4C123_GH6PM_GPIO_H_*/
.\TM4C123_GH6PM_Drivers\Inc\TM4C123_GH6PM_UART.h(21): warning:  #1-D: last line of file ends without a newline
  #endif /* INC_TM4C123_GH6PM_UART_H_*/
TM4C123_GH6PM_Drivers\TM4C123_GH6PM_UART.c: 2 warnings, 0 errors
compiling LCD.c...
TM4C123_GH6PM_Drivers\LCD_Driver\LCD.h(18): warning:  #1-D: last line of file ends without a newline
  #endif
TM4C123_GH6PM_Drivers\LCD_Driver\LCD.c: 1 warning, 0 errors
compiling GPS.c...
.\TM4C123_GH6PM_Drivers\Inc\TM4C123_GH6PM_GPIO.h(16): warning:  #1-D: last line of file ends without a newline
  #endif /* INC_TM4C123_GH6PM_GPIO_H_*/
.\TM4C123_GH6PM_Drivers\Inc\TM4C123_GH6PM_UART.h(21): warning:  #1-D: last line of file ends without a newline
  #endif /* INC_TM4C123_GH6PM_UART_H_*/
.\TM4C123_GH6PM_Drivers\LCD_Driver\LCD.h(18): warning:  #1-D: last line of file ends without a newline
  #endif
TM4C123_GH6PM_Drivers\GPS_Driver\GPS.h(65): warning:  #1-D: last line of file ends without a newline
  #endif /* INC_GPS_Driver_H_ */
TM4C123_GH6PM_Drivers\GPS_Driver\GPS.c(111): warning:  #1-D: last line of file ends without a newline
  }
TM4C123_GH6PM_Drivers\GPS_Driver\GPS.c: 5 warnings, 0 errors
compiling Systick.c...
linking...
Program Size: Code=1104 RO-data=636 RW-data=0 ZI-data=512  
".\GPS_Project.axf" - 0 Error(s), 15 Warning(s).
</pre>
</body>
</html>
