<html>
<body>
<pre>
<h1>µVision Build Log</h1>
<h2>Tool Versions:</h2>
IDE-Version: µVision V5.32.0.0
Copyright (C) 2020 ARM Ltd and ARM Germany GmbH. All rights reserved.
License Information: Mina Fathy, learn-in-depth, LIC=----
 
Tool Versions:
Toolchain:       MDK-Lite  Version: 5.32.0.0
Toolchain Path:  C:\Keil_v5\ARM\ARMCC\Bin
C Compiler:      Armcc.exe V5.06 update 7 (build 960)
Assembler:       Armasm.exe V5.06 update 7 (build 960)
Linker/Locator:  ArmLink.exe V5.06 update 7 (build 960)
Library Manager: ArmAr.exe V5.06 update 7 (build 960)
Hex Converter:   FromElf.exe V5.06 update 7 (build 960)
CPU DLL:         SARMCM3.DLL V5.32.0.0
Dialog DLL:      DCM.DLL V1.17.3.0
Target DLL:      lmidk-agdi.dll V???
Dialog DLL:      TCM.DLL V1.46.0.0
 
<h2>Project:</h2>
D:\Mina\ASU\ASU Projects\Embedded Systems project\Gps-project\Keil_5_Project\GPS_Project.uvprojx
Project File Date:  04/29/2025

<h2>Output:</h2>
*** Using Compiler 'V5.06 update 7 (build 960)', folder: 'C:\Keil_v5\ARM\ARMCC\Bin'
Rebuild target 'Target 1'
compiling TM4C123_GH6PM_GPIO.c...
.\TM4C123_GH6PM_Drivers\Inc\TM4C123_GH6PM_GPIO.h(16): warning:  #1-D: last line of file ends without a newline
  #endif /* INC_TM4C123_GH6PM_GPIO_H_*/
TM4C123_GH6PM_Drivers\TM4C123_GH6PM_GPIO.c(81): warning:  #1-D: last line of file ends without a newline
  }
TM4C123_GH6PM_Drivers\TM4C123_GH6PM_GPIO.c: 2 warnings, 0 errors
compiling TM4C123_GH6PM_UART.c...
.\TM4C123_GH6PM_Drivers\Inc\TM4C123_GH6PM_GPIO.h(16): warning:  #1-D: last line of file ends without a newline
  #endif /* INC_TM4C123_GH6PM_GPIO_H_*/
.\TM4C123_GH6PM_Drivers\Inc\TM4C123_GH6PM_UART.h(21): warning:  #1-D: last line of file ends without a newline
  #endif /* INC_TM4C123_GH6PM_UART_H_*/
TM4C123_GH6PM_Drivers\TM4C123_GH6PM_UART.c: 2 warnings, 0 errors
compiling main.c...
.\TM4C123_GH6PM_Drivers\Inc\TM4C123_GH6PM_GPIO.h(16): warning:  #1-D: last line of file ends without a newline
  #endif /* INC_TM4C123_GH6PM_GPIO_H_*/
.\TM4C123_GH6PM_Drivers\Inc\TM4C123_GH6PM_UART.h(21): warning:  #1-D: last line of file ends without a newline
  #endif /* INC_TM4C123_GH6PM_UART_H_*/
.\TM4C123_GH6PM_Drivers\LCD_Driver\LCD.h(18): warning:  #1-D: last line of file ends without a newline
  #endif
.\TM4C123_GH6PM_Drivers\GPS_Driver\GPS.h(63): warning:  #1-D: last line of file ends without a newline
  #endif /* INC_GPS_Driver_H_ */
.\TM4C123_GH6PM_Drivers\LCD_Driver\LCD.h(18): warning:  #1-D: last line of file ends without a newline
  #endif
main.c: 5 warnings, 0 errors
compiling LCD.c...
TM4C123_GH6PM_Drivers\LCD_Driver\LCD.h(18): warning:  #1-D: last line of file ends without a newline
  #endif
TM4C123_GH6PM_Drivers\LCD_Driver\LCD.c: 1 warning, 0 errors
compiling Systick.c...
assembling startup_TM4C123.s...
compiling GPS.c...
.\TM4C123_GH6PM_Drivers\Inc\TM4C123_GH6PM_GPIO.h(16): warning:  #1-D: last line of file ends without a newline
  #endif /* INC_TM4C123_GH6PM_GPIO_H_*/
.\TM4C123_GH6PM_Drivers\Inc\TM4C123_GH6PM_UART.h(21): warning:  #1-D: last line of file ends without a newline
  #endif /* INC_TM4C123_GH6PM_UART_H_*/
.\TM4C123_GH6PM_Drivers\LCD_Driver\LCD.h(18): warning:  #1-D: last line of file ends without a newline
  #endif
TM4C123_GH6PM_Drivers\GPS_Driver\GPS.h(63): warning:  #1-D: last line of file ends without a newline
  #endif /* INC_GPS_Driver_H_ */
TM4C123_GH6PM_Drivers\GPS_Driver\GPS.c(38): warning:  #1-D: last line of file ends without a newline
  }
TM4C123_GH6PM_Drivers\GPS_Driver\GPS.c: 5 warnings, 0 errors
compiling system_TM4C123.c...
linking...
Program Size: Code=548 RO-data=636 RW-data=0 ZI-data=512  
".\Objects\GPS_Project.axf" - 0 Error(s), 15 Warning(s).

<h2>Software Packages used:</h2>

Package Vendor: ARM
                http://www.keil.com/pack/ARM.CMSIS.5.7.0.pack
                ARM.CMSIS.5.7.0
                CMSIS (Cortex Microcontroller Software Interface Standard)
   * Component: CORE Version: 5.4.0

Package Vendor: Keil
                http://www.keil.com/pack/Keil.TM4C_DFP.1.1.0.pack
                Keil.TM4C_DFP.1.1.0
                Texas Instruments Tiva C Series Device Support and Examples
   * Component: Startup Version: 1.0.1

<h2>Collection of Component include folders:</h2>
  .\RTE\_Target_1
  C:\Users\EliteBook\AppData\Local\Arm\Packs\ARM\CMSIS\5.7.0\CMSIS\Core\Include
  C:\Users\EliteBook\AppData\Local\Arm\Packs\Keil\TM4C_DFP\1.1.0\Device\Include\TM4C123

<h2>Collection of Component Files used:</h2>

   * Component: ARM::CMSIS:CORE:5.4.0

   * Component: Keil::Device:Startup:1.0.1
      Include file:  Device\Include\TM4C123\TM4C123.h
      Source file:   Device\Source\ARM\startup_TM4C123.s
      Source file:   Device\Source\system_TM4C123.c
Build Time Elapsed:  00:00:03
</pre>
</body>
</html>
