Component: ARM Compiler 5.06 update 7 (build 960) Tool: armlink [4d3601]

==============================================================================

Section Cross References

    main.o(i.main) refers to tm4c123_gh6pm_uart.o(i.UART_Init) for UART_Init
    main.o(i.main) refers to lcd.o(i.LCD_init) for LCD_init
    main.o(i.main) refers to gps.o(i.GPS_Get_Current_location) for GPS_Get_Current_location
    main.o(i.main) refers to main.o(.bss) for current_location
    tm4c123_gh6pm_uart.o(i.UART_OutString) refers to tm4c123_gh6pm_uart.o(i.UART_OutChar) for UART_OutChar
    tm4c123_gh6pm_uart.o(i.UART_Outint) refers to printfa.o(i.__0sprintf) for __2sprintf
    tm4c123_gh6pm_uart.o(i.UART_Outint) refers to tm4c123_gh6pm_uart.o(i.UART_OutString) for UART_OutString
    tm4c123_gh6pm_uart.o(i.getCommand1) refers to tm4c123_gh6pm_uart.o(i.UART_InChar) for UART_InChar
    tm4c123_gh6pm_uart.o(i.getCommand1) refers to tm4c123_gh6pm_uart.o(i.UART_OutChar) for UART_OutChar
    tm4c123_gh6pm_uart.o(i.getCommand1) refers to tm4c123_gh6pm_uart.o(i.UART_OutString) for UART_OutString
    lcd.o(i.LCD_Print_float) refers to f2d.o(.text) for __aeabi_f2d
    lcd.o(i.LCD_Print_float) refers to printfa.o(i.__0sprintf) for __2sprintf
    lcd.o(i.LCD_Print_float) refers to lcd.o(i.lcd_string) for lcd_string
    lcd.o(i.LCD_Print_int) refers to printfa.o(i.__0sprintf) for __2sprintf
    lcd.o(i.LCD_Print_int) refers to lcd.o(i.lcd_string) for lcd_string
    lcd.o(i.LCD_init) refers to lcd.o(i.SysTick_Init) for SysTick_Init
    lcd.o(i.LCD_init) refers to lcd.o(i.lcd_cmd) for lcd_cmd
    lcd.o(i.LCD_init) refers to lcd.o(i.delay_ms) for delay_ms
    lcd.o(i.delay_ms) refers to lcd.o(i.SysTick_Wait_1_ms) for SysTick_Wait_1_ms
    lcd.o(i.lcd_cmd) refers to lcd.o(i.passdata) for passdata
    lcd.o(i.lcd_cmd) refers to lcd.o(i.delay_ms) for delay_ms
    lcd.o(i.lcd_data) refers to lcd.o(i.passdata) for passdata
    lcd.o(i.lcd_data) refers to lcd.o(i.delay_ms) for delay_ms
    lcd.o(i.lcd_string) refers to lcd.o(i.lcd_data) for lcd_data
    gps.o(i.GPS_Get_Current_location) refers to memseta.o(.text) for __aeabi_memclr4
    gps.o(i.GPS_Get_Current_location) refers to gps.o(i.GPS_Get_message) for GPS_Get_message
    gps.o(i.GPS_Get_Current_location) refers to tm4c123_gh6pm_uart.o(i.UART_OutString) for UART_OutString
    gps.o(i.GPS_Get_Current_location) refers to tm4c123_gh6pm_uart.o(i.UART_Outint) for UART_Outint
    gps.o(i.GPS_Get_Current_location) refers to lcd.o(i.lcd_cmd) for lcd_cmd
    gps.o(i.GPS_Get_Current_location) refers to lcd.o(i.lcd_string) for lcd_string
    gps.o(i.GPS_Get_Current_location) refers to lcd.o(i.LCD_Print_int) for LCD_Print_int
    gps.o(i.GPS_Get_Current_location) refers to strstr.o(.text) for strstr
    gps.o(i.GPS_Get_Current_location) refers to strncpy.o(.text) for strncpy
    gps.o(i.GPS_Get_Current_location) refers to atof.o(i.__hardfp_atof) for __hardfp_atof
    gps.o(i.GPS_Get_Current_location) refers to ddiv.o(.text) for __aeabi_ddiv
    gps.o(i.GPS_Get_Current_location) refers to d2f.o(.text) for __aeabi_d2f
    gps.o(i.GPS_Get_Current_location) refers to floorf.o(i.__hardfp_floorf) for __hardfp_floorf
    gps.o(i.GPS_Get_Current_location) refers to fmodf.o(i.__hardfp_fmodf) for __hardfp_fmodf
    gps.o(i.GPS_Get_Current_location) refers to f2d.o(.text) for __aeabi_f2d
    gps.o(i.GPS_Get_Current_location) refers to printfa.o(i.__0sprintf) for __2sprintf
    gps.o(i.GPS_Get_Current_location) refers to gps.o(i.GPS_Set_Landmark) for GPS_Set_Landmark
    gps.o(i.GPS_Get_Current_location) refers to gps.o(.data) for Inv_read
    gps.o(i.GPS_Get_message) refers to tm4c123_gh6pm_uart.o(i.UART_InChar) for UART_InChar
    gps.o(i.GPS_Set_Landmark) refers to f2d.o(.text) for __aeabi_f2d
    gps.o(i.GPS_Set_Landmark) refers to dmul.o(.text) for __aeabi_dmul
    gps.o(i.GPS_Set_Landmark) refers to ddiv.o(.text) for __aeabi_ddiv
    gps.o(i.GPS_Set_Landmark) refers to d2f.o(.text) for __aeabi_d2f
    gps.o(i.GPS_Set_Landmark) refers to sin.o(i.__hardfp_sin) for __hardfp_sin
    gps.o(i.GPS_Set_Landmark) refers to cos.o(i.__hardfp_cos) for __hardfp_cos
    gps.o(i.GPS_Set_Landmark) refers to dadd.o(.text) for __aeabi_dadd
    gps.o(i.GPS_Set_Landmark) refers to sqrt.o(i.__hardfp_sqrt) for __hardfp_sqrt
    gps.o(i.GPS_Set_Landmark) refers to atan2.o(i.__hardfp_atan2) for __hardfp_atan2
    gps.o(i.GPS_Set_Landmark) refers to strncpy.o(.text) for strncpy
    gps.o(i.GPS_Set_Landmark) refers to gps.o(.data) for landmarks
    startup_tm4c123.o(RESET) refers to startup_tm4c123.o(STACK) for __initial_sp
    startup_tm4c123.o(RESET) refers to startup_tm4c123.o(.text) for Reset_Handler
    startup_tm4c123.o(.text) refers to entry.o(.ARM.Collect$$$$00000000) for __main
    system_tm4c123.o(i.SystemCoreClockUpdate) refers to system_tm4c123.o(i.getOscClk) for getOscClk
    system_tm4c123.o(i.SystemCoreClockUpdate) refers to system_tm4c123.o(.data) for SystemCoreClock
[...]
    printf2.o(i.__0snprintf$2) refers to printf2.o(i._snputc) for _snputc
    printf2.o(i.__0sprintf$2) refers to printf2.o(i._printf_core) for _printf_core
    printf2.o(i.__0sprintf$2) refers to printf2.o(i._sputc) for _sputc
    printf2.o(i.__0vfprintf$2) refers to printf2.o(i._printf_core) for _printf_core
    printf2.o(i.__0vfprintf$2) refers to fputc.o(i.fputc) for fputc
    printf2.o(i.__0vprintf$2) refers to printf2.o(i._printf_core) for _printf_core
    printf2.o(i.__0vprintf$2) refers to fputc.o(i.fputc) for fputc
    printf2.o(i.__0vprintf$2) refers to stdout.o(.data) for __stdout
    printf2.o(i.__0vsnprintf$2) refers to printf2.o(i._printf_core) for _printf_core
    printf2.o(i.__0vsnprintf$2) refers to printf2.o(i._snputc) for _snputc
    printf2.o(i.__0vsprintf$2) refers to printf2.o(i._printf_core) for _printf_core
    printf2.o(i.__0vsprintf$2) refers to printf2.o(i._sputc) for _sputc
    printf3.o(i.__0fprintf$3) refers to printf3.o(i._printf_core) for _printf_core
    printf3.o(i.__0fprintf$3) refers to fputc.o(i.fputc) for fputc
    printf3.o(i.__0printf$3) refers to printf3.o(i._printf_core) for _printf_core
    printf3.o(i.__0printf$3) refers to fputc.o(i.fputc) for fputc
    printf3.o(i.__0printf$3) refers to stdout.o(.data) for __stdout
    printf3.o(i.__0snprintf$3) refers to printf3.o(i._printf_core) for _printf_core
    printf3.o(i.__0snprintf$3) refers to printf3.o(i._snputc) for _snputc
    printf3.o(i.__0sprintf$3) refers to printf3.o(i._printf_core) for _printf_core
    printf3.o(i.__0sprintf$3) refers to printf3.o(i._sputc) for _sputc
    printf3.o(i.__0vfprintf$3) refers to printf3.o(i._printf_core) for _printf_core
    printf3.o(i.__0vfprintf$3) refers to fputc.o(i.fputc) for fputc
    printf3.o(i.__0vprintf$3) refers to printf3.o(i._printf_core) for _printf_core
    printf3.o(i.__0vprintf$3) refers to fputc.o(i.fputc) for fputc
    printf3.o(i.__0vprintf$3) refers to stdout.o(.data) for __stdout
    printf3.o(i.__0vsnprintf$3) refers to printf3.o(i._printf_core) for _printf_core
    printf3.o(i.__0vsnprintf$3) refers to printf3.o(i._snputc) for _snputc
    printf3.o(i.__0vsprintf$3) refers to printf3.o(i._printf_core) for _printf_core
    printf3.o(i.__0vsprintf$3) refers to printf3.o(i._sputc) for _sputc
    printf3.o(i._printf_core) refers to uidiv.o(.text) for __aeabi_uidivmod
    printf4.o(i.__0fprintf$4) refers to printf4.o(i._printf_core) for _printf_core
    printf4.o(i.__0fprintf$4) refers to fputc.o(i.fputc) for fputc
    printf4.o(i.__0printf$4) refers to printf4.o(i._printf_core) for _printf_core
    printf4.o(i.__0printf$4) refers to fputc.o(i.fputc) for fputc
    printf4.o(i.__0printf$4) refers to stdout.o(.data) for __stdout
    printf4.o(i.__0snprintf$4) refers to printf4.o(i._printf_core) for _printf_core
    printf4.o(i.__0snprintf$4) refers to printf4.o(i._snputc) for _snputc
    printf4.o(i.__0sprintf$4) refers to printf4.o(i._printf_core) for _printf_core
    printf4.o(i.__0sprintf$4) refers to printf4.o(i._sputc) for _sputc
    printf4.o(i.__0vfprintf$4) refers to printf4.o(i._printf_core) for _printf_core
    printf4.o(i.__0vfprintf$4) refers to fputc.o(i.fputc) for fputc
    printf4.o(i.__0vprintf$4) refers to printf4.o(i._printf_core) for _printf_core
    printf4.o(i.__0vprintf$4) refers to fputc.o(i.fputc) for fputc
    printf4.o(i.__0vprintf$4) refers to stdout.o(.data) for __stdout
    printf4.o(i.__0vsnprintf$4) refers to printf4.o(i._printf_core) for _printf_core
    printf4.o(i.__0vsnprintf$4) refers to printf4.o(i._snputc) for _snputc
    printf4.o(i.__0vsprintf$4) refers to printf4.o(i._printf_core) for _printf_core
    printf4.o(i.__0vsprintf$4) refers to printf4.o(i._sputc) for _sputc
    printf4.o(i._printf_core) refers to uldiv.o(.text) for __aeabi_uldivmod
    printf5.o(i.__0fprintf$5) refers to printf5.o(i._printf_core) for _printf_core
    printf5.o(i.__0fprintf$5) refers to fputc.o(i.fputc) for fputc
    printf5.o(i.__0printf$5) refers to printf5.o(i._printf_core) for _printf_core
    printf5.o(i.__0printf$5) refers to fputc.o(i.fputc) for fputc
    printf5.o(i.__0printf$5) refers to stdout.o(.data) for __stdout
    printf5.o(i.__0snprintf$5) refers to printf5.o(i._printf_core) for _printf_core
    printf5.o(i.__0snprintf$5) refers to printf5.o(i._snputc) for _snputc
    printf5.o(i.__0sprintf$5) refers to printf5.o(i._printf_core) for _printf_core
    printf5.o(i.__0sprintf$5) refers to printf5.o(i._sputc) for _sputc
    printf5.o(i.__0vfprintf$5) refers to printf5.o(i._printf_core) for _printf_core
    printf5.o(i.__0vfprintf$5) refers to fputc.o(i.fputc) for fputc
    printf5.o(i.__0vprintf$5) refers to printf5.o(i._printf_core) for _printf_core
    printf5.o(i.__0vprintf$5) refers to fputc.o(i.fputc) for fputc
    printf5.o(i.__0vprintf$5) refers to stdout.o(.data) for __stdout
    printf5.o(i.__0vsnprintf$5) refers to printf5.o(i._printf_core) for _printf_core
    printf5.o(i.__0vsnprintf$5) refers to printf5.o(i._snputc) for _snputc
    printf5.o(i.__0vsprintf$5) refers to printf5.o(i._printf_core) for _printf_core
    printf5.o(i.__0vsprintf$5) refers to printf5.o(i._sputc) for _sputc
    printf5.o(i._printf_core) refers to uldiv.o(.text) for __aeabi_uldivmod
    printf6.o(i.__0fprintf$6) refers to printf6.o(i._printf_core) for _printf_core
    printf6.o(i.__0fprintf$6) refers to fputc.o(i.fputc) for fputc
    printf6.o(i.__0printf$6) refers to printf6.o(i._printf_core) for _printf_core
    printf6.o(i.__0printf$6) refers to fputc.o(i.fputc) for fputc
    printf6.o(i.__0printf$6) refers to stdout.o(.data) for __stdout
    printf6.o(i.__0snprintf$6) refers to printf6.o(i._printf_core) for _printf_core
    printf6.o(i.__0snprintf$6) refers to printf6.o(i._snputc) for _snputc
    printf6.o(i.__0sprintf$6) refers to printf6.o(i._printf_core) for _printf_core
    printf6.o(i.__0sprintf$6) refers to printf6.o(i._sputc) for _sputc
    printf6.o(i.__0vfprintf$6) refers to printf6.o(i._printf_core) for _printf_core
    printf6.o(i.__0vfprintf$6) refers to fputc.o(i.fputc) for fputc
    printf6.o(i.__0vprintf$6) refers to printf6.o(i._printf_core) for _printf_core
    printf6.o(i.__0vprintf$6) refers to fputc.o(i.fputc) for fputc
    printf6.o(i.__0vprintf$6) refers to stdout.o(.data) for __stdout
    printf6.o(i.__0vsnprintf$6) refers to printf6.o(i._printf_core) for _printf_core
    printf6.o(i.__0vsnprintf$6) refers to printf6.o(i._snputc) for _snputc
    printf6.o(i.__0vsprintf$6) refers to printf6.o(i._printf_core) for _printf_core
    printf6.o(i.__0vsprintf$6) refers to printf6.o(i._sputc) for _sputc
    printf6.o(i._printf_core) refers to printf6.o(i._printf_pre_padding) for _printf_pre_padding
    printf6.o(i._printf_core) refers to uidiv.o(.text) for __aeabi_uidivmod
    printf6.o(i._printf_core) refers to printf6.o(i._printf_post_padding) for _printf_post_padding
    printf7.o(i.__0fprintf$7) refers to printf7.o(i._printf_core) for _printf_core
    printf7.o(i.__0fprintf$7) refers to fputc.o(i.fputc) for fputc
    printf7.o(i.__0printf$7) refers to printf7.o(i._printf_core) for _printf_core
    printf7.o(i.__0printf$7) refers to fputc.o(i.fputc) for fputc
    printf7.o(i.__0printf$7) refers to stdout.o(.data) for __stdout
    printf7.o(i.__0snprintf$7) refers to printf7.o(i._printf_core) for _printf_core
    printf7.o(i.__0snprintf$7) refers to printf7.o(i._snputc) for _snputc
    printf7.o(i.__0sprintf$7) refers to printf7.o(i._printf_core) for _printf_core
    printf7.o(i.__0sprintf$7) refers to printf7.o(i._sputc) for _sputc
    printf7.o(i.__0vfprintf$7) refers to printf7.o(i._printf_core) for _printf_core
    printf7.o(i.__0vfprintf$7) refers to fputc.o(i.fputc) for fputc
    printf7.o(i.__0vprintf$7) refers to printf7.o(i._printf_core) for _printf_core
    printf7.o(i.__0vprintf$7) refers to fputc.o(i.fputc) for fputc
    printf7.o(i.__0vprintf$7) refers to stdout.o(.data) for __stdout
    printf7.o(i.__0vsnprintf$7) refers to printf7.o(i._printf_core) for _printf_core
    printf7.o(i.__0vsnprintf$7) refers to printf7.o(i._snputc) for _snputc
    printf7.o(i.__0vsprintf$7) refers to printf7.o(i._printf_core) for _printf_core
    printf7.o(i.__0vsprintf$7) refers to printf7.o(i._sputc) for _sputc
    printf7.o(i._printf_core) refers to printf7.o(i._printf_pre_padding) for _printf_pre_padding
    printf7.o(i._printf_core) refers to uldiv.o(.text) for __aeabi_uldivmod
    printf7.o(i._printf_core) refers to printf7.o(i._printf_post_padding) for _printf_post_padding
    printf8.o(i.__0fprintf$8) refers to printf8.o(i._printf_core) for _printf_core
    printf8.o(i.__0fprintf$8) refers to fputc.o(i.fputc) for fputc
    printf8.o(i.__0printf$8) refers to printf8.o(i._printf_core) for _printf_core
    printf8.o(i.__0printf$8) refers to fputc.o(i.fputc) for fputc
    printf8.o(i.__0printf$8) refers to stdout.o(.data) for __stdout
    printf8.o(i.__0snprintf$8) refers to printf8.o(i._printf_core) for _printf_core
    printf8.o(i.__0snprintf$8) refers to printf8.o(i._snputc) for _snputc
    printf8.o(i.__0sprintf$8) refers to printf8.o(i._printf_core) for _printf_core
    printf8.o(i.__0sprintf$8) refers to printf8.o(i._sputc) for _sputc
    printf8.o(i.__0vfprintf$8) refers to printf8.o(i._printf_core) for _printf_core
    printf8.o(i.__0vfprintf$8) refers to fputc.o(i.fputc) for fputc
    printf8.o(i.__0vprintf$8) refers to printf8.o(i._printf_core) for _printf_core
    printf8.o(i.__0vprintf$8) refers to fputc.o(i.fputc) for fputc
    printf8.o(i.__0vprintf$8) refers to stdout.o(.data) for __stdout
    printf8.o(i.__0vsnprintf$8) refers to printf8.o(i._printf_core) for _printf_core
    printf8.o(i.__0vsnprintf$8) refers to printf8.o(i._snputc) for _snputc
    printf8.o(i.__0vsprintf$8) refers to printf8.o(i._printf_core) for _printf_core
    printf8.o(i.__0vsprintf$8) refers to printf8.o(i._sputc) for _sputc
    printf8.o(i._printf_core) refers to printf8.o(i._printf_pre_padding) for _printf_pre_padding
    printf8.o(i._printf_core) refers to uldiv.o(.text) for __aeabi_uldivmod
    printf8.o(i._printf_core) refers to printf8.o(i._printf_post_padding) for _printf_post_padding
    printfa.o(i.__0fprintf) refers (Special) to iusefp.o(.text) for __I$use$fp
    printfa.o(i.__0fprintf) refers to printfa.o(i._printf_core) for _printf_core
    printfa.o(i.__0fprintf) refers to fputc.o(i.fputc) for fputc
    printfa.o(i.__0printf) refers (Special) to iusefp.o(.text) for __I$use$fp
    printfa.o(i.__0printf) refers to printfa.o(i._printf_core) for _printf_core
    printfa.o(i.__0printf) refers to fputc.o(i.fputc) for fputc
    printfa.o(i.__0printf) refers to stdout.o(.data) for __stdout
    printfa.o(i.__0snprintf) refers (Special) to iusefp.o(.text) for __I$use$fp
    printfa.o(i.__0snprintf) refers to printfa.o(i._printf_core) for _printf_core
    printfa.o(i.__0snprintf) refers to printfa.o(i._snputc) for _snputc
    printfa.o(i.__0sprintf) refers (Special) to iusefp.o(.text) for __I$use$fp
    printfa.o(i.__0sprintf) refers to printfa.o(i._printf_core) for _printf_core
    printfa.o(i.__0sprintf) refers to printfa.o(i._sputc) for _sputc
    printfa.o(i.__0vfprintf) refers (Special) to iusefp.o(.text) for __I$use$fp
    printfa.o(i.__0vfprintf) refers to printfa.o(i._printf_core) for _printf_core
    printfa.o(i.__0vfprintf) refers to fputc.o(i.fputc) for fputc
    printfa.o(i.__0vprintf) refers (Special) to iusefp.o(.text) for __I$use$fp
    printfa.o(i.__0vprintf) refers to printfa.o(i._printf_core) for _printf_core
    printfa.o(i.__0vprintf) refers to fputc.o(i.fputc) for fputc
    printfa.o(i.__0vprintf) refers to stdout.o(.data) for __stdout
    printfa.o(i.__0vsnprintf) refers (Special) to iusefp.o(.text) for __I$use$fp
    printfa.o(i.__0vsnprintf) refers to printfa.o(i._printf_core) for _printf_core
    printfa.o(i.__0vsnprintf) refers to printfa.o(i._snputc) for _snputc
    printfa.o(i.__0vsprintf) refers (Special) to iusefp.o(.text) for __I$use$fp
    printfa.o(i.__0vsprintf) refers to printfa.o(i._printf_core) for _printf_core
    printfa.o(i.__0vsprintf) refers to printfa.o(i._sputc) for _sputc
    printfa.o(i._fp_digits) refers (Special) to iusefp.o(.text) for __I$use$fp
    printfa.o(i._fp_digits) refers to dmul.o(.text) for __aeabi_dmul
    printfa.o(i._fp_digits) refers to ddiv.o(.text) for __aeabi_ddiv
    printfa.o(i._fp_digits) refers to cdrcmple.o(.text) for __aeabi_cdrcmple
    printfa.o(i._fp_digits) refers to dadd.o(.text) for __aeabi_dadd
    printfa.o(i._fp_digits) refers to dfixul.o(.text) for __aeabi_d2ulz
    printfa.o(i._fp_digits) refers to uldiv.o(.text) for __aeabi_uldivmod
    printfa.o(i._printf_core) refers (Special) to iusefp.o(.text) for __I$use$fp
    printfa.o(i._printf_core) refers to printfa.o(i._printf_pre_padding) for _printf_pre_padding
    printfa.o(i._printf_core) refers to uldiv.o(.text) for __aeabi_uldivmod
    printfa.o(i._printf_core) refers to printfa.o(i._printf_post_padding) for _printf_post_padding
    printfa.o(i._printf_core) refers to printfa.o(i._fp_digits) for _fp_digits
    printfa.o(i._printf_core) refers to uidiv.o(.text) for __aeabi_uidivmod
    printfa.o(i._printf_post_padding) refers (Special) to iusefp.o(.text) for __I$use$fp
    printfa.o(i._printf_pre_padding) refers (Special) to iusefp.o(.text) for __I$use$fp
    printfa.o(i._snputc) refers (Special) to iusefp.o(.text) for __I$use$fp
    printfa.o(i._sputc) refers (Special) to iusefp.o(.text) for __I$use$fp
    dadd.o(.text) refers (Special) to iusefp.o(.text) for __I$use$fp
    dadd.o(.text) refers to llshl.o(.text) for __aeabi_llsl
    dadd.o(.text) refers to llsshr.o(.text) for __aeabi_lasr
    dadd.o(.text) refers to depilogue.o(.text) for _double_epilogue
    dmul.o(.text) refers (Special) to iusefp.o(.text) for __I$use$fp
    dmul.o(.text) refers to depilogue.o(.text) for _double_epilogue
    ddiv.o(.text) refers (Special) to iusefp.o(.text) for __I$use$fp
    ddiv.o(.text) refers to depilogue.o(.text) for _double_round
    f2d.o(.text) refers (Special) to iusefp.o(.text) for __I$use$fp
    d2f.o(.text) refers (Special) to iusefp.o(.text) for __I$use$fp
    d2f.o(.text) refers to fepilogue.o(.text) for _float_round
    atan.o(i.__hardfp_atan) refers (Special) to iusefp.o(.text) for __I$use$fp
    atan.o(i.__hardfp_atan) refers to dunder.o(i.__mathlib_dbl_infnan) for __mathlib_dbl_infnan
    atan.o(i.__hardfp_atan) refers to fpclassify.o(i.__ARM_fpclassify) for __ARM_fpclassify
    atan.o(i.__hardfp_atan) refers to dunder.o(i.__mathlib_dbl_underflow) for __mathlib_dbl_underflow
    atan.o(i.__hardfp_atan) refers to fabs.o(i.fabs) for fabs
    atan.o(i.__hardfp_atan) refers to dadd.o(.text) for __aeabi_dadd
    atan.o(i.__hardfp_atan) refers to dmul.o(.text) for __aeabi_dmul
    atan.o(i.__hardfp_atan) refers to ddiv.o(.text) for __aeabi_ddiv
    atan.o(i.__hardfp_atan) refers to poly.o(i.__kernel_poly) for __kernel_poly
    atan.o(i.__hardfp_atan) refers to atan.o(.constdata) for .constdata
    atan.o(i.__softfp_atan) refers (Special) to iusefp.o(.text) for __I$use$fp
    atan.o(i.__softfp_atan) refers to atan.o(i.__hardfp_atan) for __hardfp_atan
    atan.o(i.atan) refers (Special) to iusefp.o(.text) for __I$use$fp
    atan.o(i.atan) refers to atan.o(i.__hardfp_atan) for __hardfp_atan
    atan.o(.constdata) refers (Special) to iusefp.o(.text) for __I$use$fp
    atan_x.o(i.____hardfp_atan$lsc) refers (Special) to iusefp.o(.text) for __I$use$fp
    atan_x.o(i.____hardfp_atan$lsc) refers to dunder.o(i.__mathlib_dbl_infnan) for __mathlib_dbl_infnan
    atan_x.o(i.____hardfp_atan$lsc) refers to fabs.o(i.fabs) for fabs
    atan_x.o(i.____hardfp_atan$lsc) refers to dadd.o(.text) for __aeabi_dadd
    atan_x.o(i.____hardfp_atan$lsc) refers to dmul.o(.text) for __aeabi_dmul
    atan_x.o(i.____hardfp_atan$lsc) refers to ddiv.o(.text) for __aeabi_ddiv
    atan_x.o(i.____hardfp_atan$lsc) refers to poly.o(i.__kernel_poly) for __kernel_poly
    atan_x.o(i.____hardfp_atan$lsc) refers to atan_x.o(.constdata) for .constdata
    atan_x.o(i.____softfp_atan$lsc) refers (Special) to iusefp.o(.text) for __I$use$fp
    atan_x.o(i.____softfp_atan$lsc) refers to atan_x.o(i.____hardfp_atan$lsc) for ____hardfp_atan$lsc
    atan_x.o(i.__atan$lsc) refers (Special) to iusefp.o(.text) for __I$use$fp
    atan_x.o(i.__atan$lsc) refers to atan_x.o(i.____hardfp_atan$lsc) for ____hardfp_atan$lsc
    atan_x.o(.constdata) refers (Special) to iusefp.o(.text) for __I$use$fp
    cos_i.o(i.__kernel_cos) refers (Special) to iusefp.o(.text) for __I$use$fp
    cos_i.o(i.__kernel_cos) refers to dfixi.o(.text) for __aeabi_d2iz
    cos_i.o(i.__kernel_cos) refers to dmul.o(.text) for __aeabi_dmul
    cos_i.o(i.__kernel_cos) refers to poly.o(i.__kernel_poly) for __kernel_poly
    cos_i.o(i.__kernel_cos) refers to dadd.o(.text) for __aeabi_dsub
    cos_i.o(i.__kernel_cos) refers to cos_i.o(.constdata) for .constdata
    cos_i.o(.constdata) refers (Special) to iusefp.o(.text) for __I$use$fp
    dunder.o(i.__mathlib_dbl_divzero) refers to ddiv.o(.text) for __aeabi_ddiv
    dunder.o(i.__mathlib_dbl_infnan) refers to dadd.o(.text) for __aeabi_dadd
    dunder.o(i.__mathlib_dbl_infnan2) refers to dadd.o(.text) for __aeabi_dadd
    dunder.o(i.__mathlib_dbl_invalid) refers to ddiv.o(.text) for __aeabi_ddiv
    dunder.o(i.__mathlib_dbl_overflow) refers to dmul.o(.text) for __aeabi_dmul
    dunder.o(i.__mathlib_dbl_posinfnan) refers to dmul.o(.text) for __aeabi_dmul
    dunder.o(i.__mathlib_dbl_underflow) refers to dmul.o(.text) for __aeabi_dmul
    fabs.o(i.__hardfp_fabs) refers (Special) to iusefp.o(.text) for __I$use$fp
    fabs.o(i.__softfp_fabs) refers (Special) to iusefp.o(.text) for __I$use$fp
    fabs.o(i.fabs) refers (Special) to iusefp.o(.text) for __I$use$fp
    qnan.o(.constdata) refers (Special) to iusefp.o(.text) for __I$use$fp
    rred.o(i.__ieee754_rem_pio2) refers (Special) to iusefp.o(.text) for __I$use$fp
    rred.o(i.__ieee754_rem_pio2) refers to dadd.o(.text) for __aeabi_dsub
    rred.o(i.__ieee754_rem_pio2) refers to fabs.o(i.fabs) for fabs
    rred.o(i.__ieee754_rem_pio2) refers to dmul.o(.text) for __aeabi_dmul
    rred.o(i.__ieee754_rem_pio2) refers to dfixi.o(.text) for __aeabi_d2iz
    rred.o(i.__ieee754_rem_pio2) refers to dflti.o(.text) for __aeabi_i2d
    rred.o(i.__ieee754_rem_pio2) refers to dfltui.o(.text) for __aeabi_ui2d
    rred.o(i.__ieee754_rem_pio2) refers to rred.o(.constdata) for .constdata
    rred.o(i.__use_accurate_range_reduction) refers (Special) to iusefp.o(.text) for __I$use$fp
    rred.o(.constdata) refers (Special) to iusefp.o(.text) for __I$use$fp
    sin_i.o(i.__kernel_sin) refers (Special) to iusefp.o(.text) for __I$use$fp
    sin_i.o(i.__kernel_sin) refers to fpclassify.o(i.__ARM_fpclassify) for __ARM_fpclassify
    sin_i.o(i.__kernel_sin) refers to dunder.o(i.__mathlib_dbl_underflow) for __mathlib_dbl_underflow
    sin_i.o(i.__kernel_sin) refers to dmul.o(.text) for __aeabi_dmul
    sin_i.o(i.__kernel_sin) refers to poly.o(i.__kernel_poly) for __kernel_poly
    sin_i.o(i.__kernel_sin) refers to dadd.o(.text) for __aeabi_dsub
    sin_i.o(i.__kernel_sin) refers to sin_i.o(.constdata) for .constdata
    sin_i.o(.constdata) refers (Special) to iusefp.o(.text) for __I$use$fp
    sin_i_x.o(i.____kernel_sin$lsc) refers (Special) to iusefp.o(.text) for __I$use$fp
    sin_i_x.o(i.____kernel_sin$lsc) refers to dmul.o(.text) for __aeabi_dmul
    sin_i_x.o(i.____kernel_sin$lsc) refers to poly.o(i.__kernel_poly) for __kernel_poly
    sin_i_x.o(i.____kernel_sin$lsc) refers to dadd.o(.text) for __aeabi_dsub
    sin_i_x.o(i.____kernel_sin$lsc) refers to sin_i_x.o(.constdata) for .constdata
    sin_i_x.o(.constdata) refers (Special) to iusefp.o(.text) for __I$use$fp
    entry2.o(.ARM.Collect$$$$00000001) refers to entry2.o(.ARM.Collect$$$$00002712) for __lit__00000000
    entry2.o(.ARM.Collect$$$$00002712) refers to startup_tm4c123.o(STACK) for __initial_sp
    entry2.o(__vectab_stack_and_reset_area) refers to startup_tm4c123.o(STACK) for __initial_sp
    entry2.o(__vectab_stack_and_reset_area) refers to entry.o(.ARM.Collect$$$$00000000) for __main
    entry5.o(.ARM.Collect$$$$00000004) refers to init.o(.text) for __scatterload
    entry9a.o(.ARM.Collect$$$$0000000B) refers to main.o(i.main) for main
    entry9b.o(.ARM.Collect$$$$0000000C) refers to main.o(i.main) for main
    fputc.o(i.fputc) refers (Special) to iusesemip.o(.text) for __I$use$semihosting$fputc
    fputc.o(i.fputc) refers (Special) to semi.o(.text) for __semihosting_library_function
    uldiv.o(.text) refers to llushr.o(.text) for __aeabi_llsr
    uldiv.o(.text) refers to llshl.o(.text) for __aeabi_llsl
    errno.o(i.__aeabi_errno_addr) refers to errno.o(.data) for .data
    errno.o(i.__read_errno) refers to errno.o(.data) for .data
    errno.o(i.__set_errno) refers to errno.o(.data) for .data
    strtod.o(.text) refers to scanf_fp.o(.text) for _scanf_real
    strtod.o(.text) refers to _sgetc.o(.text) for _sgetc
    strtod.o(.text) refers to isspace_c.o(.text) for isspace
    frem.o(.text) refers to fepilogue.o(.text) for _float_epilogue
    depilogue.o(.text) refers to llshl.o(.text) for __aeabi_llsl
    depilogue.o(.text) refers to llushr.o(.text) for __aeabi_llsr
    dsqrt.o(.text) refers to llushr.o(.text) for __aeabi_llsr
    dsqrt.o(.text) refers to depilogue.o(.text) for _double_round
    dfixul.o(.text) refers to llushr.o(.text) for __aeabi_llsr
    dfixul.o(.text) refers to llshl.o(.text) for __aeabi_llsl
    fpclassify.o(i.__ARM_fpclassify) refers (Special) to iusefp.o(.text) for __I$use$fp
    poly.o(i.__kernel_poly) refers (Special) to iusefp.o(.text) for __I$use$fp
    poly.o(i.__kernel_poly) refers to dmul.o(.text) for __aeabi_dmul
    poly.o(i.__kernel_poly) refers to dadd.o(.text) for __aeabi_dadd
    init.o(.text) refers to entry5.o(.ARM.Collect$$$$00000004) for __main_after_scatterload
    isspace_c.o(.text) refers to ctype_c.o(.text) for __ctype_lookup
    scanf_fp.o(.text) refers (Special) to iusefp.o(.text) for __I$use$fp
    scanf_fp.o(.text) refers to dfltul.o(.text) for __aeabi_ul2d
    scanf_fp.o(.text) refers to dmul.o(.text) for __aeabi_dmul
    scanf_fp.o(.text) refers to ddiv.o(.text) for __aeabi_ddiv
    scanf_fp.o(.text) refers to scanf_fp.o(i._is_digit) for _is_digit
    scanf_fp.o(.text) refers to d2f.o(.text) for __aeabi_d2f
    dflti.o(.text) refers to depilogue.o(.text) for _double_epilogue
    dfltui.o(.text) refers to depilogue.o(.text) for _double_epilogue
    dfixi.o(.text) refers to llushr.o(.text) for __aeabi_llsr
    ctype_c.o(.text) refers to ctype_c.o(.constdata) for .constdata
    dfltul.o(.text) refers to depilogue.o(.text) for _double_epilogue
    scanf_fp.o(i._is_digit) refers (Special) to iusefp.o(.text) for __I$use$fp


==============================================================================

Removing Unused input sections from the image.

    Removing main.o(.rev16_text), (4 bytes).
    Removing main.o(.revsh_text), (4 bytes).
    Removing main.o(.rrx_text), (6 bytes).
    Removing tm4c123_gh6pm_gpio.o(i.GPIO_init), (484 bytes).
    Removing tm4c123_gh6pm_uart.o(i.PortF_init), (160 bytes).
    Removing tm4c123_gh6pm_uart.o(i.RGB_ClearOutput), (24 bytes).
    Removing tm4c123_gh6pm_uart.o(i.RGB_SetOutput), (24 bytes).
    Removing tm4c123_gh6pm_uart.o(i.getCommand1), (56 bytes).
    Removing tm4c123_gh6pm_uart.o(.bss), (128 bytes).
    Removing tm4c123_gh6pm_uart.o(.constdata), (4 bytes).
    Removing lcd.o(.rev16_text), (4 bytes).
    Removing lcd.o(.revsh_text), (4 bytes).
    Removing lcd.o(.rrx_text), (6 bytes).
    Removing lcd.o(i.LCD_Print_float), (60 bytes).
    Removing gps.o(.rev16_text), (4 bytes).
    Removing gps.o(.revsh_text), (4 bytes).
    Removing gps.o(.rrx_text), (6 bytes).
    Removing gps.o(i.GPS_Display_region), (2 bytes).
    Removing gps.o(.constdata), (8 bytes).
    Removing startup_tm4c123.o(HEAP), (0 bytes).
    Removing system_tm4c123.o(.rev16_text), (4 bytes).
    Removing system_tm4c123.o(.revsh_text), (4 bytes).
    Removing system_tm4c123.o(.rrx_text), (6 bytes).
    Removing system_tm4c123.o(i.SystemCoreClockUpdate), (196 bytes).
    Removing system_tm4c123.o(i.SystemInit), (152 bytes).
    Removing system_tm4c123.o(i.getOscClk), (244 bytes).
    Removing system_tm4c123.o(.data), (4 bytes).
    Removing dneg.o(.text), (6 bytes).

28 unused section(s) (total 1608 bytes) removed from the image.

==============================================================================

Image Symbol Table

    Local Symbols

    Symbol Name                              Value     Ov Type        Size  Object(Section)

    RESET                                    0x00000000   Section      620  startup_tm4c123.o(RESET)
    ../clib/../cmprslib/zerorunl2.c          0x00000000   Number         0  __dczerorl2.o ABSOLUTE
    ../clib/microlib/ctype/ctype.c           0x00000000   Number         0  isspace_c.o ABSOLUTE
    ../clib/microlib/ctype/ctype.c           0x00000000   Number         0  ctype_c.o ABSOLUTE
    ../clib/microlib/division.c              0x00000000   Number         0  uidiv.o ABSOLUTE
    ../clib/microlib/division.c              0x00000000   Number         0  uldiv.o ABSOLUTE
    ../clib/microlib/errno.c                 0x00000000   Number         0  errno.o ABSOLUTE
    ../clib/microlib/init/entry.s            0x00000000   Number         0  entry9b.o ABSOLUTE
    ../clib/microlib/init/entry.s            0x00000000   Number         0  entry8a.o ABSOLUTE
    ../clib/microlib/init/entry.s            0x00000000   Number         0  entry7a.o ABSOLUTE
    ../clib/microlib/init/entry.s            0x00000000   Number         0  entry.o ABSOLUTE
    ../clib/microlib/init/entry.s            0x00000000   Number         0  entry7b.o ABSOLUTE
    ../clib/microlib/init/entry.s            0x00000000   Number         0  entry10a.o ABSOLUTE
    ../clib/microlib/init/entry.s            0x00000000   Number         0  entry11b.o ABSOLUTE
    ../clib/microlib/init/entry.s            0x00000000   Number         0  entry8b.o ABSOLUTE
    ../clib/microlib/init/entry.s            0x00000000   Number         0  entry5.o ABSOLUTE
    ../clib/microlib/init/entry.s            0x00000000   Number         0  entry9a.o ABSOLUTE
    ../clib/microlib/init/entry.s            0x00000000   Number         0  entry11a.o ABSOLUTE
    ../clib/microlib/init/entry.s            0x00000000   Number         0  entry10b.o ABSOLUTE
    ../clib/microlib/init/entry.s            0x00000000   Number         0  entry12b.o ABSOLUTE
    ../clib/microlib/init/entry.s            0x00000000   Number         0  entry2.o ABSOLUTE
    ../clib/microlib/init/entry.s            0x00000000   Number         0  entry12a.o ABSOLUTE
    ../clib/microlib/longlong.c              0x00000000   Number         0  llshl.o ABSOLUTE
    ../clib/microlib/longlong.c              0x00000000   Number         0  llsshr.o ABSOLUTE
    ../clib/microlib/longlong.c              0x00000000   Number         0  llushr.o ABSOLUTE
    ../clib/microlib/printf/printf.c         0x00000000   Number         0  printf7.o ABSOLUTE
    ../clib/microlib/printf/printf.c         0x00000000   Number         0  printfa.o ABSOLUTE
    ../clib/microlib/printf/printf.c         0x00000000   Number         0  printf8.o ABSOLUTE
    ../clib/microlib/printf/printf.c         0x00000000   Number         0  printfb.o ABSOLUTE
    ../clib/microlib/printf/printf.c         0x00000000   Number         0  printf0.o ABSOLUTE
    ../clib/microlib/printf/printf.c         0x00000000   Number         0  printf5.o ABSOLUTE
    ../clib/microlib/printf/printf.c         0x00000000   Number         0  printf1.o ABSOLUTE
    ../clib/microlib/printf/printf.c         0x00000000   Number         0  printf6.o ABSOLUTE
    ../clib/microlib/printf/printf.c         0x00000000   Number         0  printf2.o ABSOLUTE
    ../clib/microlib/printf/printf.c         0x00000000   Number         0  printf3.o ABSOLUTE
    ../clib/microlib/printf/printf.c         0x00000000   Number         0  printf4.o ABSOLUTE
    ../clib/microlib/printf/stubs.s          0x00000000   Number         0  stubs.o ABSOLUTE
    ../clib/microlib/stdio/fputc.c           0x00000000   Number         0  fputc.o ABSOLUTE
    ../clib/microlib/stdio/semi.s            0x00000000   Number         0  semi.o ABSOLUTE
    ../clib/microlib/stdio/streams.c         0x00000000   Number         0  stdout.o ABSOLUTE
    ../clib/microlib/string/memset.c         0x00000000   Number         0  memseta.o ABSOLUTE
    ../clib/microlib/string/strncpy.c        0x00000000   Number         0  strncpy.o ABSOLUTE
    ../clib/microlib/string/strstr.c         0x00000000   Number         0  strstr.o ABSOLUTE
    ../clib/microlib/stubs.s                 0x00000000   Number         0  iusefp.o ABSOLUTE
    ../clib/microlib/stubs.s                 0x00000000   Number         0  iusesemip.o ABSOLUTE
    ../clib/scanf.c                          0x00000000   Number         0  _sgetc.o ABSOLUTE
    ../clib/scanf.c                          0x00000000   Number         0  strtod.o ABSOLUTE
    ../clib/scanf.c                          0x00000000   Number         0  scanf_fp.o ABSOLUTE
    ../fplib/microlib/d2f.c                  0x00000000   Number         0  d2f.o ABSOLUTE
    ../fplib/microlib/f2d.c                  0x00000000   Number         0  f2d.o ABSOLUTE
    ../fplib/microlib/fpadd.c                0x00000000   Number         0  dadd.o ABSOLUTE
    ../fplib/microlib/fpdiv.c                0x00000000   Number         0  ddiv.o ABSOLUTE
    ../fplib/microlib/fpepilogue.c           0x00000000   Number         0  fepilogue.o ABSOLUTE
    ../fplib/microlib/fpepilogue.c           0x00000000   Number         0  depilogue.o ABSOLUTE
    ../fplib/microlib/fpfix.c                0x00000000   Number         0  dfixi.o ABSOLUTE
    ../fplib/microlib/fpfix.c                0x00000000   Number         0  dfixul.o ABSOLUTE
    ../fplib/microlib/fpflt.c                0x00000000   Number         0  dfltul.o ABSOLUTE
    ../fplib/microlib/fpflt.c                0x00000000   Number         0  dfltui.o ABSOLUTE
    ../fplib/microlib/fpflt.c                0x00000000   Number         0  dflti.o ABSOLUTE
    ../fplib/microlib/fpmul.c                0x00000000   Number         0  dmul.o ABSOLUTE
    ../fplib/microlib/fpneg.c                0x00000000   Number         0  dneg.o ABSOLUTE
    ../fplib/microlib/fprem.c                0x00000000   Number         0  frem.o ABSOLUTE
    ../fplib/microlib/fpsqrt.c               0x00000000   Number         0  dsqrt.o ABSOLUTE
    ../mathlib/atan.c                        0x00000000   Number         0  atan.o ABSOLUTE
    ../mathlib/atan.c                        0x00000000   Number         0  atan_x.o ABSOLUTE
    ../mathlib/atan2.c                       0x00000000   Number         0  atan2.o ABSOLUTE
    ../mathlib/atan2.c                       0x00000000   Number         0  atan2_x.o ABSOLUTE
    ../mathlib/atof.c                        0x00000000   Number         0  atof.o ABSOLUTE
    ../mathlib/cos.c                         0x00000000   Number         0  cos.o ABSOLUTE
    ../mathlib/cos.c                         0x00000000   Number         0  cos_x.o ABSOLUTE
    ../mathlib/cos_i.c                       0x00000000   Number         0  cos_i.o ABSOLUTE
    ../mathlib/dunder.c                      0x00000000   Number         0  dunder.o ABSOLUTE
    ../mathlib/fabs.c                        0x00000000   Number         0  fabs.o ABSOLUTE
    ../mathlib/floorf.c                      0x00000000   Number         0  floorf.o ABSOLUTE
    ../mathlib/fmodf.c                       0x00000000   Number         0  fmodf.o ABSOLUTE
    ../mathlib/fmodf.c                       0x00000000   Number         0  fmodf_x.o ABSOLUTE
    ../mathlib/fpclassify.c                  0x00000000   Number         0  fpclassify.o ABSOLUTE
    ../mathlib/funder.c                      0x00000000   Number         0  funder.o ABSOLUTE
    ../mathlib/poly.c                        0x00000000   Number         0  poly.o ABSOLUTE
    ../mathlib/qnan.c                        0x00000000   Number         0  qnan.o ABSOLUTE
    ../mathlib/rred.c                        0x00000000   Number         0  rred.o ABSOLUTE
    ../mathlib/sin.c                         0x00000000   Number         0  sin_x.o ABSOLUTE
    ../mathlib/sin.c                         0x00000000   Number         0  sin.o ABSOLUTE
    ../mathlib/sin_i.c                       0x00000000   Number         0  sin_i.o ABSOLUTE
    ../mathlib/sin_i.c                       0x00000000   Number         0  sin_i_x.o ABSOLUTE
    ../mathlib/sqrt.c                        0x00000000   Number         0  sqrt.o ABSOLUTE
    ../mathlib/sqrt.c                        0x00000000   Number         0  sqrt_x.o ABSOLUTE
    RTE\Device\TM4C123GH6PM\startup_TM4C123.s 0x00000000   Number         0  startup_tm4c123.o ABSOLUTE
    RTE\Device\TM4C123GH6PM\system_TM4C123.c 0x00000000   Number         0  system_tm4c123.o ABSOLUTE
    RTE\\Device\\TM4C123GH6PM\\system_TM4C123.c 0x00000000   Number         0  system_tm4c123.o ABSOLUTE
    TM4C123_GH6PM_Drivers\GPS_Driver\GPS.c   0x00000000   Number         0  gps.o ABSOLUTE
    TM4C123_GH6PM_Drivers\LCD_Driver\LCD.c   0x00000000   Number         0  lcd.o ABSOLUTE
    TM4C123_GH6PM_Drivers\Systick_Driver\Systick.c 0x00000000   Number         0  systick.o ABSOLUTE
    TM4C123_GH6PM_Drivers\TM4C123_GH6PM_GPIO.c 0x00000000   Number         0  tm4c123_gh6pm_gpio.o ABSOLUTE
    TM4C123_GH6PM_Drivers\TM4C123_GH6PM_UART.c 0x00000000   Number         0  tm4c123_gh6pm_uart.o ABSOLUTE
    TM4C123_GH6PM_Drivers\\GPS_Driver\\GPS.c 0x00000000   Number         0  gps.o ABSOLUTE
    TM4C123_GH6PM_Drivers\\LCD_Driver\\LCD.c 0x00000000   Number         0  lcd.o ABSOLUTE
    cdcmple.s                                0x00000000   Number         0  cdcmple.o ABSOLUTE
    cdrcmple.s                               0x00000000   Number         0  cdrcmple.o ABSOLUTE
    dc.s                                     0x00000000   Number         0  dc.o ABSOLUTE
    handlers.s                               0x00000000   Number         0  handlers.o ABSOLUTE
    init.s                                   0x00000000   Number         0  init.o ABSOLUTE
    main.c                                   0x00000000   Number         0  main.o ABSOLUTE
    main.c                                   0x00000000   Number         0  main.o ABSOLUTE
    .ARM.Collect$$$$00000000                 0x0000026c   Section        0  entry.o(.ARM.Collect$$$$00000000)
    .ARM.Collect$$$$00000001                 0x0000026c   Section        4  entry2.o(.ARM.Collect$$$$00000001)
    .ARM.Collect$$$$00000004                 0x00000270   Section        4  entry5.o(.ARM.Collect$$$$00000004)
    .ARM.Collect$$$$00000008                 0x00000274   Section        0  entry7b.o(.ARM.Collect$$$$00000008)
    .ARM.Collect$$$$0000000A                 0x00000274   Section        0  entry8b.o(.ARM.Collect$$$$0000000A)
    .ARM.Collect$$$$0000000B                 0x00000274   Section        8  entry9a.o(.ARM.Collect$$$$0000000B)
    .ARM.Collect$$$$0000000E                 0x0000027c   Section        4  entry12b.o(.ARM.Collect$$$$0000000E)
    .ARM.Collect$$$$0000000F                 0x00000280   Section        0  entry10a.o(.ARM.Collect$$$$0000000F)
    .ARM.Collect$$$$00000011                 0x00000280   Section        0  entry11a.o(.ARM.Collect$$$$00000011)
    .ARM.Collect$$$$00002712                 0x00000280   Section        4  entry2.o(.ARM.Collect$$$$00002712)
    __lit__00000000                          0x00000280   Data           4  entry2.o(.ARM.Collect$$$$00002712)
    .text                                    0x00000284   Section      268  startup_tm4c123.o(.text)
    $v0                                      0x00000284   Number         0  startup_tm4c123.o(.text)
    .text                                    0x00000390   Section        0  memseta.o(.text)
    .text                                    0x000003b4   Section        0  strstr.o(.text)
    .text                                    0x000003d8   Section        0  strncpy.o(.text)
    .text                                    0x000003f0   Section        0  dadd.o(.text)
    .text                                    0x0000053e   Section        0  dmul.o(.text)
    .text                                    0x00000622   Section        0  ddiv.o(.text)
    .text                                    0x00000700   Section        0  f2d.o(.text)
    .text                                    0x00000726   Section        0  d2f.o(.text)
    .text                                    0x0000075e   Section        0  uidiv.o(.text)
    .text                                    0x0000078a   Section        0  uldiv.o(.text)
    .text                                    0x000007ec   Section        0  llshl.o(.text)
    .text                                    0x0000080a   Section        0  llsshr.o(.text)
    .text                                    0x00000830   Section        0  strtod.o(.text)
    _local_sscanf                            0x00000831   Thumb Code    54  strtod.o(.text)
    .text                                    0x000008cc   Section        0  iusefp.o(.text)
    .text                                    0x000008cc   Section        0  fepilogue.o(.text)
    .text                                    0x0000093a   Section        0  frem.o(.text)
    .text                                    0x0000098c   Section        0  depilogue.o(.text)
    .text                                    0x00000a46   Section        0  dsqrt.o(.text)
    .text                                    0x00000ae8   Section        0  dfixul.o(.text)
    .text                                    0x00000b18   Section       48  cdcmple.o(.text)
    .text                                    0x00000b48   Section       48  cdrcmple.o(.text)
    .text                                    0x00000b78   Section       36  init.o(.text)
    .text                                    0x00000b9c   Section        0  llushr.o(.text)
    .text                                    0x00000bbc   Section        0  isspace_c.o(.text)
    .text                                    0x00000bc8   Section        0  scanf_fp.o(.text)
    _fp_value                                0x00000bc9   Thumb Code   296  scanf_fp.o(.text)
    .text                                    0x00000f28   Section        0  _sgetc.o(.text)
    .text                                    0x00000f68   Section        0  dflti.o(.text)
    .text                                    0x00000f8a   Section        0  dfltui.o(.text)
    .text                                    0x00000fa4   Section        0  dfixi.o(.text)
    .text                                    0x00000fe4   Section        0  ctype_c.o(.text)
    .text                                    0x0000100c   Section        0  dfltul.o(.text)
    .text                                    0x00001024   Section        0  __dczerorl2.o(.text)
    i.GPS_Get_Current_location               0x0000107c   Section        0  gps.o(i.GPS_Get_Current_location)
    i.GPS_Get_message                        0x000012fc   Section        0  gps.o(i.GPS_Get_message)
    i.GPS_Set_Landmark                       0x00001348   Section        0  gps.o(i.GPS_Set_Landmark)
    i.LCD_Print_int                          0x000016c4   Section        0  lcd.o(i.LCD_Print_int)
    i.LCD_init                               0x000016e4   Section        0  lcd.o(i.LCD_init)
    i.SysTick_Init                           0x000017b0   Section        0  lcd.o(i.SysTick_Init)
    i.SysTick_Wait_1_ms                      0x000017c8   Section        0  lcd.o(i.SysTick_Wait_1_ms)
    i.UART_InChar                            0x000017e4   Section        0  tm4c123_gh6pm_uart.o(i.UART_InChar)
    i.UART_Init                              0x00001800   Section        0  tm4c123_gh6pm_uart.o(i.UART_Init)
    i.UART_OutChar                           0x000018dc   Section        0  tm4c123_gh6pm_uart.o(i.UART_OutChar)
    i.UART_OutString                         0x000018f4   Section        0  tm4c123_gh6pm_uart.o(i.UART_OutString)
    i.UART_Outint                            0x0000190c   Section        0  tm4c123_gh6pm_uart.o(i.UART_Outint)
    i.__0sprintf                             0x0000192c   Section        0  printfa.o(i.__0sprintf)
    i.__ARM_fpclassify                       0x00001954   Section        0  fpclassify.o(i.__ARM_fpclassify)
    i.__hardfp_atan                          0x00001988   Section        0  atan.o(i.__hardfp_atan)
    i.__hardfp_atan2                         0x00001c60   Section        0  atan2.o(i.__hardfp_atan2)
    i.__hardfp_atof                          0x00001e60   Section        0  atof.o(i.__hardfp_atof)
    i.__hardfp_cos                           0x00001e98   Section        0  cos.o(i.__hardfp_cos)
    i.__hardfp_floorf                        0x00001f60   Section        0  floorf.o(i.__hardfp_floorf)
    i.__hardfp_fmodf                         0x00001fd0   Section        0  fmodf.o(i.__hardfp_fmodf)
    i.__hardfp_sin                           0x00002080   Section        0  sin.o(i.__hardfp_sin)
    i.__hardfp_sqrt                          0x00002148   Section        0  sqrt.o(i.__hardfp_sqrt)
    i.__ieee754_rem_pio2                     0x000021c8   Section        0  rred.o(i.__ieee754_rem_pio2)
    i.__kernel_cos                           0x00002600   Section        0  cos_i.o(i.__kernel_cos)
    i.__kernel_poly                          0x00002770   Section        0  poly.o(i.__kernel_poly)
    i.__kernel_sin                           0x00002868   Section        0  sin_i.o(i.__kernel_sin)
    i.__mathlib_dbl_infnan                   0x00002998   Section        0  dunder.o(i.__mathlib_dbl_infnan)
    i.__mathlib_dbl_infnan2                  0x000029ac   Section        0  dunder.o(i.__mathlib_dbl_infnan2)
    i.__mathlib_dbl_invalid                  0x000029c0   Section        0  dunder.o(i.__mathlib_dbl_invalid)
    i.__mathlib_dbl_underflow                0x000029e0   Section        0  dunder.o(i.__mathlib_dbl_underflow)
    i.__mathlib_flt_invalid                  0x00002a00   Section        0  funder.o(i.__mathlib_flt_invalid)
    i.__read_errno                           0x00002a10   Section        0  errno.o(i.__read_errno)
    i.__scatterload_copy                     0x00002a1c   Section       14  handlers.o(i.__scatterload_copy)
    i.__scatterload_null                     0x00002a2a   Section        2  handlers.o(i.__scatterload_null)
    i.__scatterload_zeroinit                 0x00002a2c   Section       14  handlers.o(i.__scatterload_zeroinit)
    i.__set_errno                            0x00002a3c   Section        0  errno.o(i.__set_errno)
    i._fp_digits                             0x00002a48   Section        0  printfa.o(i._fp_digits)
    _fp_digits                               0x00002a49   Thumb Code   366  printfa.o(i._fp_digits)
    i._is_digit                              0x00002bcc   Section        0  scanf_fp.o(i._is_digit)
    i._printf_core                           0x00002bdc   Section        0  printfa.o(i._printf_core)
    _printf_core                             0x00002bdd   Thumb Code  1704  printfa.o(i._printf_core)
    i._printf_post_padding                   0x00003290   Section        0  printfa.o(i._printf_post_padding)
    _printf_post_padding                     0x00003291   Thumb Code    36  printfa.o(i._printf_post_padding)
    i._printf_pre_padding                    0x000032b4   Section        0  printfa.o(i._printf_pre_padding)
    _printf_pre_padding                      0x000032b5   Thumb Code    46  printfa.o(i._printf_pre_padding)
    i._sputc                                 0x000032e2   Section        0  printfa.o(i._sputc)
    _sputc                                   0x000032e3   Thumb Code    10  printfa.o(i._sputc)
    i.atan                                   0x000032ec   Section        0  atan.o(i.atan)
    i.delay_ms                               0x000032fc   Section        0  lcd.o(i.delay_ms)
    i.fabs                                   0x00003308   Section        0  fabs.o(i.fabs)
    i.lcd_cmd                                0x00003320   Section        0  lcd.o(i.lcd_cmd)
    i.lcd_data                               0x0000337c   Section        0  lcd.o(i.lcd_data)
    i.lcd_string                             0x000033d8   Section        0  lcd.o(i.lcd_string)
    i.main                                   0x000033f0   Section        0  main.o(i.main)
    i.passdata                               0x00003408   Section        0  lcd.o(i.passdata)
    .constdata                               0x00003558   Section      152  atan.o(.constdata)
    atanhi                                   0x00003558   Data          32  atan.o(.constdata)
    atanlo                                   0x00003578   Data          32  atan.o(.constdata)
    aTodd                                    0x00003598   Data          40  atan.o(.constdata)
    aTeven                                   0x000035c0   Data          48  atan.o(.constdata)
    .constdata                               0x000035f0   Section       48  cos_i.o(.constdata)
    C                                        0x000035f0   Data          48  cos_i.o(.constdata)
    .constdata                               0x00003620   Section        8  qnan.o(.constdata)
    .constdata                               0x00003628   Section      200  rred.o(.constdata)
    pio2s                                    0x00003628   Data          48  rred.o(.constdata)
    twooverpi                                0x00003658   Data         152  rred.o(.constdata)
    .constdata                               0x000036f0   Section       40  sin_i.o(.constdata)
    S                                        0x000036f0   Data          40  sin_i.o(.constdata)
    .constdata                               0x00003718   Section       64  ctype_c.o(.constdata)
    .data                                    0x20000000   Section      388  gps.o(.data)
    .data                                    0x20000184   Section        4  errno.o(.data)
    _errno                                   0x20000184   Data           4  errno.o(.data)
    .bss                                     0x20000188   Section      136  main.o(.bss)
    STACK                                    0x20000210   Section      512  startup_tm4c123.o(STACK)

    Global Symbols

    Symbol Name                              Value     Ov Type        Size  Object(Section)

    BuildAttributes$$THM_ISAv4$E$P$D$K$B$S$7EM$VFPi3$EXTD16$VFPS$VFMA$PE$A:L22UL41UL21$X:L11$S22US41US21$IEEE1$IW$USESV6$~STKCKD$USESV7$~SHL$OTIME$ROPI$IEEEX$EBA8$MICROLIB$REQ8$PRES8$EABIv2 0x00000000   Number         0  anon$$obj.o ABSOLUTE
    __ARM_use_no_argv                        0x00000000   Number         0  main.o ABSOLUTE
    __Vectors                                0x00000000   Data           4  startup_tm4c123.o(RESET)
    _printf_a                                0x00000000   Number         0  stubs.o ABSOLUTE
    _printf_c                                0x00000000   Number         0  stubs.o ABSOLUTE
    _printf_charcount                        0x00000000   Number         0  stubs.o ABSOLUTE
    _printf_d                                0x00000000   Number         0  stubs.o ABSOLUTE
    _printf_e                                0x00000000   Number         0  stubs.o ABSOLUTE
    _printf_f                                0x00000000   Number         0  stubs.o ABSOLUTE
    _printf_flags                            0x00000000   Number         0  stubs.o ABSOLUTE
    _printf_fp_dec                           0x00000000   Number         0  stubs.o ABSOLUTE
    _printf_fp_hex                           0x00000000   Number         0  stubs.o ABSOLUTE
    _printf_g                                0x00000000   Number         0  stubs.o ABSOLUTE
    _printf_i                                0x00000000   Number         0  stubs.o ABSOLUTE
    _printf_int_dec                          0x00000000   Number         0  stubs.o ABSOLUTE
    _printf_l                                0x00000000   Number         0  stubs.o ABSOLUTE
    _printf_lc                               0x00000000   Number         0  stubs.o ABSOLUTE
    _printf_ll                               0x00000000   Number         0  stubs.o ABSOLUTE
    _printf_lld                              0x00000000   Number         0  stubs.o ABSOLUTE
    _printf_lli                              0x00000000   Number         0  stubs.o ABSOLUTE
    _printf_llo                              0x00000000   Number         0  stubs.o ABSOLUTE
    _printf_llu                              0x00000000   Number         0  stubs.o ABSOLUTE
    _printf_llx                              0x00000000   Number         0  stubs.o ABSOLUTE
    _printf_longlong_dec                     0x00000000   Number         0  stubs.o ABSOLUTE
    _printf_longlong_hex                     0x00000000   Number         0  stubs.o ABSOLUTE
    _printf_longlong_oct                     0x00000000   Number         0  stubs.o ABSOLUTE
    _printf_ls                               0x00000000   Number         0  stubs.o ABSOLUTE
    _printf_mbtowc                           0x00000000   Number         0  stubs.o ABSOLUTE
    _printf_n                                0x00000000   Number         0  stubs.o ABSOLUTE
    _printf_o                                0x00000000   Number         0  stubs.o ABSOLUTE
    _printf_p                                0x00000000   Number         0  stubs.o ABSOLUTE
    _printf_percent                          0x00000000   Number         0  stubs.o ABSOLUTE
    _printf_pre_padding                      0x00000000   Number         0  stubs.o ABSOLUTE
    _printf_return_value                     0x00000000   Number         0  stubs.o ABSOLUTE
    _printf_s                                0x00000000   Number         0  stubs.o ABSOLUTE
    _printf_sizespec                         0x00000000   Number         0  stubs.o ABSOLUTE
    _printf_str                              0x00000000   Number         0  stubs.o ABSOLUTE
    _printf_truncate_signed                  0x00000000   Number         0  stubs.o ABSOLUTE
    _printf_truncate_unsigned                0x00000000   Number         0  stubs.o ABSOLUTE
    _printf_u                                0x00000000   Number         0  stubs.o ABSOLUTE
    _printf_wc                               0x00000000   Number         0  stubs.o ABSOLUTE
    _printf_wctomb                           0x00000000   Number         0  stubs.o ABSOLUTE
    _printf_widthprec                        0x00000000   Number         0  stubs.o ABSOLUTE
    _printf_x                                0x00000000   Number         0  stubs.o ABSOLUTE
    __arm_fini_                               - Undefined Weak Reference
    __cpp_initialize__aeabi_                  - Undefined Weak Reference
    __cxa_finalize                            - Undefined Weak Reference
    _clock_init                               - Undefined Weak Reference
    _microlib_exit                            - Undefined Weak Reference
    __Vectors_End                            0x0000026c   Data           0  startup_tm4c123.o(RESET)
    __Vectors_Size                           0x0000026c   Number         0  startup_tm4c123.o ABSOLUTE
    __main                                   0x0000026d   Thumb Code     0  entry.o(.ARM.Collect$$$$00000000)
    _main_stk                                0x0000026d   Thumb Code     0  entry2.o(.ARM.Collect$$$$00000001)
    _main_scatterload                        0x00000271   Thumb Code     0  entry5.o(.ARM.Collect$$$$00000004)
    __main_after_scatterload                 0x00000275   Thumb Code     0  entry5.o(.ARM.Collect$$$$00000004)
    _main_clock                              0x00000275   Thumb Code     0  entry7b.o(.ARM.Collect$$$$00000008)
    _main_cpp_init                           0x00000275   Thumb Code     0  entry8b.o(.ARM.Collect$$$$0000000A)
    _main_init                               0x00000275   Thumb Code     0  entry9a.o(.ARM.Collect$$$$0000000B)
    __rt_lib_shutdown_fini                   0x0000027d   Thumb Code     0  entry12b.o(.ARM.Collect$$$$0000000E)
    __rt_final_cpp                           0x00000281   Thumb Code     0  entry10a.o(.ARM.Collect$$$$0000000F)
    __rt_final_exit                          0x00000281   Thumb Code     0  entry11a.o(.ARM.Collect$$$$00000011)
    Reset_Handler                            0x00000285   Thumb Code    24  startup_tm4c123.o(.text)
    NMI_Handler                              0x0000029d   Thumb Code     2  startup_tm4c123.o(.text)
    HardFault_Handler                        0x0000029f   Thumb Code     2  startup_tm4c123.o(.text)
    MemManage_Handler                        0x000002a1   Thumb Code     2  startup_tm4c123.o(.text)
    BusFault_Handler                         0x000002a3   Thumb Code     2  startup_tm4c123.o(.text)
    UsageFault_Handler                       0x000002a5   Thumb Code     2  startup_tm4c123.o(.text)
    SVC_Handler                              0x000002a7   Thumb Code     2  startup_tm4c123.o(.text)
    DebugMon_Handler                         0x000002a9   Thumb Code     2  startup_tm4c123.o(.text)
    PendSV_Handler                           0x000002ab   Thumb Code     2  startup_tm4c123.o(.text)
    SysTick_Handler                          0x000002ad   Thumb Code     2  startup_tm4c123.o(.text)
    GPIOA_Handler                            0x000002af   Thumb Code     2  startup_tm4c123.o(.text)
    GPIOB_Handler                            0x000002b1   Thumb Code     2  startup_tm4c123.o(.text)
    GPIOC_Handler                            0x000002b3   Thumb Code     2  startup_tm4c123.o(.text)
    GPIOD_Handler                            0x000002b5   Thumb Code     2  startup_tm4c123.o(.text)
    GPIOE_Handler                            0x000002b7   Thumb Code     2  startup_tm4c123.o(.text)
    UART0_Handler                            0x000002b9   Thumb Code     2  startup_tm4c123.o(.text)
    UART1_Handler                            0x000002bb   Thumb Code     2  startup_tm4c123.o(.text)
    SSI0_Handler                             0x000002bd   Thumb Code     2  startup_tm4c123.o(.text)
    I2C0_Handler                             0x000002bf   Thumb Code     2  startup_tm4c123.o(.text)
    PMW0_FAULT_Handler                       0x000002c1   Thumb Code     2  startup_tm4c123.o(.text)
    PWM0_0_Handler                           0x000002c3   Thumb Code     2  startup_tm4c123.o(.text)
    PWM0_1_Handler                           0x000002c5   Thumb Code     2  startup_tm4c123.o(.text)
    PWM0_2_Handler                           0x000002c7   Thumb Code     2  startup_tm4c123.o(.text)
    QEI0_Handler                             0x000002c9   Thumb Code     2  startup_tm4c123.o(.text)
    ADC0SS0_Handler                          0x000002cb   Thumb Code     2  startup_tm4c123.o(.text)
    ADC0SS1_Handler                          0x000002cd   Thumb Code     2  startup_tm4c123.o(.text)
    ADC0SS2_Handler                          0x000002cf   Thumb Code     2  startup_tm4c123.o(.text)
    ADC0SS3_Handler                          0x000002d1   Thumb Code     2  startup_tm4c123.o(.text)
    WDT0_Handler                             0x000002d3   Thumb Code     2  startup_tm4c123.o(.text)
    TIMER0A_Handler                          0x000002d5   Thumb Code     2  startup_tm4c123.o(.text)
    TIMER0B_Handler                          0x000002d7   Thumb Code     2  startup_tm4c123.o(.text)
    TIMER1A_Handler                          0x000002d9   Thumb Code     2  startup_tm4c123.o(.text)
    TIMER1B_Handler                          0x000002db   Thumb Code     2  startup_tm4c123.o(.text)
    TIMER2A_Handler                          0x000002dd   Thumb Code     2  startup_tm4c123.o(.text)
    TIMER2B_Handler                          0x000002df   Thumb Code     2  startup_tm4c123.o(.text)
    COMP0_Handler                            0x000002e1   Thumb Code     2  startup_tm4c123.o(.text)
    COMP1_Handler                            0x000002e3   Thumb Code     2  startup_tm4c123.o(.text)
    COMP2_Handler                            0x000002e5   Thumb Code     2  startup_tm4c123.o(.text)
    SYSCTL_Handler                           0x000002e7   Thumb Code     2  startup_tm4c123.o(.text)
    FLASH_Handler                            0x000002e9   Thumb Code     2  startup_tm4c123.o(.text)
    GPIOF_Handler                            0x000002eb   Thumb Code     2  startup_tm4c123.o(.text)
    GPIOG_Handler                            0x000002ed   Thumb Code     2  startup_tm4c123.o(.text)
    GPIOH_Handler                            0x000002ef   Thumb Code     2  startup_tm4c123.o(.text)
    UART2_Handler                            0x000002f1   Thumb Code     2  startup_tm4c123.o(.text)
    SSI1_Handler                             0x000002f3   Thumb Code     2  startup_tm4c123.o(.text)
    TIMER3A_Handler                          0x000002f5   Thumb Code     2  startup_tm4c123.o(.text)
    TIMER3B_Handler                          0x000002f7   Thumb Code     2  startup_tm4c123.o(.text)
    I2C1_Handler                             0x000002f9   Thumb Code     2  startup_tm4c123.o(.text)
    QEI1_Handler                             0x000002fb   Thumb Code     2  startup_tm4c123.o(.text)
    CAN0_Handler                             0x000002fd   Thumb Code     2  startup_tm4c123.o(.text)
    CAN1_Handler                             0x000002ff   Thumb Code     2  startup_tm4c123.o(.text)
    CAN2_Handler                             0x00000301   Thumb Code     2  startup_tm4c123.o(.text)
    HIB_Handler                              0x00000303   Thumb Code     2  startup_tm4c123.o(.text)
    USB0_Handler                             0x00000305   Thumb Code     2  startup_tm4c123.o(.text)
    PWM0_3_Handler                           0x00000307   Thumb Code     2  startup_tm4c123.o(.text)
    UDMA_Handler                             0x00000309   Thumb Code     2  startup_tm4c123.o(.text)
    UDMAERR_Handler                          0x0000030b   Thumb Code     2  startup_tm4c123.o(.text)
    ADC1SS0_Handler                          0x0000030d   Thumb Code     2  startup_tm4c123.o(.text)
    ADC1SS1_Handler                          0x0000030f   Thumb Code     2  startup_tm4c123.o(.text)
    ADC1SS2_Handler                          0x00000311   Thumb Code     2  startup_tm4c123.o(.text)
    ADC1SS3_Handler                          0x00000313   Thumb Code     2  startup_tm4c123.o(.text)
    GPIOJ_Handler                            0x00000315   Thumb Code     2  startup_tm4c123.o(.text)
    GPIOK_Handler                            0x00000317   Thumb Code     2  startup_tm4c123.o(.text)
    GPIOL_Handler                            0x00000319   Thumb Code     2  startup_tm4c123.o(.text)
    SSI2_Handler                             0x0000031b   Thumb Code     2  startup_tm4c123.o(.text)
    SSI3_Handler                             0x0000031d   Thumb Code     2  startup_tm4c123.o(.text)
    UART3_Handler                            0x0000031f   Thumb Code     2  startup_tm4c123.o(.text)
    UART4_Handler                            0x00000321   Thumb Code     2  startup_tm4c123.o(.text)
    UART5_Handler                            0x00000323   Thumb Code     2  startup_tm4c123.o(.text)
    UART6_Handler                            0x00000325   Thumb Code     2  startup_tm4c123.o(.text)
    UART7_Handler                            0x00000327   Thumb Code     2  startup_tm4c123.o(.text)
    I2C2_Handler                             0x00000329   Thumb Code     2  startup_tm4c123.o(.text)
    I2C3_Handler                             0x0000032b   Thumb Code     2  startup_tm4c123.o(.text)
    TIMER4A_Handler                          0x0000032d   Thumb Code     2  startup_tm4c123.o(.text)
    TIMER4B_Handler                          0x0000032f   Thumb Code     2  startup_tm4c123.o(.text)
    TIMER5A_Handler                          0x00000331   Thumb Code     2  startup_tm4c123.o(.text)
    TIMER5B_Handler                          0x00000333   Thumb Code     2  startup_tm4c123.o(.text)
    WTIMER0A_Handler                         0x00000335   Thumb Code     2  startup_tm4c123.o(.text)
    WTIMER0B_Handler                         0x00000337   Thumb Code     2  startup_tm4c123.o(.text)
    WTIMER1A_Handler                         0x00000339   Thumb Code     2  startup_tm4c123.o(.text)
    WTIMER1B_Handler                         0x0000033b   Thumb Code     2  startup_tm4c123.o(.text)
    WTIMER2A_Handler                         0x0000033d   Thumb Code     2  startup_tm4c123.o(.text)
    WTIMER2B_Handler                         0x0000033f   Thumb Code     2  startup_tm4c123.o(.text)
    WTIMER3A_Handler                         0x00000341   Thumb Code     2  startup_tm4c123.o(.text)
    WTIMER3B_Handler                         0x00000343   Thumb Code     2  startup_tm4c123.o(.text)
    WTIMER4A_Handler                         0x00000345   Thumb Code     2  startup_tm4c123.o(.text)
    WTIMER4B_Handler                         0x00000347   Thumb Code     2  startup_tm4c123.o(.text)
    WTIMER5A_Handler                         0x00000349   Thumb Code     2  startup_tm4c123.o(.text)
    WTIMER5B_Handler                         0x0000034b   Thumb Code     2  startup_tm4c123.o(.text)
    FPU_Handler                              0x0000034d   Thumb Code     2  startup_tm4c123.o(.text)
    I2C4_Handler                             0x0000034f   Thumb Code     2  startup_tm4c123.o(.text)
    I2C5_Handler                             0x00000351   Thumb Code     2  startup_tm4c123.o(.text)
    GPIOM_Handler                            0x00000353   Thumb Code     2  startup_tm4c123.o(.text)
    GPION_Handler                            0x00000355   Thumb Code     2  startup_tm4c123.o(.text)
    QEI2_Handler                             0x00000357   Thumb Code     2  startup_tm4c123.o(.text)
    GPIOP0_Handler                           0x00000359   Thumb Code     2  startup_tm4c123.o(.text)
    GPIOP1_Handler                           0x0000035b   Thumb Code     2  startup_tm4c123.o(.text)
    GPIOP2_Handler                           0x0000035d   Thumb Code     2  startup_tm4c123.o(.text)
    GPIOP3_Handler                           0x0000035f   Thumb Code     2  startup_tm4c123.o(.text)
    GPIOP4_Handler                           0x00000361   Thumb Code     2  startup_tm4c123.o(.text)
    GPIOP5_Handler                           0x00000363   Thumb Code     2  startup_tm4c123.o(.text)
    GPIOP6_Handler                           0x00000365   Thumb Code     2  startup_tm4c123.o(.text)
    GPIOP7_Handler                           0x00000367   Thumb Code     2  startup_tm4c123.o(.text)
    GPIOQ0_Handler                           0x00000369   Thumb Code     2  startup_tm4c123.o(.text)
    GPIOQ1_Handler                           0x0000036b   Thumb Code     2  startup_tm4c123.o(.text)
    GPIOQ2_Handler                           0x0000036d   Thumb Code     2  startup_tm4c123.o(.text)
    GPIOQ3_Handler                           0x0000036f   Thumb Code     2  startup_tm4c123.o(.text)
    GPIOQ4_Handler                           0x00000371   Thumb Code     2  startup_tm4c123.o(.text)
    GPIOQ5_Handler                           0x00000373   Thumb Code     2  startup_tm4c123.o(.text)
    GPIOQ6_Handler                           0x00000375   Thumb Code     2  startup_tm4c123.o(.text)
    GPIOQ7_Handler                           0x00000377   Thumb Code     2  startup_tm4c123.o(.text)
    GPIOR_Handler                            0x00000379   Thumb Code     2  startup_tm4c123.o(.text)
    GPIOS_Handler                            0x0000037b   Thumb Code     2  startup_tm4c123.o(.text)
    PMW1_0_Handler                           0x0000037d   Thumb Code     2  startup_tm4c123.o(.text)
    PWM1_1_Handler                           0x0000037f   Thumb Code     2  startup_tm4c123.o(.text)
    PWM1_2_Handler                           0x00000381   Thumb Code     2  startup_tm4c123.o(.text)
    PWM1_3_Handler                           0x00000383   Thumb Code     2  startup_tm4c123.o(.text)
    PWM1_FAULT_Handler                       0x00000385   Thumb Code     2  startup_tm4c123.o(.text)
    __aeabi_memset                           0x00000391   Thumb Code    14  memseta.o(.text)
    __aeabi_memset4                          0x00000391   Thumb Code     0  memseta.o(.text)
    __aeabi_memset8                          0x00000391   Thumb Code     0  memseta.o(.text)
    __aeabi_memclr                           0x0000039f   Thumb Code     4  memseta.o(.text)
    __aeabi_memclr4                          0x0000039f   Thumb Code     0  memseta.o(.text)
    __aeabi_memclr8                          0x0000039f   Thumb Code     0  memseta.o(.text)
    _memset$wrapper                          0x000003a3   Thumb Code    18  memseta.o(.text)
    strstr                                   0x000003b5   Thumb Code    36  strstr.o(.text)
    strncpy                                  0x000003d9   Thumb Code    24  strncpy.o(.text)
    __aeabi_dadd                             0x000003f1   Thumb Code   322  dadd.o(.text)
    __aeabi_dsub                             0x00000533   Thumb Code     6  dadd.o(.text)
    __aeabi_drsub                            0x00000539   Thumb Code     6  dadd.o(.text)
    __aeabi_dmul                             0x0000053f   Thumb Code   228  dmul.o(.text)
    __aeabi_ddiv                             0x00000623   Thumb Code   222  ddiv.o(.text)
    __aeabi_f2d                              0x00000701   Thumb Code    38  f2d.o(.text)
    __aeabi_d2f                              0x00000727   Thumb Code    56  d2f.o(.text)
    __aeabi_uidiv                            0x0000075f   Thumb Code     0  uidiv.o(.text)
    __aeabi_uidivmod                         0x0000075f   Thumb Code    44  uidiv.o(.text)
    __aeabi_uldivmod                         0x0000078b   Thumb Code    98  uldiv.o(.text)
    __aeabi_llsl                             0x000007ed   Thumb Code    30  llshl.o(.text)
    _ll_shift_l                              0x000007ed   Thumb Code     0  llshl.o(.text)
    __aeabi_lasr                             0x0000080b   Thumb Code    36  llsshr.o(.text)
    _ll_sshift_r                             0x0000080b   Thumb Code     0  llsshr.o(.text)
    __strtod_int                             0x00000867   Thumb Code    90  strtod.o(.text)
    __I$use$fp                               0x000008cd   Thumb Code     0  iusefp.o(.text)
    _float_round                             0x000008cd   Thumb Code    18  fepilogue.o(.text)
    _float_epilogue                          0x000008df   Thumb Code    92  fepilogue.o(.text)
    _frem                                    0x0000093b   Thumb Code    82  frem.o(.text)
    _double_round                            0x0000098d   Thumb Code    30  depilogue.o(.text)
    _double_epilogue                         0x000009ab   Thumb Code   156  depilogue.o(.text)
    _dsqrt                                   0x00000a47   Thumb Code   162  dsqrt.o(.text)
    __aeabi_d2ulz                            0x00000ae9   Thumb Code    48  dfixul.o(.text)
    __aeabi_cdcmpeq                          0x00000b19   Thumb Code     0  cdcmple.o(.text)
    __aeabi_cdcmple                          0x00000b19   Thumb Code    48  cdcmple.o(.text)
    __aeabi_cdrcmple                         0x00000b49   Thumb Code    48  cdrcmple.o(.text)
    __scatterload                            0x00000b79   Thumb Code    28  init.o(.text)
    __scatterload_rt2                        0x00000b79   Thumb Code     0  init.o(.text)
    __aeabi_llsr                             0x00000b9d   Thumb Code    32  llushr.o(.text)
    _ll_ushift_r                             0x00000b9d   Thumb Code     0  llushr.o(.text)
    isspace                                  0x00000bbd   Thumb Code    10  isspace_c.o(.text)
    _scanf_real                              0x00000cf1   Thumb Code     0  scanf_fp.o(.text)
    _scanf_really_real                       0x00000cf1   Thumb Code   556  scanf_fp.o(.text)
    _sgetc                                   0x00000f29   Thumb Code    30  _sgetc.o(.text)
    _sbackspace                              0x00000f47   Thumb Code    34  _sgetc.o(.text)
    __aeabi_i2d                              0x00000f69   Thumb Code    34  dflti.o(.text)
    __aeabi_ui2d                             0x00000f8b   Thumb Code    26  dfltui.o(.text)
    __aeabi_d2iz                             0x00000fa5   Thumb Code    62  dfixi.o(.text)
    __ctype_lookup                           0x00000fe5   Thumb Code    34  ctype_c.o(.text)
    __aeabi_ul2d                             0x0000100d   Thumb Code    24  dfltul.o(.text)
    __decompress                             0x00001025   Thumb Code     0  __dczerorl2.o(.text)
    __decompress1                            0x00001025   Thumb Code    86  __dczerorl2.o(.text)
    GPS_Get_Current_location                 0x0000107d   Thumb Code   548  gps.o(i.GPS_Get_Current_location)
    GPS_Get_message                          0x000012fd   Thumb Code    74  gps.o(i.GPS_Get_message)
    GPS_Set_Landmark                         0x00001349   Thumb Code   850  gps.o(i.GPS_Set_Landmark)
    LCD_Print_int                            0x000016c5   Thumb Code    26  lcd.o(i.LCD_Print_int)
    LCD_init                                 0x000016e5   Thumb Code   164  lcd.o(i.LCD_init)
    SysTick_Init                             0x000017b1   Thumb Code    24  lcd.o(i.SysTick_Init)
    SysTick_Wait_1_ms                        0x000017c9   Thumb Code    28  lcd.o(i.SysTick_Wait_1_ms)
    UART_InChar                              0x000017e5   Thumb Code    22  tm4c123_gh6pm_uart.o(i.UART_InChar)
    UART_Init                                0x00001801   Thumb Code   194  tm4c123_gh6pm_uart.o(i.UART_Init)
    UART_OutChar                             0x000018dd   Thumb Code    20  tm4c123_gh6pm_uart.o(i.UART_OutChar)
    UART_OutString                           0x000018f5   Thumb Code    22  tm4c123_gh6pm_uart.o(i.UART_OutString)
    UART_Outint                              0x0000190d   Thumb Code    26  tm4c123_gh6pm_uart.o(i.UART_Outint)
    __0sprintf                               0x0000192d   Thumb Code    34  printfa.o(i.__0sprintf)
    __1sprintf                               0x0000192d   Thumb Code     0  printfa.o(i.__0sprintf)
    __2sprintf                               0x0000192d   Thumb Code     0  printfa.o(i.__0sprintf)
    __c89sprintf                             0x0000192d   Thumb Code     0  printfa.o(i.__0sprintf)
    sprintf                                  0x0000192d   Thumb Code     0  printfa.o(i.__0sprintf)
    __ARM_fpclassify                         0x00001955   Thumb Code    48  fpclassify.o(i.__ARM_fpclassify)
    __hardfp_atan                            0x00001989   Thumb Code   622  atan.o(i.__hardfp_atan)
    __hardfp_atan2                           0x00001c61   Thumb Code   448  atan2.o(i.__hardfp_atan2)
    __hardfp_atof                            0x00001e61   Thumb Code    44  atof.o(i.__hardfp_atof)
    __hardfp_cos                             0x00001e99   Thumb Code   180  cos.o(i.__hardfp_cos)
    __hardfp_floorf                          0x00001f61   Thumb Code    98  floorf.o(i.__hardfp_floorf)
    __hardfp_fmodf                           0x00001fd1   Thumb Code   176  fmodf.o(i.__hardfp_fmodf)
    __hardfp_sin                             0x00002081   Thumb Code   180  sin.o(i.__hardfp_sin)
    __hardfp_sqrt                            0x00002149   Thumb Code   122  sqrt.o(i.__hardfp_sqrt)
    __ieee754_rem_pio2                       0x000021c9   Thumb Code   938  rred.o(i.__ieee754_rem_pio2)
    __kernel_cos                             0x00002601   Thumb Code   322  cos_i.o(i.__kernel_cos)
    __kernel_poly                            0x00002771   Thumb Code   248  poly.o(i.__kernel_poly)
    __kernel_sin                             0x00002869   Thumb Code   280  sin_i.o(i.__kernel_sin)
    __mathlib_dbl_infnan                     0x00002999   Thumb Code    20  dunder.o(i.__mathlib_dbl_infnan)
    __mathlib_dbl_infnan2                    0x000029ad   Thumb Code    20  dunder.o(i.__mathlib_dbl_infnan2)
    __mathlib_dbl_invalid                    0x000029c1   Thumb Code    24  dunder.o(i.__mathlib_dbl_invalid)
    __mathlib_dbl_underflow                  0x000029e1   Thumb Code    24  dunder.o(i.__mathlib_dbl_underflow)
    __mathlib_flt_invalid                    0x00002a01   Thumb Code    10  funder.o(i.__mathlib_flt_invalid)
    __read_errno                             0x00002a11   Thumb Code     6  errno.o(i.__read_errno)
    __scatterload_copy                       0x00002a1d   Thumb Code    14  handlers.o(i.__scatterload_copy)
    __scatterload_null                       0x00002a2b   Thumb Code     2  handlers.o(i.__scatterload_null)
    __scatterload_zeroinit                   0x00002a2d   Thumb Code    14  handlers.o(i.__scatterload_zeroinit)
    __set_errno                              0x00002a3d   Thumb Code     6  errno.o(i.__set_errno)
    _is_digit                                0x00002bcd   Thumb Code    14  scanf_fp.o(i._is_digit)
    atan                                     0x000032ed   Thumb Code    16  atan.o(i.atan)
    delay_ms                                 0x000032fd   Thumb Code    12  lcd.o(i.delay_ms)
    fabs                                     0x00003309   Thumb Code    24  fabs.o(i.fabs)
    lcd_cmd                                  0x00003321   Thumb Code    82  lcd.o(i.lcd_cmd)
    lcd_data                                 0x0000337d   Thumb Code    82  lcd.o(i.lcd_data)
    lcd_string                               0x000033d9   Thumb Code    22  lcd.o(i.lcd_string)
    main                                     0x000033f1   Thumb Code    20  main.o(i.main)
    passdata                                 0x00003409   Thumb Code   302  lcd.o(i.passdata)
    __mathlib_zero                           0x00003620   Data           8  qnan.o(.constdata)
    __ctype_categories                       0x00003718   Data          64  ctype_c.o(.constdata)
    Region$$Table$$Base                      0x00003758   Number         0  anon$$obj.o(Region$$Table)
    Region$$Table$$Limit                     0x00003778   Number         0  anon$$obj.o(Region$$Table)
    Inv_read                                 0x20000000   Data           1  gps.o(.data)
    landmarks                                0x20000004   Data         384  gps.o(.data)
    RX_Buffer                                0x20000188   Data          80  main.o(.bss)
    current_location                         0x200001d8   Data          56  main.o(.bss)
    __initial_sp                             0x20000410   Data           0  startup_tm4c123.o(STACK)



==============================================================================

Memory Map of the image

  Image Entry point : 0x00000285

  Load Region LR_1 (Base: 0x00000000, Size: 0x00003900, Max: 0xffffffff, ABSOLUTE, COMPRESSED[0x00003824])

    Execution Region ER_RO (Exec base: 0x00000000, Load base: 0x00000000, Size: 0x00003778, Max: 0xffffffff, ABSOLUTE)

    Exec Addr    Load Addr    Size         Type   Attr      Idx    E Section Name        Object

    0x00000000   0x00000000   0x0000026c   Data   RO          319    RESET               startup_tm4c123.o
    0x0000026c   0x0000026c   0x00000000   Code   RO          437  * .ARM.Collect$$$$00000000  mc_w.l(entry.o)
    0x0000026c   0x0000026c   0x00000004   Code   RO          780    .ARM.Collect$$$$00000001  mc_w.l(entry2.o)
    0x00000270   0x00000270   0x00000004   Code   RO          783    .ARM.Collect$$$$00000004  mc_w.l(entry5.o)
    0x00000274   0x00000274   0x00000000   Code   RO          785    .ARM.Collect$$$$00000008  mc_w.l(entry7b.o)
    0x00000274   0x00000274   0x00000000   Code   RO          787    .ARM.Collect$$$$0000000A  mc_w.l(entry8b.o)
    0x00000274   0x00000274   0x00000008   Code   RO          788    .ARM.Collect$$$$0000000B  mc_w.l(entry9a.o)
    0x0000027c   0x0000027c   0x00000004   Code   RO          795    .ARM.Collect$$$$0000000E  mc_w.l(entry12b.o)
    0x00000280   0x00000280   0x00000000   Code   RO          790    .ARM.Collect$$$$0000000F  mc_w.l(entry10a.o)
    0x00000280   0x00000280   0x00000000   Code   RO          792    .ARM.Collect$$$$00000011  mc_w.l(entry11a.o)
    0x00000280   0x00000280   0x00000004   Code   RO          781    .ARM.Collect$$$$00002712  mc_w.l(entry2.o)
    0x00000284   0x00000284   0x0000010c   Code   RO          320  * .text               startup_tm4c123.o
    0x00000390   0x00000390   0x00000024   Code   RO          440    .text               mc_w.l(memseta.o)
    0x000003b4   0x000003b4   0x00000024   Code   RO          442    .text               mc_w.l(strstr.o)
    0x000003d8   0x000003d8   0x00000018   Code   RO          444    .text               mc_w.l(strncpy.o)
    0x000003f0   0x000003f0   0x0000014e   Code   RO          707    .text               mf_w.l(dadd.o)
    0x0000053e   0x0000053e   0x000000e4   Code   RO          709    .text               mf_w.l(dmul.o)
    0x00000622   0x00000622   0x000000de   Code   RO          711    .text               mf_w.l(ddiv.o)
    0x00000700   0x00000700   0x00000026   Code   RO          713    .text               mf_w.l(f2d.o)
    0x00000726   0x00000726   0x00000038   Code   RO          715    .text               mf_w.l(d2f.o)
    0x0000075e   0x0000075e   0x0000002c   Code   RO          799    .text               mc_w.l(uidiv.o)
    0x0000078a   0x0000078a   0x00000062   Code   RO          801    .text               mc_w.l(uldiv.o)
    0x000007ec   0x000007ec   0x0000001e   Code   RO          803    .text               mc_w.l(llshl.o)
    0x0000080a   0x0000080a   0x00000024   Code   RO          805    .text               mc_w.l(llsshr.o)
    0x0000082e   0x0000082e   0x00000002   PAD
    0x00000830   0x00000830   0x0000009c   Code   RO          814    .text               mc_w.l(strtod.o)
    0x000008cc   0x000008cc   0x00000000   Code   RO          816    .text               mc_w.l(iusefp.o)
    0x000008cc   0x000008cc   0x0000006e   Code   RO          817    .text               mf_w.l(fepilogue.o)
    0x0000093a   0x0000093a   0x00000052   Code   RO          819    .text               mf_w.l(frem.o)
    0x0000098c   0x0000098c   0x000000ba   Code   RO          821    .text               mf_w.l(depilogue.o)
    0x00000a46   0x00000a46   0x000000a2   Code   RO          825    .text               mf_w.l(dsqrt.o)
    0x00000ae8   0x00000ae8   0x00000030   Code   RO          827    .text               mf_w.l(dfixul.o)
    0x00000b18   0x00000b18   0x00000030   Code   RO          829    .text               mf_w.l(cdcmple.o)
    0x00000b48   0x00000b48   0x00000030   Code   RO          831    .text               mf_w.l(cdrcmple.o)
    0x00000b78   0x00000b78   0x00000024   Code   RO          837    .text               mc_w.l(init.o)
    0x00000b9c   0x00000b9c   0x00000020   Code   RO          840    .text               mc_w.l(llushr.o)
    0x00000bbc   0x00000bbc   0x0000000a   Code   RO          842    .text               mc_w.l(isspace_c.o)
    0x00000bc6   0x00000bc6   0x00000002   PAD
    0x00000bc8   0x00000bc8   0x00000360   Code   RO          844    .text               mc_w.l(scanf_fp.o)
    0x00000f28   0x00000f28   0x00000040   Code   RO          848    .text               mc_w.l(_sgetc.o)
    0x00000f68   0x00000f68   0x00000022   Code   RO          851    .text               mf_w.l(dflti.o)
    0x00000f8a   0x00000f8a   0x0000001a   Code   RO          853    .text               mf_w.l(dfltui.o)
    0x00000fa4   0x00000fa4   0x0000003e   Code   RO          855    .text               mf_w.l(dfixi.o)
    0x00000fe2   0x00000fe2   0x00000002   PAD
    0x00000fe4   0x00000fe4   0x00000028   Code   RO          857    .text               mc_w.l(ctype_c.o)
    0x0000100c   0x0000100c   0x00000018   Code   RO          860    .text               mf_w.l(dfltul.o)
    0x00001024   0x00001024   0x00000056   Code   RO          870    .text               mc_w.l(__dczerorl2.o)
    0x0000107a   0x0000107a   0x00000002   PAD
    0x0000107c   0x0000107c   0x00000280   Code   RO          269    i.GPS_Get_Current_location  gps.o
    0x000012fc   0x000012fc   0x0000004a   Code   RO          270    i.GPS_Get_message   gps.o
    0x00001346   0x00001346   0x00000002   PAD
    0x00001348   0x00001348   0x0000037c   Code   RO          271    i.GPS_Set_Landmark  gps.o
    0x000016c4   0x000016c4   0x00000020   Code   RO          185    i.LCD_Print_int     lcd.o
    0x000016e4   0x000016e4   0x000000cc   Code   RO          186    i.LCD_init          lcd.o
    0x000017b0   0x000017b0   0x00000018   Code   RO          187    i.SysTick_Init      lcd.o
    0x000017c8   0x000017c8   0x0000001c   Code   RO          188    i.SysTick_Wait_1_ms  lcd.o
    0x000017e4   0x000017e4   0x0000001c   Code   RO          110    i.UART_InChar       tm4c123_gh6pm_uart.o
    0x00001800   0x00001800   0x000000dc   Code   RO          111    i.UART_Init         tm4c123_gh6pm_uart.o
    0x000018dc   0x000018dc   0x00000018   Code   RO          112    i.UART_OutChar      tm4c123_gh6pm_uart.o
    0x000018f4   0x000018f4   0x00000016   Code   RO          113    i.UART_OutString    tm4c123_gh6pm_uart.o
    0x0000190a   0x0000190a   0x00000002   PAD
    0x0000190c   0x0000190c   0x00000020   Code   RO          114    i.UART_Outint       tm4c123_gh6pm_uart.o
    0x0000192c   0x0000192c   0x00000028   Code   RO          681    i.__0sprintf        mc_w.l(printfa.o)
    0x00001954   0x00001954   0x00000030   Code   RO          833    i.__ARM_fpclassify  m_wm.l(fpclassify.o)
    0x00001984   0x00001984   0x00000004   PAD
    0x00001988   0x00001988   0x000002d8   Code   RO          717    i.__hardfp_atan     m_wm.l(atan.o)
    0x00001c60   0x00001c60   0x00000200   Code   RO          365    i.__hardfp_atan2    m_wm.l(atan2.o)
    0x00001e60   0x00001e60   0x00000038   Code   RO          377    i.__hardfp_atof     m_wm.l(atof.o)
    0x00001e98   0x00001e98   0x000000c8   Code   RO          383    i.__hardfp_cos      m_wm.l(cos.o)
    0x00001f60   0x00001f60   0x00000070   Code   RO          395    i.__hardfp_floorf   m_wm.l(floorf.o)
    0x00001fd0   0x00001fd0   0x000000b0   Code   RO          401    i.__hardfp_fmodf    m_wm.l(fmodf.o)
    0x00002080   0x00002080   0x000000c8   Code   RO          413    i.__hardfp_sin      m_wm.l(sin.o)
    0x00002148   0x00002148   0x0000007a   Code   RO          425    i.__hardfp_sqrt     m_wm.l(sqrt.o)
    0x000021c2   0x000021c2   0x00000006   PAD
    0x000021c8   0x000021c8   0x00000438   Code   RO          769    i.__ieee754_rem_pio2  m_wm.l(rred.o)
    0x00002600   0x00002600   0x00000170   Code   RO          731    i.__kernel_cos      m_wm.l(cos_i.o)
    0x00002770   0x00002770   0x000000f8   Code   RO          835    i.__kernel_poly     m_wm.l(poly.o)
    0x00002868   0x00002868   0x00000130   Code   RO          774    i.__kernel_sin      m_wm.l(sin_i.o)
    0x00002998   0x00002998   0x00000014   Code   RO          735    i.__mathlib_dbl_infnan  m_wm.l(dunder.o)
    0x000029ac   0x000029ac   0x00000014   Code   RO          736    i.__mathlib_dbl_infnan2  m_wm.l(dunder.o)
    0x000029c0   0x000029c0   0x00000020   Code   RO          737    i.__mathlib_dbl_invalid  m_wm.l(dunder.o)
    0x000029e0   0x000029e0   0x00000020   Code   RO          740    i.__mathlib_dbl_underflow  m_wm.l(dunder.o)
    0x00002a00   0x00002a00   0x00000010   Code   RO          757    i.__mathlib_flt_invalid  m_wm.l(funder.o)
    0x00002a10   0x00002a10   0x0000000c   Code   RO          808    i.__read_errno      mc_w.l(errno.o)
    0x00002a1c   0x00002a1c   0x0000000e   Code   RO          864    i.__scatterload_copy  mc_w.l(handlers.o)
    0x00002a2a   0x00002a2a   0x00000002   Code   RO          865    i.__scatterload_null  mc_w.l(handlers.o)
    0x00002a2c   0x00002a2c   0x0000000e   Code   RO          866    i.__scatterload_zeroinit  mc_w.l(handlers.o)
    0x00002a3a   0x00002a3a   0x00000002   PAD
    0x00002a3c   0x00002a3c   0x0000000c   Code   RO          809    i.__set_errno       mc_w.l(errno.o)
    0x00002a48   0x00002a48   0x00000184   Code   RO          686    i._fp_digits        mc_w.l(printfa.o)
    0x00002bcc   0x00002bcc   0x0000000e   Code   RO          846    i._is_digit         mc_w.l(scanf_fp.o)
    0x00002bda   0x00002bda   0x00000002   PAD
    0x00002bdc   0x00002bdc   0x000006b4   Code   RO          687    i._printf_core      mc_w.l(printfa.o)
    0x00003290   0x00003290   0x00000024   Code   RO          688    i._printf_post_padding  mc_w.l(printfa.o)
    0x000032b4   0x000032b4   0x0000002e   Code   RO          689    i._printf_pre_padding  mc_w.l(printfa.o)
    0x000032e2   0x000032e2   0x0000000a   Code   RO          691    i._sputc            mc_w.l(printfa.o)
    0x000032ec   0x000032ec   0x00000010   Code   RO          719    i.atan              m_wm.l(atan.o)
    0x000032fc   0x000032fc   0x0000000c   Code   RO          189    i.delay_ms          lcd.o
    0x00003308   0x00003308   0x00000018   Code   RO          750    i.fabs              m_wm.l(fabs.o)
    0x00003320   0x00003320   0x0000005c   Code   RO          190    i.lcd_cmd           lcd.o
    0x0000337c   0x0000337c   0x0000005c   Code   RO          191    i.lcd_data          lcd.o
    0x000033d8   0x000033d8   0x00000016   Code   RO          192    i.lcd_string        lcd.o
    0x000033ee   0x000033ee   0x00000002   PAD
    0x000033f0   0x000033f0   0x00000018   Code   RO            4    i.main              main.o
    0x00003408   0x00003408   0x0000014c   Code   RO          193    i.passdata          lcd.o
    0x00003554   0x00003554   0x00000004   PAD
    0x00003558   0x00003558   0x00000098   Data   RO          720    .constdata          m_wm.l(atan.o)
    0x000035f0   0x000035f0   0x00000030   Data   RO          732    .constdata          m_wm.l(cos_i.o)
    0x00003620   0x00003620   0x00000008   Data   RO          768    .constdata          m_wm.l(qnan.o)
    0x00003628   0x00003628   0x000000c8   Data   RO          771    .constdata          m_wm.l(rred.o)
    0x000036f0   0x000036f0   0x00000028   Data   RO          775    .constdata          m_wm.l(sin_i.o)
    0x00003718   0x00003718   0x00000040   Data   RO          858    .constdata          mc_w.l(ctype_c.o)
    0x00003758   0x00003758   0x00000020   Data   RO          862    Region$$Table       anon$$obj.o


    Execution Region ER_RW (Exec base: 0x20000000, Load base: 0x00003778, Size: 0x00000188, Max: 0xffffffff, ABSOLUTE, COMPRESSED[0x000000ac])

    Exec Addr    Load Addr    Size         Type   Attr      Idx    E Section Name        Object

    0x20000000   COMPRESSED   0x00000184   Data   RW          273    .data               gps.o
    0x20000184   COMPRESSED   0x00000004   Data   RW          810    .data               mc_w.l(errno.o)


    Execution Region ER_ZI (Exec base: 0x20000188, Load base: 0x00003824, Size: 0x00000288, Max: 0xffffffff, ABSOLUTE)

    Exec Addr    Load Addr    Size         Type   Attr      Idx    E Section Name        Object

    0x20000188        -       0x00000088   Zero   RW            5    .bss                main.o
    0x20000210        -       0x00000200   Zero   RW          317    STACK               startup_tm4c123.o


==============================================================================

Image component sizes


      Code (inc. data)   RO Data    RW Data    ZI Data      Debug   Object Name

      1606        134          0        388          0       4710   gps.o
       838         96          0          0          0       5502   lcd.o
        24          4          0          0        136       6704   main.o
       268         10        620          0        512       5464   startup_tm4c123.o
       326         42          0          0          0       3000   tm4c123_gh6pm_uart.o

    ----------------------------------------------------------------------
      3072        290        652        388        648      25380   Object Totals
         0          0         32          0          0          0   (incl. Generated)
        10          4          0          0          0          0   (incl. Padding)

    ----------------------------------------------------------------------

      Code (inc. data)   RO Data    RW Data    ZI Data      Debug   Library Member Name

       744        106        152          0          0        352   atan.o
       512         64          0          0          0        208   atan2.o
        56         12          0          0          0        132   atof.o
       200         20          0          0          0        164   cos.o
       368         46         48          0          0        200   cos_i.o
       104         16          0          0          0        496   dunder.o
        24          0          0          0          0        124   fabs.o
       112         14          0          0          0        116   floorf.o
       176          0          0          0          0        168   fmodf.o
        48          0          0          0          0        124   fpclassify.o
        16          6          0          0          0        116   funder.o
       248          0          0          0          0        152   poly.o
         0          0          8          0          0          0   qnan.o
      1080        142        200          0          0        188   rred.o
       200         20          0          0          0        164   sin.o
       304         24         40          0          0        208   sin_i.o
       122          0          0          0          0        148   sqrt.o
        86          0          0          0          0          0   __dczerorl2.o
        64          0          0          0          0         84   _sgetc.o
        40          6         64          0          0         68   ctype_c.o
         0          0          0          0          0          0   entry.o
         0          0          0          0          0          0   entry10a.o
         0          0          0          0          0          0   entry11a.o
         4          0          0          0          0          0   entry12b.o
         8          4          0          0          0          0   entry2.o
         4          0          0          0          0          0   entry5.o
         0          0          0          0          0          0   entry7b.o
         0          0          0          0          0          0   entry8b.o
         8          4          0          0          0          0   entry9a.o
        24         12          0          4          0        136   errno.o
        30          0          0          0          0          0   handlers.o
        36          8          0          0          0         68   init.o
        10          0          0          0          0         68   isspace_c.o
         0          0          0          0          0          0   iusefp.o
        30          0          0          0          0         68   llshl.o
        36          0          0          0          0         68   llsshr.o
        32          0          0          0          0         68   llushr.o
        36          0          0          0          0        108   memseta.o
      2236         86          0          0          0        532   printfa.o
       878         12          0          0          0        216   scanf_fp.o
        24          0          0          0          0         76   strncpy.o
        36          0          0          0          0         80   strstr.o
       156         12          0          0          0        120   strtod.o
        44          0          0          0          0         80   uidiv.o
        98          0          0          0          0         92   uldiv.o
        48          0          0          0          0         68   cdcmple.o
        48          0          0          0          0         68   cdrcmple.o
        56          0          0          0          0         88   d2f.o
       334          0          0          0          0        148   dadd.o
       222          0          0          0          0        100   ddiv.o
       186          0          0          0          0        176   depilogue.o
        62          0          0          0          0         80   dfixi.o
        48          0          0          0          0         68   dfixul.o
        34          0          0          0          0         76   dflti.o
        26          0          0          0          0         76   dfltui.o
        24          0          0          0          0         76   dfltul.o
       228          0          0          0          0         96   dmul.o
       162          0          0          0          0        100   dsqrt.o
        38          0          0          0          0         68   f2d.o
       110          0          0          0          0        168   fepilogue.o
        82          0          0          0          0         96   frem.o

    ----------------------------------------------------------------------
      9964        614        512          4          0       6544   Library Totals
        22          0          0          0          0          0   (incl. Padding)

    ----------------------------------------------------------------------

      Code (inc. data)   RO Data    RW Data    ZI Data      Debug   Library Name

      4314        470        448          0          0       3060   m_wm.l
      3920        144         64          4          0       1932   mc_w.l
      1708          0          0          0          0       1552   mf_w.l

    ----------------------------------------------------------------------
      9964        614        512          4          0       6544   Library Totals

    ----------------------------------------------------------------------

==============================================================================


      Code (inc. data)   RO Data    RW Data    ZI Data      Debug   

     13036        904       1164        392        648      27088   Grand Totals
     13036        904       1164        172        648      27088   ELF Image Totals (compressed)
     13036        904       1164        172          0          0   ROM Totals

==============================================================================

    Total RO  Size (Code + RO Data)                14200 (  13.87kB)
    Total RW  Size (RW Data + ZI Data)              1040 (   1.02kB)
    Total ROM Size (Code + RO Data + RW Data)      14372 (  14.04kB)

==============================================================================

