Component: ARM Compiler 5.06 update 7 (build 960) Tool: armlink [4d3601]

==============================================================================

Section Cross References

    main.o(i.main) refers to gps.o(i.GPS_Get_Current_location) for GPS_Get_Current_location
    main.o(i.main) refers to main.o(.bss) for current_location
    tm4c123_gh6pm_uart.o(i.UART7_OutString) refers to tm4c123_gh6pm_uart.o(i.UART7_OutChar) for UART7_OutChar
    tm4c123_gh6pm_uart.o(i.UART7_getCommand1) refers to tm4c123_gh6pm_uart.o(i.UART7_InChar) for UART7_InChar
    tm4c123_gh6pm_uart.o(i.UART7_getCommand1) refers to tm4c123_gh6pm_uart.o(i.UART7_OutChar) for UART7_OutChar
    lcd.o(i.LCD_init) refers to lcd.o(i.lcd_cmd) for lcd_cmd
    lcd.o(i.lcd_cmd) refers to lcd.o(i.passdata) for passdata
    lcd.o(i.lcd_cmd) refers to lcd.o(i.delay) for delay
    lcd.o(i.lcd_data) refers to lcd.o(i.passdata) for passdata
    lcd.o(i.lcd_data) refers to lcd.o(i.delay) for delay
    lcd.o(i.lcdstring) refers to lcd.o(i.lcd_data) for lcd_data
    gps.o(i.GPS_Get_Current_location) refers to gps.o(i.GPS_Get_message) for GPS_Get_message
    gps.o(i.GPS_Get_Current_location) refers to strstr.o(.text) for strstr
    gps.o(i.GPS_Get_Current_location) refers to strncpy.o(.text) for strncpy
    gps.o(i.GPS_Get_Current_location) refers to atof.o(i.__hardfp_atof) for __hardfp_atof
    gps.o(i.GPS_Get_Current_location) refers to d2f.o(.text) for __aeabi_d2f
    gps.o(i.GPS_Get_Current_location) refers to gps.o(i.GPS_Set_Landmark) for GPS_Set_Landmark
    gps.o(i.GPS_Get_message) refers to tm4c123_gh6pm_uart.o(i.UART7_InChar) for UART7_InChar
    gps.o(i.GPS_Get_message) refers to tm4c123_gh6pm_uart.o(i.UART7_OutChar) for UART7_OutChar
    startup_tm4c123.o(RESET) refers to startup_tm4c123.o(STACK) for __initial_sp
    startup_tm4c123.o(RESET) refers to startup_tm4c123.o(.text) for Reset_Handler
    startup_tm4c123.o(.text) refers to entry.o(.ARM.Collect$$$$00000000) for __main
    system_tm4c123.o(i.SystemCoreClockUpdate) refers to system_tm4c123.o(i.getOscClk) for getOscClk
    system_tm4c123.o(i.SystemCoreClockUpdate) refers to system_tm4c123.o(.data) for SystemCoreClock
    atof.o(i.__hardfp_atof) refers (Special) to iusefp.o(.text) for __I$use$fp
    atof.o(i.__hardfp_atof) refers to errno.o(i.__read_errno) for __read_errno
    atof.o(i.__hardfp_atof) refers to strtod.o(.text) for __strtod_int
    atof.o(i.__hardfp_atof) refers to errno.o(i.__set_errno) for __set_errno
    atof.o(i.__softfp_atof) refers (Special) to iusefp.o(.text) for __I$use$fp
    atof.o(i.__softfp_atof) refers to errno.o(i.__read_errno) for __read_errno
    atof.o(i.__softfp_atof) refers to strtod.o(.text) for __strtod_int
    atof.o(i.__softfp_atof) refers to errno.o(i.__set_errno) for __set_errno
    atof.o(i.atof) refers (Special) to iusefp.o(.text) for __I$use$fp
    atof.o(i.atof) refers to errno.o(i.__read_errno) for __read_errno
    atof.o(i.atof) refers to strtod.o(.text) for __strtod_int
    atof.o(i.atof) refers to errno.o(i.__set_errno) for __set_errno
    entry.o(.ARM.Collect$$$$00000000) refers (Special) to entry10a.o(.ARM.Collect$$$$0000000F) for __rt_final_cpp
    entry.o(.ARM.Collect$$$$00000000) refers (Special) to entry11a.o(.ARM.Collect$$$$00000011) for __rt_final_exit
    entry.o(.ARM.Collect$$$$00000000) refers (Special) to entry12b.o(.ARM.Collect$$$$0000000E) for __rt_lib_shutdown_fini
    entry.o(.ARM.Collect$$$$00000000) refers (Special) to entry7b.o(.ARM.Collect$$$$00000008) for _main_clock
    entry.o(.ARM.Collect$$$$00000000) refers (Special) to entry8b.o(.ARM.Collect$$$$0000000A) for _main_cpp_init
    entry.o(.ARM.Collect$$$$00000000) refers (Special) to entry9a.o(.ARM.Collect$$$$0000000B) for _main_init
    entry.o(.ARM.Collect$$$$00000000) refers (Special) to entry5.o(.ARM.Collect$$$$00000004) for _main_scatterload
    entry.o(.ARM.Collect$$$$00000000) refers (Special) to entry2.o(.ARM.Collect$$$$00000001) for _main_stk
    d2f.o(.text) refers (Special) to iusefp.o(.text) for __I$use$fp
    d2f.o(.text) refers to fepilogue.o(.text) for _float_round
    entry2.o(.ARM.Collect$$$$00000001) refers to entry2.o(.ARM.Collect$$$$00002712) for __lit__00000000
    entry2.o(.ARM.Collect$$$$00002712) refers to startup_tm4c123.o(STACK) for __initial_sp
    entry2.o(__vectab_stack_and_reset_area) refers to startup_tm4c123.o(STACK) for __initial_sp
    entry2.o(__vectab_stack_and_reset_area) refers to entry.o(.ARM.Collect$$$$00000000) for __main
    entry5.o(.ARM.Collect$$$$00000004) refers to init.o(.text) for __scatterload
    entry9a.o(.ARM.Collect$$$$0000000B) refers to main.o(i.main) for main
    entry9b.o(.ARM.Collect$$$$0000000C) refers to main.o(i.main) for main
    errno.o(i.__aeabi_errno_addr) refers to errno.o(.data) for .data
    errno.o(i.__read_errno) refers to errno.o(.data) for .data
    errno.o(i.__set_errno) refers to errno.o(.data) for .data
    strtod.o(.text) refers to scanf_fp.o(.text) for _scanf_real
    strtod.o(.text) refers to _sgetc.o(.text) for _sgetc
    strtod.o(.text) refers to isspace_c.o(.text) for isspace
    init.o(.text) refers to entry5.o(.ARM.Collect$$$$00000004) for __main_after_scatterload
    isspace_c.o(.text) refers to ctype_c.o(.text) for __ctype_lookup
    scanf_fp.o(.text) refers (Special) to iusefp.o(.text) for __I$use$fp
    scanf_fp.o(.text) refers to dfltul.o(.text) for __aeabi_ul2d
    scanf_fp.o(.text) refers to dmul.o(.text) for __aeabi_dmul
    scanf_fp.o(.text) refers to ddiv.o(.text) for __aeabi_ddiv
    scanf_fp.o(.text) refers to scanf_fp.o(i._is_digit) for _is_digit
    scanf_fp.o(.text) refers to d2f.o(.text) for __aeabi_d2f
    ctype_c.o(.text) refers to ctype_c.o(.constdata) for .constdata
    dmul.o(.text) refers to depilogue.o(.text) for _double_epilogue
    ddiv.o(.text) refers to depilogue.o(.text) for _double_round
    dfltul.o(.text) refers to depilogue.o(.text) for _double_epilogue
    depilogue.o(.text) refers to llshl.o(.text) for __aeabi_llsl
    depilogue.o(.text) refers to llushr.o(.text) for __aeabi_llsr
    scanf_fp.o(i._is_digit) refers (Special) to iusefp.o(.text) for __I$use$fp


==============================================================================

Removing Unused input sections from the image.

    Removing main.o(.rev16_text), (4 bytes).
    Removing main.o(.revsh_text), (4 bytes).
    Removing main.o(.rrx_text), (6 bytes).
    Removing tm4c123_gh6pm_gpio.o(i.GPIO_init), (568 bytes).
    Removing tm4c123_gh6pm_uart.o(i.UART7_Init), (144 bytes).
    Removing tm4c123_gh6pm_uart.o(i.UART7_OutString), (22 bytes).
    Removing tm4c123_gh6pm_uart.o(i.UART7_getCommand1), (54 bytes).
    Removing tm4c123_gh6pm_uart.o(.bss), (128 bytes).
    Removing tm4c123_gh6pm_uart.o(.constdata), (4 bytes).
    Removing lcd.o(.rev16_text), (4 bytes).
    Removing lcd.o(.revsh_text), (4 bytes).
    Removing lcd.o(.rrx_text), (6 bytes).
    Removing lcd.o(i.LCD_init), (28 bytes).
    Removing lcd.o(i.delay), (12 bytes).
    Removing lcd.o(i.lcd_cmd), (88 bytes).
    Removing lcd.o(i.lcd_data), (88 bytes).
    Removing lcd.o(i.lcdstring), (24 bytes).
    Removing lcd.o(i.passdata), (324 bytes).
    Removing gps.o(.rev16_text), (4 bytes).
    Removing gps.o(.revsh_text), (4 bytes).
    Removing gps.o(.rrx_text), (6 bytes).
    Removing gps.o(i.GPS_Display_region), (2 bytes).
    Removing gps.o(.constdata), (8 bytes).
    Removing gps.o(.data), (336 bytes).
    Removing startup_tm4c123.o(HEAP), (0 bytes).
    Removing system_tm4c123.o(.rev16_text), (4 bytes).
    Removing system_tm4c123.o(.revsh_text), (4 bytes).
    Removing system_tm4c123.o(.rrx_text), (6 bytes).
    Removing system_tm4c123.o(i.SystemCoreClockUpdate), (196 bytes).
    Removing system_tm4c123.o(i.SystemInit), (152 bytes).
    Removing system_tm4c123.o(i.getOscClk), (244 bytes).
    Removing system_tm4c123.o(.data), (4 bytes).

32 unused section(s) (total 2482 bytes) removed from the image.

==============================================================================

Image Symbol Table

    Local Symbols

    Symbol Name                              Value     Ov Type        Size  Object(Section)

    RESET                                    0x00000000   Section      620  startup_tm4c123.o(RESET)
    ../clib/microlib/ctype/ctype.c           0x00000000   Number         0  ctype_c.o ABSOLUTE
    ../clib/microlib/ctype/ctype.c           0x00000000   Number         0  isspace_c.o ABSOLUTE
    ../clib/microlib/errno.c                 0x00000000   Number         0  errno.o ABSOLUTE
    ../clib/microlib/init/entry.s            0x00000000   Number         0  entry8a.o ABSOLUTE
    ../clib/microlib/init/entry.s            0x00000000   Number         0  entry12b.o ABSOLUTE
    ../clib/microlib/init/entry.s            0x00000000   Number         0  entry2.o ABSOLUTE
    ../clib/microlib/init/entry.s            0x00000000   Number         0  entry7b.o ABSOLUTE
    ../clib/microlib/init/entry.s            0x00000000   Number         0  entry12a.o ABSOLUTE
    ../clib/microlib/init/entry.s            0x00000000   Number         0  entry11b.o ABSOLUTE
    ../clib/microlib/init/entry.s            0x00000000   Number         0  entry5.o ABSOLUTE
    ../clib/microlib/init/entry.s            0x00000000   Number         0  entry7a.o ABSOLUTE
    ../clib/microlib/init/entry.s            0x00000000   Number         0  entry9a.o ABSOLUTE
    ../clib/microlib/init/entry.s            0x00000000   Number         0  entry.o ABSOLUTE
    ../clib/microlib/init/entry.s            0x00000000   Number         0  entry10a.o ABSOLUTE
    ../clib/microlib/init/entry.s            0x00000000   Number         0  entry11a.o ABSOLUTE
    ../clib/microlib/init/entry.s            0x00000000   Number         0  entry9b.o ABSOLUTE
    ../clib/microlib/init/entry.s            0x00000000   Number         0  entry10b.o ABSOLUTE
    ../clib/microlib/init/entry.s            0x00000000   Number         0  entry8b.o ABSOLUTE
    ../clib/microlib/longlong.c              0x00000000   Number         0  llushr.o ABSOLUTE
    ../clib/microlib/longlong.c              0x00000000   Number         0  llshl.o ABSOLUTE
    ../clib/microlib/string/strncpy.c        0x00000000   Number         0  strncpy.o ABSOLUTE
    ../clib/microlib/string/strstr.c         0x00000000   Number         0  strstr.o ABSOLUTE
    ../clib/microlib/stubs.s                 0x00000000   Number         0  iusefp.o ABSOLUTE
    ../clib/scanf.c                          0x00000000   Number         0  scanf_fp.o ABSOLUTE
    ../clib/scanf.c                          0x00000000   Number         0  strtod.o ABSOLUTE
    ../clib/scanf.c                          0x00000000   Number         0  _sgetc.o ABSOLUTE
    ../fplib/microlib/d2f.c                  0x00000000   Number         0  d2f.o ABSOLUTE
    ../fplib/microlib/fpdiv.c                0x00000000   Number         0  ddiv.o ABSOLUTE
    ../fplib/microlib/fpepilogue.c           0x00000000   Number         0  fepilogue.o ABSOLUTE
    ../fplib/microlib/fpepilogue.c           0x00000000   Number         0  depilogue.o ABSOLUTE
    ../fplib/microlib/fpflt.c                0x00000000   Number         0  dfltul.o ABSOLUTE
    ../fplib/microlib/fpmul.c                0x00000000   Number         0  dmul.o ABSOLUTE
    ../mathlib/atof.c                        0x00000000   Number         0  atof.o ABSOLUTE
    RTE\Device\TM4C123GH6PM\startup_TM4C123.s 0x00000000   Number         0  startup_tm4c123.o ABSOLUTE
    RTE\Device\TM4C123GH6PM\system_TM4C123.c 0x00000000   Number         0  system_tm4c123.o ABSOLUTE
    RTE\\Device\\TM4C123GH6PM\\system_TM4C123.c 0x00000000   Number         0  system_tm4c123.o ABSOLUTE
    TM4C123_GH6PM_Drivers\GPS_Driver\GPS.c   0x00000000   Number         0  gps.o ABSOLUTE
    TM4C123_GH6PM_Drivers\LCD_Driver\LCD.c   0x00000000   Number         0  lcd.o ABSOLUTE
    TM4C123_GH6PM_Drivers\Systick_Driver\Systick.c 0x00000000   Number         0  systick.o ABSOLUTE
    TM4C123_GH6PM_Drivers\TM4C123_GH6PM_GPIO.c 0x00000000   Number         0  tm4c123_gh6pm_gpio.o ABSOLUTE
    TM4C123_GH6PM_Drivers\TM4C123_GH6PM_UART.c 0x00000000   Number         0  tm4c123_gh6pm_uart.o ABSOLUTE
    TM4C123_GH6PM_Drivers\\GPS_Driver\\GPS.c 0x00000000   Number         0  gps.o ABSOLUTE
    TM4C123_GH6PM_Drivers\\LCD_Driver\\LCD.c 0x00000000   Number         0  lcd.o ABSOLUTE
    dc.s                                     0x00000000   Number         0  dc.o ABSOLUTE
    handlers.s                               0x00000000   Number         0  handlers.o ABSOLUTE
    init.s                                   0x00000000   Number         0  init.o ABSOLUTE
    main.c                                   0x00000000   Number         0  main.o ABSOLUTE
    main.c                                   0x00000000   Number         0  main.o ABSOLUTE
    .ARM.Collect$$$$00000000                 0x0000026c   Section        0  entry.o(.ARM.Collect$$$$00000000)
    .ARM.Collect$$$$00000001                 0x0000026c   Section        4  entry2.o(.ARM.Collect$$$$00000001)
    .ARM.Collect$$$$00000004                 0x00000270   Section        4  entry5.o(.ARM.Collect$$$$00000004)
    .ARM.Collect$$$$00000008                 0x00000274   Section        0  entry7b.o(.ARM.Collect$$$$00000008)
    .ARM.Collect$$$$0000000A                 0x00000274   Section        0  entry8b.o(.ARM.Collect$$$$0000000A)
    .ARM.Collect$$$$0000000B                 0x00000274   Section        8  entry9a.o(.ARM.Collect$$$$0000000B)
    .ARM.Collect$$$$0000000E                 0x0000027c   Section        4  entry12b.o(.ARM.Collect$$$$0000000E)
    .ARM.Collect$$$$0000000F                 0x00000280   Section        0  entry10a.o(.ARM.Collect$$$$0000000F)
    .ARM.Collect$$$$00000011                 0x00000280   Section        0  entry11a.o(.ARM.Collect$$$$00000011)
    .ARM.Collect$$$$00002712                 0x00000280   Section        4  entry2.o(.ARM.Collect$$$$00002712)
    __lit__00000000                          0x00000280   Data           4  entry2.o(.ARM.Collect$$$$00002712)
    .text                                    0x00000284   Section      268  startup_tm4c123.o(.text)
    $v0                                      0x00000284   Number         0  startup_tm4c123.o(.text)
    .text                                    0x00000390   Section        0  strstr.o(.text)
    .text                                    0x000003b4   Section        0  strncpy.o(.text)
    .text                                    0x000003cc   Section        0  d2f.o(.text)
    .text                                    0x00000404   Section        0  strtod.o(.text)
    _local_sscanf                            0x00000405   Thumb Code    54  strtod.o(.text)
    .text                                    0x000004a0   Section        0  iusefp.o(.text)
    .text                                    0x000004a0   Section        0  fepilogue.o(.text)
    .text                                    0x00000510   Section       36  init.o(.text)
    .text                                    0x00000534   Section        0  isspace_c.o(.text)
    .text                                    0x00000540   Section        0  scanf_fp.o(.text)
    _fp_value                                0x00000541   Thumb Code   296  scanf_fp.o(.text)
    .text                                    0x000008a0   Section        0  _sgetc.o(.text)
    .text                                    0x000008e0   Section        0  ctype_c.o(.text)
    .text                                    0x00000908   Section        0  dmul.o(.text)
    .text                                    0x000009ec   Section        0  ddiv.o(.text)
    .text                                    0x00000aca   Section        0  dfltul.o(.text)
    .text                                    0x00000ae2   Section        0  depilogue.o(.text)
    .text                                    0x00000b9c   Section        0  llshl.o(.text)
    .text                                    0x00000bba   Section        0  llushr.o(.text)
    i.GPS_Get_Current_location               0x00000bdc   Section        0  gps.o(i.GPS_Get_Current_location)
    i.GPS_Get_message                        0x00000c94   Section        0  gps.o(i.GPS_Get_message)
    i.GPS_Set_Landmark                       0x00000cc2   Section        0  gps.o(i.GPS_Set_Landmark)
    i.UART7_InChar                           0x00000cc4   Section        0  tm4c123_gh6pm_uart.o(i.UART7_InChar)
    i.UART7_OutChar                          0x00000ce0   Section        0  tm4c123_gh6pm_uart.o(i.UART7_OutChar)
    i.__hardfp_atof                          0x00000cf8   Section        0  atof.o(i.__hardfp_atof)
    i.__read_errno                           0x00000d30   Section        0  errno.o(i.__read_errno)
    i.__scatterload_copy                     0x00000d3c   Section       14  handlers.o(i.__scatterload_copy)
    i.__scatterload_null                     0x00000d4a   Section        2  handlers.o(i.__scatterload_null)
    i.__scatterload_zeroinit                 0x00000d4c   Section       14  handlers.o(i.__scatterload_zeroinit)
    i.__set_errno                            0x00000d5c   Section        0  errno.o(i.__set_errno)
    i._is_digit                              0x00000d68   Section        0  scanf_fp.o(i._is_digit)
    i.main                                   0x00000d78   Section        0  main.o(i.main)
    .constdata                               0x00000d88   Section       64  ctype_c.o(.constdata)
    .data                                    0x20000000   Section        4  errno.o(.data)
    _errno                                   0x20000000   Data           4  errno.o(.data)
    .bss                                     0x20000004   Section       96  main.o(.bss)
    STACK                                    0x20000068   Section      512  startup_tm4c123.o(STACK)

    Global Symbols

    Symbol Name                              Value     Ov Type        Size  Object(Section)

    BuildAttributes$$THM_ISAv4$E$P$D$K$B$S$7EM$VFPi3$EXTD16$VFPS$VFMA$PE$A:L22UL41UL21$X:L11$S22US41US21$IEEE1$IW$USESV6$~STKCKD$USESV7$~SHL$OTIME$ROPI$IEEEJ$EBA8$MICROLIB$REQ8$PRES8$EABIv2 0x00000000   Number         0  anon$$obj.o ABSOLUTE
    __ARM_use_no_argv                        0x00000000   Number         0  main.o ABSOLUTE
    __Vectors                                0x00000000   Data           4  startup_tm4c123.o(RESET)
    __arm_fini_                               - Undefined Weak Reference
    __cpp_initialize__aeabi_                  - Undefined Weak Reference
    __cxa_finalize                            - Undefined Weak Reference
    __decompress                              - Undefined Weak Reference
    _clock_init                               - Undefined Weak Reference
    _microlib_exit                            - Undefined Weak Reference
    __Vectors_End                            0x0000026c   Data           0  startup_tm4c123.o(RESET)
    __Vectors_Size                           0x0000026c   Number         0  startup_tm4c123.o ABSOLUTE
    __main                                   0x0000026d   Thumb Code     0  entry.o(.ARM.Collect$$$$00000000)
    _main_stk                                0x0000026d   Thumb Code     0  entry2.o(.ARM.Collect$$$$00000001)
    _main_scatterload                        0x00000271   Thumb Code     0  entry5.o(.ARM.Collect$$$$00000004)
    __main_after_scatterload                 0x00000275   Thumb Code     0  entry5.o(.ARM.Collect$$$$00000004)
    _main_clock                              0x00000275   Thumb Code     0  entry7b.o(.ARM.Collect$$$$00000008)
    _main_cpp_init                           0x00000275   Thumb Code     0  entry8b.o(.ARM.Collect$$$$0000000A)
    _main_init                               0x00000275   Thumb Code     0  entry9a.o(.ARM.Collect$$$$0000000B)
    __rt_lib_shutdown_fini                   0x0000027d   Thumb Code     0  entry12b.o(.ARM.Collect$$$$0000000E)
    __rt_final_cpp                           0x00000281   Thumb Code     0  entry10a.o(.ARM.Collect$$$$0000000F)
    __rt_final_exit                          0x00000281   Thumb Code     0  entry11a.o(.ARM.Collect$$$$00000011)
    Reset_Handler                            0x00000285   Thumb Code    24  startup_tm4c123.o(.text)
    NMI_Handler                              0x0000029d   Thumb Code     2  startup_tm4c123.o(.text)
    HardFault_Handler                        0x0000029f   Thumb Code     2  startup_tm4c123.o(.text)
    MemManage_Handler                        0x000002a1   Thumb Code     2  startup_tm4c123.o(.text)
    BusFault_Handler                         0x000002a3   Thumb Code     2  startup_tm4c123.o(.text)
    UsageFault_Handler                       0x000002a5   Thumb Code     2  startup_tm4c123.o(.text)
    SVC_Handler                              0x000002a7   Thumb Code     2  startup_tm4c123.o(.text)
    DebugMon_Handler                         0x000002a9   Thumb Code     2  startup_tm4c123.o(.text)
    PendSV_Handler                           0x000002ab   Thumb Code     2  startup_tm4c123.o(.text)
    SysTick_Handler                          0x000002ad   Thumb Code     2  startup_tm4c123.o(.text)
    GPIOA_Handler                            0x000002af   Thumb Code     2  startup_tm4c123.o(.text)
    GPIOB_Handler                            0x000002b1   Thumb Code     2  startup_tm4c123.o(.text)
    GPIOC_Handler                            0x000002b3   Thumb Code     2  startup_tm4c123.o(.text)
    GPIOD_Handler                            0x000002b5   Thumb Code     2  startup_tm4c123.o(.text)
    GPIOE_Handler                            0x000002b7   Thumb Code     2  startup_tm4c123.o(.text)
    UART0_Handler                            0x000002b9   Thumb Code     2  startup_tm4c123.o(.text)
    UART1_Handler                            0x000002bb   Thumb Code     2  startup_tm4c123.o(.text)
    SSI0_Handler                             0x000002bd   Thumb Code     2  startup_tm4c123.o(.text)
    I2C0_Handler                             0x000002bf   Thumb Code     2  startup_tm4c123.o(.text)
    PMW0_FAULT_Handler                       0x000002c1   Thumb Code     2  startup_tm4c123.o(.text)
    PWM0_0_Handler                           0x000002c3   Thumb Code     2  startup_tm4c123.o(.text)
    PWM0_1_Handler                           0x000002c5   Thumb Code     2  startup_tm4c123.o(.text)
    PWM0_2_Handler                           0x000002c7   Thumb Code     2  startup_tm4c123.o(.text)
    QEI0_Handler                             0x000002c9   Thumb Code     2  startup_tm4c123.o(.text)
    ADC0SS0_Handler                          0x000002cb   Thumb Code     2  startup_tm4c123.o(.text)
    ADC0SS1_Handler                          0x000002cd   Thumb Code     2  startup_tm4c123.o(.text)
    ADC0SS2_Handler                          0x000002cf   Thumb Code     2  startup_tm4c123.o(.text)
    ADC0SS3_Handler                          0x000002d1   Thumb Code     2  startup_tm4c123.o(.text)
    WDT0_Handler                             0x000002d3   Thumb Code     2  startup_tm4c123.o(.text)
    TIMER0A_Handler                          0x000002d5   Thumb Code     2  startup_tm4c123.o(.text)
    TIMER0B_Handler                          0x000002d7   Thumb Code     2  startup_tm4c123.o(.text)
    TIMER1A_Handler                          0x000002d9   Thumb Code     2  startup_tm4c123.o(.text)
    TIMER1B_Handler                          0x000002db   Thumb Code     2  startup_tm4c123.o(.text)
    TIMER2A_Handler                          0x000002dd   Thumb Code     2  startup_tm4c123.o(.text)
    TIMER2B_Handler                          0x000002df   Thumb Code     2  startup_tm4c123.o(.text)
    COMP0_Handler                            0x000002e1   Thumb Code     2  startup_tm4c123.o(.text)
    COMP1_Handler                            0x000002e3   Thumb Code     2  startup_tm4c123.o(.text)
    COMP2_Handler                            0x000002e5   Thumb Code     2  startup_tm4c123.o(.text)
    SYSCTL_Handler                           0x000002e7   Thumb Code     2  startup_tm4c123.o(.text)
    FLASH_Handler                            0x000002e9   Thumb Code     2  startup_tm4c123.o(.text)
    GPIOF_Handler                            0x000002eb   Thumb Code     2  startup_tm4c123.o(.text)
    GPIOG_Handler                            0x000002ed   Thumb Code     2  startup_tm4c123.o(.text)
    GPIOH_Handler                            0x000002ef   Thumb Code     2  startup_tm4c123.o(.text)
    UART2_Handler                            0x000002f1   Thumb Code     2  startup_tm4c123.o(.text)
    SSI1_Handler                             0x000002f3   Thumb Code     2  startup_tm4c123.o(.text)
    TIMER3A_Handler                          0x000002f5   Thumb Code     2  startup_tm4c123.o(.text)
    TIMER3B_Handler                          0x000002f7   Thumb Code     2  startup_tm4c123.o(.text)
    I2C1_Handler                             0x000002f9   Thumb Code     2  startup_tm4c123.o(.text)
    QEI1_Handler                             0x000002fb   Thumb Code     2  startup_tm4c123.o(.text)
    CAN0_Handler                             0x000002fd   Thumb Code     2  startup_tm4c123.o(.text)
    CAN1_Handler                             0x000002ff   Thumb Code     2  startup_tm4c123.o(.text)
    CAN2_Handler                             0x00000301   Thumb Code     2  startup_tm4c123.o(.text)
    HIB_Handler                              0x00000303   Thumb Code     2  startup_tm4c123.o(.text)
    USB0_Handler                             0x00000305   Thumb Code     2  startup_tm4c123.o(.text)
    PWM0_3_Handler                           0x00000307   Thumb Code     2  startup_tm4c123.o(.text)
    UDMA_Handler                             0x00000309   Thumb Code     2  startup_tm4c123.o(.text)
    UDMAERR_Handler                          0x0000030b   Thumb Code     2  startup_tm4c123.o(.text)
    ADC1SS0_Handler                          0x0000030d   Thumb Code     2  startup_tm4c123.o(.text)
    ADC1SS1_Handler                          0x0000030f   Thumb Code     2  startup_tm4c123.o(.text)
    ADC1SS2_Handler                          0x00000311   Thumb Code     2  startup_tm4c123.o(.text)
    ADC1SS3_Handler                          0x00000313   Thumb Code     2  startup_tm4c123.o(.text)
    GPIOJ_Handler                            0x00000315   Thumb Code     2  startup_tm4c123.o(.text)
    GPIOK_Handler                            0x00000317   Thumb Code     2  startup_tm4c123.o(.text)
    GPIOL_Handler                            0x00000319   Thumb Code     2  startup_tm4c123.o(.text)
    SSI2_Handler                             0x0000031b   Thumb Code     2  startup_tm4c123.o(.text)
    SSI3_Handler                             0x0000031d   Thumb Code     2  startup_tm4c123.o(.text)
    UART3_Handler                            0x0000031f   Thumb Code     2  startup_tm4c123.o(.text)
    UART4_Handler                            0x00000321   Thumb Code     2  startup_tm4c123.o(.text)
    UART5_Handler                            0x00000323   Thumb Code     2  startup_tm4c123.o(.text)
    UART6_Handler                            0x00000325   Thumb Code     2  startup_tm4c123.o(.text)
    UART7_Handler                            0x00000327   Thumb Code     2  startup_tm4c123.o(.text)
    I2C2_Handler                             0x00000329   Thumb Code     2  startup_tm4c123.o(.text)
    I2C3_Handler                             0x0000032b   Thumb Code     2  startup_tm4c123.o(.text)
    TIMER4A_Handler                          0x0000032d   Thumb Code     2  startup_tm4c123.o(.text)
    TIMER4B_Handler                          0x0000032f   Thumb Code     2  startup_tm4c123.o(.text)
    TIMER5A_Handler                          0x00000331   Thumb Code     2  startup_tm4c123.o(.text)
    TIMER5B_Handler                          0x00000333   Thumb Code     2  startup_tm4c123.o(.text)
    WTIMER0A_Handler                         0x00000335   Thumb Code     2  startup_tm4c123.o(.text)
    WTIMER0B_Handler                         0x00000337   Thumb Code     2  startup_tm4c123.o(.text)
    WTIMER1A_Handler                         0x00000339   Thumb Code     2  startup_tm4c123.o(.text)
    WTIMER1B_Handler                         0x0000033b   Thumb Code     2  startup_tm4c123.o(.text)
    WTIMER2A_Handler                         0x0000033d   Thumb Code     2  startup_tm4c123.o(.text)
    WTIMER2B_Handler                         0x0000033f   Thumb Code     2  startup_tm4c123.o(.text)
    WTIMER3A_Handler                         0x00000341   Thumb Code     2  startup_tm4c123.o(.text)
    WTIMER3B_Handler                         0x00000343   Thumb Code     2  startup_tm4c123.o(.text)
    WTIMER4A_Handler                         0x00000345   Thumb Code     2  startup_tm4c123.o(.text)
    WTIMER4B_Handler                         0x00000347   Thumb Code     2  startup_tm4c123.o(.text)
    WTIMER5A_Handler                         0x00000349   Thumb Code     2  startup_tm4c123.o(.text)
    WTIMER5B_Handler                         0x0000034b   Thumb Code     2  startup_tm4c123.o(.text)
    FPU_Handler                              0x0000034d   Thumb Code     2  startup_tm4c123.o(.text)
    I2C4_Handler                             0x0000034f   Thumb Code     2  startup_tm4c123.o(.text)
    I2C5_Handler                             0x00000351   Thumb Code     2  startup_tm4c123.o(.text)
    GPIOM_Handler                            0x00000353   Thumb Code     2  startup_tm4c123.o(.text)
    GPION_Handler                            0x00000355   Thumb Code     2  startup_tm4c123.o(.text)
    QEI2_Handler                             0x00000357   Thumb Code     2  startup_tm4c123.o(.text)
    GPIOP0_Handler                           0x00000359   Thumb Code     2  startup_tm4c123.o(.text)
    GPIOP1_Handler                           0x0000035b   Thumb Code     2  startup_tm4c123.o(.text)
    GPIOP2_Handler                           0x0000035d   Thumb Code     2  startup_tm4c123.o(.text)
    GPIOP3_Handler                           0x0000035f   Thumb Code     2  startup_tm4c123.o(.text)
    GPIOP4_Handler                           0x00000361   Thumb Code     2  startup_tm4c123.o(.text)
    GPIOP5_Handler                           0x00000363   Thumb Code     2  startup_tm4c123.o(.text)
    GPIOP6_Handler                           0x00000365   Thumb Code     2  startup_tm4c123.o(.text)
    GPIOP7_Handler                           0x00000367   Thumb Code     2  startup_tm4c123.o(.text)
    GPIOQ0_Handler                           0x00000369   Thumb Code     2  startup_tm4c123.o(.text)
    GPIOQ1_Handler                           0x0000036b   Thumb Code     2  startup_tm4c123.o(.text)
    GPIOQ2_Handler                           0x0000036d   Thumb Code     2  startup_tm4c123.o(.text)
    GPIOQ3_Handler                           0x0000036f   Thumb Code     2  startup_tm4c123.o(.text)
    GPIOQ4_Handler                           0x00000371   Thumb Code     2  startup_tm4c123.o(.text)
    GPIOQ5_Handler                           0x00000373   Thumb Code     2  startup_tm4c123.o(.text)
    GPIOQ6_Handler                           0x00000375   Thumb Code     2  startup_tm4c123.o(.text)
    GPIOQ7_Handler                           0x00000377   Thumb Code     2  startup_tm4c123.o(.text)
    GPIOR_Handler                            0x00000379   Thumb Code     2  startup_tm4c123.o(.text)
    GPIOS_Handler                            0x0000037b   Thumb Code     2  startup_tm4c123.o(.text)
    PMW1_0_Handler                           0x0000037d   Thumb Code     2  startup_tm4c123.o(.text)
    PWM1_1_Handler                           0x0000037f   Thumb Code     2  startup_tm4c123.o(.text)
    PWM1_2_Handler                           0x00000381   Thumb Code     2  startup_tm4c123.o(.text)
    PWM1_3_Handler                           0x00000383   Thumb Code     2  startup_tm4c123.o(.text)
    PWM1_FAULT_Handler                       0x00000385   Thumb Code     2  startup_tm4c123.o(.text)
    strstr                                   0x00000391   Thumb Code    36  strstr.o(.text)
    strncpy                                  0x000003b5   Thumb Code    24  strncpy.o(.text)
    __aeabi_d2f                              0x000003cd   Thumb Code    56  d2f.o(.text)
    __strtod_int                             0x0000043b   Thumb Code    90  strtod.o(.text)
    __I$use$fp                               0x000004a1   Thumb Code     0  iusefp.o(.text)
    _float_round                             0x000004a1   Thumb Code    18  fepilogue.o(.text)
    _float_epilogue                          0x000004b3   Thumb Code    92  fepilogue.o(.text)
    __scatterload                            0x00000511   Thumb Code    28  init.o(.text)
    __scatterload_rt2                        0x00000511   Thumb Code     0  init.o(.text)
    isspace                                  0x00000535   Thumb Code    10  isspace_c.o(.text)
    _scanf_real                              0x00000669   Thumb Code     0  scanf_fp.o(.text)
    _scanf_really_real                       0x00000669   Thumb Code   556  scanf_fp.o(.text)
    _sgetc                                   0x000008a1   Thumb Code    30  _sgetc.o(.text)
    _sbackspace                              0x000008bf   Thumb Code    34  _sgetc.o(.text)
    __ctype_lookup                           0x000008e1   Thumb Code    34  ctype_c.o(.text)
    __aeabi_dmul                             0x00000909   Thumb Code   228  dmul.o(.text)
    __aeabi_ddiv                             0x000009ed   Thumb Code   222  ddiv.o(.text)
    __aeabi_ul2d                             0x00000acb   Thumb Code    24  dfltul.o(.text)
    _double_round                            0x00000ae3   Thumb Code    30  depilogue.o(.text)
    _double_epilogue                         0x00000b01   Thumb Code   156  depilogue.o(.text)
    __aeabi_llsl                             0x00000b9d   Thumb Code    30  llshl.o(.text)
    _ll_shift_l                              0x00000b9d   Thumb Code     0  llshl.o(.text)
    __aeabi_llsr                             0x00000bbb   Thumb Code    32  llushr.o(.text)
    _ll_ushift_r                             0x00000bbb   Thumb Code     0  llushr.o(.text)
    GPS_Get_Current_location                 0x00000bdd   Thumb Code   178  gps.o(i.GPS_Get_Current_location)
    GPS_Get_message                          0x00000c95   Thumb Code    46  gps.o(i.GPS_Get_message)
    GPS_Set_Landmark                         0x00000cc3   Thumb Code     2  gps.o(i.GPS_Set_Landmark)
    UART7_InChar                             0x00000cc5   Thumb Code    22  tm4c123_gh6pm_uart.o(i.UART7_InChar)
    UART7_OutChar                            0x00000ce1   Thumb Code    20  tm4c123_gh6pm_uart.o(i.UART7_OutChar)
    __hardfp_atof                            0x00000cf9   Thumb Code    44  atof.o(i.__hardfp_atof)
    __read_errno                             0x00000d31   Thumb Code     6  errno.o(i.__read_errno)
    __scatterload_copy                       0x00000d3d   Thumb Code    14  handlers.o(i.__scatterload_copy)
    __scatterload_null                       0x00000d4b   Thumb Code     2  handlers.o(i.__scatterload_null)
    __scatterload_zeroinit                   0x00000d4d   Thumb Code    14  handlers.o(i.__scatterload_zeroinit)
    __set_errno                              0x00000d5d   Thumb Code     6  errno.o(i.__set_errno)
    _is_digit                                0x00000d69   Thumb Code    14  scanf_fp.o(i._is_digit)
    main                                     0x00000d79   Thumb Code    10  main.o(i.main)
    __ctype_categories                       0x00000d88   Data          64  ctype_c.o(.constdata)
    Region$$Table$$Base                      0x00000dc8   Number         0  anon$$obj.o(Region$$Table)
    Region$$Table$$Limit                     0x00000de8   Number         0  anon$$obj.o(Region$$Table)
    RX_Buffer                                0x20000004   Data          40  main.o(.bss)
    current_location                         0x2000002c   Data          56  main.o(.bss)
    __initial_sp                             0x20000268   Data           0  startup_tm4c123.o(STACK)



==============================================================================

Memory Map of the image

  Image Entry point : 0x00000285

  Load Region LR_1 (Base: 0x00000000, Size: 0x00000dec, Max: 0xffffffff, ABSOLUTE)

    Execution Region ER_RO (Exec base: 0x00000000, Load base: 0x00000000, Size: 0x00000de8, Max: 0xffffffff, ABSOLUTE)

    Exec Addr    Load Addr    Size         Type   Attr      Idx    E Section Name        Object

    0x00000000   0x00000000   0x0000026c   Data   RO          270    RESET               startup_tm4c123.o
    0x0000026c   0x0000026c   0x00000000   Code   RO          322  * .ARM.Collect$$$$00000000  mc_w.l(entry.o)
    0x0000026c   0x0000026c   0x00000004   Code   RO          331    .ARM.Collect$$$$00000001  mc_w.l(entry2.o)
    0x00000270   0x00000270   0x00000004   Code   RO          334    .ARM.Collect$$$$00000004  mc_w.l(entry5.o)
    0x00000274   0x00000274   0x00000000   Code   RO          336    .ARM.Collect$$$$00000008  mc_w.l(entry7b.o)
    0x00000274   0x00000274   0x00000000   Code   RO          338    .ARM.Collect$$$$0000000A  mc_w.l(entry8b.o)
    0x00000274   0x00000274   0x00000008   Code   RO          339    .ARM.Collect$$$$0000000B  mc_w.l(entry9a.o)
    0x0000027c   0x0000027c   0x00000004   Code   RO          346    .ARM.Collect$$$$0000000E  mc_w.l(entry12b.o)
    0x00000280   0x00000280   0x00000000   Code   RO          341    .ARM.Collect$$$$0000000F  mc_w.l(entry10a.o)
    0x00000280   0x00000280   0x00000000   Code   RO          343    .ARM.Collect$$$$00000011  mc_w.l(entry11a.o)
    0x00000280   0x00000280   0x00000004   Code   RO          332    .ARM.Collect$$$$00002712  mc_w.l(entry2.o)
    0x00000284   0x00000284   0x0000010c   Code   RO          271  * .text               startup_tm4c123.o
    0x00000390   0x00000390   0x00000024   Code   RO          325    .text               mc_w.l(strstr.o)
    0x000003b4   0x000003b4   0x00000018   Code   RO          327    .text               mc_w.l(strncpy.o)
    0x000003cc   0x000003cc   0x00000038   Code   RO          329    .text               mf_w.l(d2f.o)
    0x00000404   0x00000404   0x0000009c   Code   RO          354    .text               mc_w.l(strtod.o)
    0x000004a0   0x000004a0   0x00000000   Code   RO          356    .text               mc_w.l(iusefp.o)
    0x000004a0   0x000004a0   0x0000006e   Code   RO          357    .text               mf_w.l(fepilogue.o)
    0x0000050e   0x0000050e   0x00000002   PAD
    0x00000510   0x00000510   0x00000024   Code   RO          359    .text               mc_w.l(init.o)
    0x00000534   0x00000534   0x0000000a   Code   RO          361    .text               mc_w.l(isspace_c.o)
    0x0000053e   0x0000053e   0x00000002   PAD
    0x00000540   0x00000540   0x00000360   Code   RO          363    .text               mc_w.l(scanf_fp.o)
    0x000008a0   0x000008a0   0x00000040   Code   RO          367    .text               mc_w.l(_sgetc.o)
    0x000008e0   0x000008e0   0x00000028   Code   RO          369    .text               mc_w.l(ctype_c.o)
    0x00000908   0x00000908   0x000000e4   Code   RO          372    .text               mf_w.l(dmul.o)
    0x000009ec   0x000009ec   0x000000de   Code   RO          374    .text               mf_w.l(ddiv.o)
    0x00000aca   0x00000aca   0x00000018   Code   RO          376    .text               mf_w.l(dfltul.o)
    0x00000ae2   0x00000ae2   0x000000ba   Code   RO          378    .text               mf_w.l(depilogue.o)
    0x00000b9c   0x00000b9c   0x0000001e   Code   RO          380    .text               mc_w.l(llshl.o)
    0x00000bba   0x00000bba   0x00000020   Code   RO          382    .text               mc_w.l(llushr.o)
    0x00000bda   0x00000bda   0x00000002   PAD
    0x00000bdc   0x00000bdc   0x000000b8   Code   RO          214    i.GPS_Get_Current_location  gps.o
    0x00000c94   0x00000c94   0x0000002e   Code   RO          215    i.GPS_Get_message   gps.o
    0x00000cc2   0x00000cc2   0x00000002   Code   RO          216    i.GPS_Set_Landmark  gps.o
    0x00000cc4   0x00000cc4   0x0000001c   Code   RO          107    i.UART7_InChar      tm4c123_gh6pm_uart.o
    0x00000ce0   0x00000ce0   0x00000018   Code   RO          109    i.UART7_OutChar     tm4c123_gh6pm_uart.o
    0x00000cf8   0x00000cf8   0x00000038   Code   RO          316    i.__hardfp_atof     m_wm.l(atof.o)
    0x00000d30   0x00000d30   0x0000000c   Code   RO          348    i.__read_errno      mc_w.l(errno.o)
    0x00000d3c   0x00000d3c   0x0000000e   Code   RO          386    i.__scatterload_copy  mc_w.l(handlers.o)
    0x00000d4a   0x00000d4a   0x00000002   Code   RO          387    i.__scatterload_null  mc_w.l(handlers.o)
    0x00000d4c   0x00000d4c   0x0000000e   Code   RO          388    i.__scatterload_zeroinit  mc_w.l(handlers.o)
    0x00000d5a   0x00000d5a   0x00000002   PAD
    0x00000d5c   0x00000d5c   0x0000000c   Code   RO          349    i.__set_errno       mc_w.l(errno.o)
    0x00000d68   0x00000d68   0x0000000e   Code   RO          365    i._is_digit         mc_w.l(scanf_fp.o)
    0x00000d76   0x00000d76   0x00000002   PAD
    0x00000d78   0x00000d78   0x00000010   Code   RO            4    i.main              main.o
    0x00000d88   0x00000d88   0x00000040   Data   RO          370    .constdata          mc_w.l(ctype_c.o)
    0x00000dc8   0x00000dc8   0x00000020   Data   RO          384    Region$$Table       anon$$obj.o


    Execution Region ER_RW (Exec base: 0x20000000, Load base: 0x00000de8, Size: 0x00000004, Max: 0xffffffff, ABSOLUTE)

    Exec Addr    Load Addr    Size         Type   Attr      Idx    E Section Name        Object

    0x20000000   0x00000de8   0x00000004   Data   RW          350    .data               mc_w.l(errno.o)


    Execution Region ER_ZI (Exec base: 0x20000004, Load base: 0x00000dec, Size: 0x00000264, Max: 0xffffffff, ABSOLUTE)

    Exec Addr    Load Addr    Size         Type   Attr      Idx    E Section Name        Object

    0x20000004        -       0x00000060   Zero   RW            5    .bss                main.o
    0x20000064   0x00000dec   0x00000004   PAD
    0x20000068        -       0x00000200   Zero   RW          268    STACK               startup_tm4c123.o


==============================================================================

Image component sizes


      Code (inc. data)   RO Data    RW Data    ZI Data      Debug   Object Name

       232          6          0          0          0       3356   gps.o
        16          6          0          0         96       6620   main.o
       268         10        620          0        512       5464   startup_tm4c123.o
        52         10          0          0          0       1135   tm4c123_gh6pm_uart.o

    ----------------------------------------------------------------------
       568         32        652          0        612      16575   Object Totals
         0          0         32          0          0          0   (incl. Generated)
         0          0          0          0          4          0   (incl. Padding)

    ----------------------------------------------------------------------

      Code (inc. data)   RO Data    RW Data    ZI Data      Debug   Library Member Name

        56         12          0          0          0        132   atof.o
        64          0          0          0          0         84   _sgetc.o
        40          6         64          0          0         68   ctype_c.o
         0          0          0          0          0          0   entry.o
         0          0          0          0          0          0   entry10a.o
         0          0          0          0          0          0   entry11a.o
         4          0          0          0          0          0   entry12b.o
         8          4          0          0          0          0   entry2.o
         4          0          0          0          0          0   entry5.o
         0          0          0          0          0          0   entry7b.o
         0          0          0          0          0          0   entry8b.o
         8          4          0          0          0          0   entry9a.o
        24         12          0          4          0        136   errno.o
        30          0          0          0          0          0   handlers.o
        36          8          0          0          0         68   init.o
        10          0          0          0          0         68   isspace_c.o
         0          0          0          0          0          0   iusefp.o
        30          0          0          0          0         68   llshl.o
        32          0          0          0          0         68   llushr.o
       878         12          0          0          0        216   scanf_fp.o
        24          0          0          0          0         76   strncpy.o
        36          0          0          0          0         80   strstr.o
       156         12          0          0          0        120   strtod.o
        56          0          0          0          0         88   d2f.o
       222          0          0          0          0        100   ddiv.o
       186          0          0          0          0        176   depilogue.o
        24          0          0          0          0         76   dfltul.o
       228          0          0          0          0         96   dmul.o
       110          0          0          0          0        168   fepilogue.o

    ----------------------------------------------------------------------
      2276         70         64          4          0       1888   Library Totals
        10          0          0          0          0          0   (incl. Padding)

    ----------------------------------------------------------------------

      Code (inc. data)   RO Data    RW Data    ZI Data      Debug   Library Name

        56         12          0          0          0        132   m_wm.l
      1384         58         64          4          0       1052   mc_w.l
       826          0          0          0          0        704   mf_w.l

    ----------------------------------------------------------------------
      2276         70         64          4          0       1888   Library Totals

    ----------------------------------------------------------------------

==============================================================================


      Code (inc. data)   RO Data    RW Data    ZI Data      Debug   

      2844        102        716          4        612      17487   Grand Totals
      2844        102        716          4        612      17487   ELF Image Totals
      2844        102        716          4          0          0   ROM Totals

==============================================================================

    Total RO  Size (Code + RO Data)                 3560 (   3.48kB)
    Total RW  Size (RW Data + ZI Data)               616 (   0.60kB)
    Total ROM Size (Code + RO Data + RW Data)       3564 (   3.48kB)

==============================================================================

