<html>
<body>
<pre>
<h1>µVision Build Log</h1>
<h2>Tool Versions:</h2>
IDE-Version: µVision V5.32.0.0
Copyright (C) 2020 ARM Ltd and ARM Germany GmbH. All rights reserved.
License Information: Mina Fathy, learn-in-depth, LIC=----
 
Tool Versions:
Toolchain:       MDK-Lite  Version: 5.32.0.0
Toolchain Path:  C:\Keil_v5\ARM\ARMCC\Bin
C Compiler:      Armcc.exe V5.06 update 7 (build 960)
Assembler:       Armasm.exe V5.06 update 7 (build 960)
Linker/Locator:  ArmLink.exe V5.06 update 7 (build 960)
Library Manager: ArmAr.exe V5.06 update 7 (build 960)
Hex Converter:   FromElf.exe V5.06 update 7 (build 960)
CPU DLL:         SARMCM3.DLL V5.32.0.0
Dialog DLL:      DCM.DLL V1.17.3.0
Target DLL:      lmidk-agdi.dll V???
Dialog DLL:      TCM.DLL V1.46.0.0
 
<h2>Project:</h2>
D:\Mina\ASU\ASU Projects\Embedded Systems project\Gps-project\Keil_Project\GPS_Project.uvprojx
Project File Date:  05/05/2025

<h2>Output:</h2>
*** Using Compiler 'V5.06 update 7 (build 960)', folder: 'C:\Keil_v5\ARM\ARMCC\Bin'
Rebuild target 'Target 1'
compiling TM4C123_GH6PM_GPIO.c...
.\TM4C123_GH6PM_Drivers\Inc\TM4C123_GH6PM_GPIO.h(16): warning:  #1-D: last line of file ends without a newline
  #endif 
TM4C123_GH6PM_Drivers\TM4C123_GH6PM_GPIO.c(81): warning:  #1-D: last line of file ends without a newline
  }
TM4C123_GH6PM_Drivers\TM4C123_GH6PM_GPIO.c: 2 warnings, 0 errors
compiling TM4C123_GH6PM_UART.c...
.\TM4C123_GH6PM_Drivers\Inc\TM4C123_GH6PM_GPIO.h(16): warning:  #1-D: last line of file ends without a newline
  #endif 
.\TM4C123_GH6PM_Drivers\Inc\tm4c123_gh6pm_uart.h(26): warning:  #1-D: last line of file ends without a newline
  #endif 
TM4C123_GH6PM_Drivers\TM4C123_GH6PM_UART.c: 2 warnings, 0 errors
compiling main.c...
.\TM4C123_GH6PM_Drivers\Inc\TM4C123_GH6PM_GPIO.h(16): warning:  #1-D: last line of file ends without a newline
  #endif 
.\TM4C123_GH6PM_Drivers\Inc\TM4C123_GH6PM_UART.h(26): warning:  #1-D: last line of file ends without a newline
  #endif 
.\TM4C123_GH6PM_Drivers\LCD_Driver\LCD.h(43): warning:  #1-D: last line of file ends without a newline
  #endif
.\TM4C123_GH6PM_Drivers\GPS_Driver\GPS.h(69): warning:  #1-D: last line of file ends without a newline
  #endif 
main.c(41): warning:  #177-D: variable "i"  was declared but never referenced
     uint8_t i = 0;
main.c: 5 warnings, 0 errors
compiling Systick.c...
assembling startup_TM4C123.s...
compiling LCD.c...
TM4C123_GH6PM_Drivers\LCD_Driver\LCD.h(43): warning:  #1-D: last line of file ends without a newline
  #endif
TM4C123_GH6PM_Drivers\LCD_Driver\LCD.c(151): warning:  #1-D: last line of file ends without a newline
  }
TM4C123_GH6PM_Drivers\LCD_Driver\LCD.c: 2 warnings, 0 errors
compiling GPS.c...
.\TM4C123_GH6PM_Drivers\Inc\TM4C123_GH6PM_GPIO.h(16): warning:  #1-D: last line of file ends without a newline
  #endif 
.\TM4C123_GH6PM_Drivers\Inc\TM4C123_GH6PM_UART.h(26): warning:  #1-D: last line of file ends without a newline
  #endif 
.\TM4C123_GH6PM_Drivers\LCD_Driver\LCD.h(43): warning:  #1-D: last line of file ends without a newline
  #endif
TM4C123_GH6PM_Drivers\GPS_Driver\GPS.h(69): warning:  #1-D: last line of file ends without a newline
  #endif 
TM4C123_GH6PM_Drivers\GPS_Driver\GPS.c(151): warning:  #1035-D: single-precision operand implicitly converted to double-precision
      float lat1 = location->Latitude * pi / 180.0;
TM4C123_GH6PM_Drivers\GPS_Driver\GPS.c(152): warning:  #1035-D: single-precision operand implicitly converted to double-precision
      float lon1 = location->Longitude * pi / 180.0;
TM4C123_GH6PM_Drivers\GPS_Driver\GPS.c(158): warning:  #1035-D: single-precision operand implicitly converted to double-precision
          float lat2 = landmarks[i].Latitude * pi / 180.0;
TM4C123_GH6PM_Drivers\GPS_Driver\GPS.c(159): warning:  #1035-D: single-precision operand implicitly converted to double-precision
          float lon2 = landmarks[i].Longitude * pi / 180.0;
TM4C123_GH6PM_Drivers\GPS_Driver\GPS.c(220): warning:  #1-D: last line of file ends without a newline
  }
TM4C123_GH6PM_Drivers\GPS_Driver\GPS.c: 9 warnings, 0 errors
compiling system_TM4C123.c...
linking...
Program Size: Code=13036 RO-data=1164 RW-data=392 ZI-data=648  
".\Objects\GPS_Project.axf" - 0 Error(s), 20 Warning(s).

<h2>Software Packages used:</h2>

Package Vendor: ARM
                http://www.keil.com/pack/ARM.CMSIS.5.7.0.pack
                ARM.CMSIS.5.7.0
                CMSIS (Cortex Microcontroller Software Interface Standard)
   * Component: CORE Version: 5.4.0

Package Vendor: Keil
                http://www.keil.com/pack/Keil.TM4C_DFP.1.1.0.pack
                Keil.TM4C_DFP.1.1.0
                Texas Instruments Tiva C Series Device Support and Examples
   * Component: Startup Version: 1.0.1

<h2>Collection of Component include folders:</h2>
  .\RTE\_Target_1
  C:\Users\EliteBook\AppData\Local\Arm\Packs\ARM\CMSIS\5.7.0\CMSIS\Core\Include
  C:\Users\EliteBook\AppData\Local\Arm\Packs\Keil\TM4C_DFP\1.1.0\Device\Include\TM4C123

<h2>Collection of Component Files used:</h2>

   * Component: ARM::CMSIS:CORE:5.4.0

   * Component: Keil::Device:Startup:1.0.1
      Source file:   Device\Source\system_TM4C123.c
      Source file:   Device\Source\ARM\startup_TM4C123.s
      Include file:  Device\Include\TM4C123\TM4C123.h
Build Time Elapsed:  00:00:03
</pre>
</body>
</html>
