<html>
<body>
<pre>
<h1>µVision Build Log</h1>
<h2>Tool Versions:</h2>
IDE-Version: µVision V5.32.0.0
Copyright (C) 2020 ARM Ltd and ARM Germany GmbH. All rights reserved.
License Information: Mina Fathy, learn-in-depth, LIC=----
 
Tool Versions:
Toolchain:       MDK-Lite  Version: 5.32.0.0
Toolchain Path:  C:\Keil_v5\ARM\ARMCLANG\Bin
C Compiler:      ArmClang.exe V6.14.1
Assembler:       Armasm.exe V6.14.1
Linker/Locator:  ArmLink.exe V6.14.1
Library Manager: ArmAr.exe V6.14.1
Hex Converter:   FromElf.exe V6.14.1
CPU DLL:         SARMCM3.DLL V5.32.0.0
Dialog DLL:      DCM.DLL V1.17.3.0
Target DLL:      UL2CM3.DLL V1.163.9.0
Dialog DLL:      TCM.DLL V1.46.0.0
 
<h2>Project:</h2>
D:\Mina\ASU\ASU Projects\Embedded Systems project\Gps-project\Keil_Project\GPS_Project.uvprojx
Project File Date:  04/29/2025

<h2>Output:</h2>
*** Using Compiler 'V6.14.1', folder: 'C:\Keil_v5\ARM\ARMCLANG\Bin'
Rebuild target 'Target 1'
TM4C123_GH6PM_Drivers/TM4C123_GH6PM_GPIO.c(1): warning: In file included from...
./TM4C123_GH6PM_Drivers/Inc\TM4C123_GH6PM_GPIO.h(16): warning: no newline at end of file [-Wnewline-eof]
#endif /* INC_TM4C123_GH6PM_GPIO_H_*/
                                     ^
TM4C123_GH6PM_Drivers/TM4C123_GH6PM_GPIO.c(31): warning: implicit conversion changes signedness: 'int' to 'unsigned long' [-Wsign-conversion]
        GPIO_PORTA_DIR_R |= ~0x0;  // Set selected pins as outputs
                         ~~ ^~~~
TM4C123_GH6PM_Drivers/TM4C123_GH6PM_GPIO.c(43): warning: implicit conversion changes signedness: 'int' to 'unsigned long' [-Wsign-conversion]
        GPIO_PORTB_DIR_R |= ~0;   // Set direction of selected pins: 0 input, 1 output
                         ~~ ^~
TM4C123_GH6PM_Drivers/TM4C123_GH6PM_GPIO.c(55): warning: implicit conversion changes signedness: 'int' to 'unsigned long' [-Wsign-conversion]
        GPIO_PORTD_DIR_R |= ~0;   // Set direction of selected pins: 0 input, 1 output
                         ~~ ^~
TM4C123_GH6PM_Drivers/TM4C123_GH6PM_GPIO.c(67): warning: implicit conversion changes signedness: 'int' to 'unsigned long' [-Wsign-conversion]
        GPIO_PORTD_DIR_R |= ~0;   // Set direction of selected pins: 0 input, 1 output
                         ~~ ^~
TM4C123_GH6PM_Drivers/TM4C123_GH6PM_GPIO.c(75): warning: implicit conversion changes signedness: 'int' to 'unsigned long' [-Wsign-conversion]
        GPIO_PORTF_AMSEL_R &= ~0x0E;      // Disable analog on selected pins
                           ~~ ^~~~~
TM4C123_GH6PM_Drivers/TM4C123_GH6PM_GPIO.c(76): warning: implicit conversion changes signedness: 'int' to 'unsigned long' [-Wsign-conversion]
        GPIO_PORTA_PCTL_R &= ~0x0000FFF0; // Clear PCTL bits for selected pins
                          ~~ ^~~~~~~~~~~
TM4C123_GH6PM_Drivers/TM4C123_GH6PM_GPIO.c(77): warning: implicit conversion changes signedness: 'int' to 'unsigned long' [-Wsign-conversion]
        GPIO_PORTF_AFSEL_R &= ~0x0E;      // Choose alternate functions on selected pins
                           ~~ ^~~~~
TM4C123_GH6PM_Drivers/TM4C123_GH6PM_GPIO.c(80): warning: implicit conversion changes signedness: 'int' to 'unsigned long' [-Wsign-conversion]
        GPIO_PORTF_DATA_R &= ~0x0E;               // Initialize selected pins
                          ~~ ^~~~~
TM4C123_GH6PM_Drivers/TM4C123_GH6PM_GPIO.c(81): warning: no newline at end of file [-Wnewline-eof]
}
 ^
10 warnings generated.
compiling TM4C123_GH6PM_GPIO.c...
main.c(4): warning: In file included from...
./TM4C123_GH6PM_Drivers/Inc\TM4C123_GH6PM_GPIO.h(16): warning: no newline at end of file [-Wnewline-eof]
#endif /* INC_TM4C123_GH6PM_GPIO_H_*/
                                     ^
main.c(5): warning: In file included from...
./TM4C123_GH6PM_Drivers/Inc\TM4C123_GH6PM_UART.h(21): warning: no newline at end of file [-Wnewline-eof]
#endif /* INC_TM4C123_GH6PM_UART_H_*/
                                     ^
main.c(7): warning: In file included from...
./TM4C123_GH6PM_Drivers/GPS_Driver\GPS.h(63): warning: no newline at end of file [-Wnewline-eof]
#endif /* INC_GPS_Driver_H_ */
                              ^
3 warnings generated.
compiling main.c...
TM4C123_GH6PM_Drivers/TM4C123_GH6PM_UART.c(1): warning: In file included from...
./TM4C123_GH6PM_Drivers/Inc\TM4C123_GH6PM_GPIO.h(16): warning: no newline at end of file [-Wnewline-eof]
#endif /* INC_TM4C123_GH6PM_GPIO_H_*/
                                     ^
TM4C123_GH6PM_Drivers/TM4C123_GH6PM_UART.c(2): warning: In file included from...
./TM4C123_GH6PM_Drivers/Inc\TM4C123_GH6PM_UART.h(21): warning: no newline at end of file [-Wnewline-eof]
#endif /* INC_TM4C123_GH6PM_UART_H_*/
                                     ^
TM4C123_GH6PM_Drivers/TM4C123_GH6PM_UART.c(3): warning: non-portable path to file '"TM4C123GH6PM.h"'; specified path differs in case from file name on disk [-Wnonportable-include-path]
#include "tm4c123gh6pm.h"
         ^~~~~~~~~~~~~~~~
         "TM4C123GH6PM.h"
TM4C123_GH6PM_Drivers/TM4C123_GH6PM_UART.c(7): warning: no previous extern declaration for non-static variable 'len' [-Wmissing-variable-declarations]
const int len=128;
          ^
TM4C123_GH6PM_Drivers/TM4C123_GH6PM_UART.c(7): note: declare 'static' if the variable is not intended to be used outside of this translation unit
const int len=128;
      ^
TM4C123_GH6PM_Drivers/TM4C123_GH6PM_UART.c(8): warning: variable length array used [-Wvla]
char command[len]={0};
            ^
TM4C123_GH6PM_Drivers/TM4C123_GH6PM_UART.c(8): warning: size of static array must be an integer constant expression [-Wpedantic]
char command[len]={0};
     ^
TM4C123_GH6PM_Drivers/TM4C123_GH6PM_UART.c(8): warning: no previous extern declaration for non-static variable 'command' [-Wmissing-variable-declarations]
TM4C123_GH6PM_Drivers/TM4C123_GH6PM_UART.c(8): note: declare 'static' if the variable is not intended to be used outside of this translation unit
char command[len]={0};
^
TM4C123_GH6PM_Drivers/TM4C123_GH6PM_UART.c(14): warning: implicit conversion changes signedness: 'int' to 'unsigned long' [-Wsign-conversion]
    UART0_CTL_R &= ~0x0001; // disable UART
                ~~ ^~~~~~~
TM4C123_GH6PM_Drivers/TM4C123_GH6PM_UART.c(25): warning: implicit conversion changes signedness: 'int' to 'unsigned long' [-Wsign-conversion]
    GPIO_PORTA_AMSEL_R &= ~0x03; // disable analog function on PAO, PAI
                       ~~ ^~~~~
TM4C123_GH6PM_Drivers/TM4C123_GH6PM_UART.c(29): warning: empty expression statement has no effect; remove unnecessary ';' to silence this warning [-Wextra-semi-stmt]
        while ((UART0_FR_R & 0x10) !=0){}; //block program untill input is recieved
                                         ^
TM4C123_GH6PM_Drivers/TM4C123_GH6PM_UART.c(34): warning: empty expression statement has no effect; remove unnecessary ';' to silence this warning [-Wextra-semi-stmt]
        while ((UART0_FR_R & 0x0020) !=0){}; //block program untill input is recieved
                                           ^
11 warnings generated.
compiling TM4C123_GH6PM_UART.c...
TM4C123_GH6PM_Drivers/LCD_Driver/LCD.c(1): warning: no newline at end of file [-Wnewline-eof]
#include "LCD.h"
                ^
TM4C123_GH6PM_Drivers/LCD_Driver/LCD.c(1): warning: ISO C requires a translation unit to contain at least one declaration [-Wempty-translation-unit]
2 warnings generated.
compiling LCD.c...
TM4C123_GH6PM_Drivers/GPS_Driver/GPS.c(1): warning: In file included from...
./TM4C123_GH6PM_Drivers/GPS_Driver/GPS.h(16): warning: In file included from...
./TM4C123_GH6PM_Drivers/Inc\TM4C123_GH6PM_GPIO.h(16): warning: no newline at end of file [-Wnewline-eof]
#endif /* INC_TM4C123_GH6PM_GPIO_H_*/
                                     ^
TM4C123_GH6PM_Drivers/GPS_Driver/GPS.c(1): warning: In file included from...
./TM4C123_GH6PM_Drivers/GPS_Driver/GPS.h(17): warning: In file included from...
./TM4C123_GH6PM_Drivers/Inc\TM4C123_GH6PM_UART.h(21): warning: no newline at end of file [-Wnewline-eof]
#endif /* INC_TM4C123_GH6PM_UART_H_*/
                                     ^
TM4C123_GH6PM_Drivers/GPS_Driver/GPS.c(1): warning: In file included from...
./TM4C123_GH6PM_Drivers/GPS_Driver/GPS.h(63): warning: no newline at end of file [-Wnewline-eof]
#endif /* INC_GPS_Driver_H_ */
                              ^
TM4C123_GH6PM_Drivers/GPS_Driver/GPS.c(6): warning: no previous extern declaration for non-static variable 'EARTH_RADIUS' [-Wmissing-variable-declarations]
const double EARTH_RADIUS = 6371000;
             ^
TM4C123_GH6PM_Drivers/GPS_Driver/GPS.c(6): note: declare 'static' if the variable is not intended to be used outside of this translation unit
const double EARTH_RADIUS = 6371000;
      ^
TM4C123_GH6PM_Drivers/GPS_Driver/GPS.c(11): warning: implicit conversion loses floating-point precision: 'double' to 'float' [-Wimplicit-float-conversion]
S_Region Hall_A = {"Hall A", 30.064306, 31.280389, 30.063972, 31.280056};
                  ~          ^~~~~~~~~
TM4C123_GH6PM_Drivers/GPS_Driver/GPS.c(11): warning: implicit conversion loses floating-point precision: 'double' to 'float' [-Wimplicit-float-conversion]
S_Region Hall_A = {"Hall A", 30.064306, 31.280389, 30.063972, 31.280056};
                  ~                     ^~~~~~~~~
TM4C123_GH6PM_Drivers/GPS_Driver/GPS.c(11): warning: implicit conversion loses floating-point precision: 'double' to 'float' [-Wimplicit-float-conversion]
S_Region Hall_A = {"Hall A", 30.064306, 31.280389, 30.063972, 31.280056};
                  ~                                ^~~~~~~~~
TM4C123_GH6PM_Drivers/GPS_Driver/GPS.c(11): warning: implicit conversion loses floating-point precision: 'double' to 'float' [-Wimplicit-float-conversion]
S_Region Hall_A = {"Hall A", 30.064306, 31.280389, 30.063972, 31.280056};
                  ~                                           ^~~~~~~~~
TM4C123_GH6PM_Drivers/GPS_Driver/GPS.c(11): warning: no previous extern declaration for non-static variable 'Hall_A' [-Wmissing-variable-declarations]
S_Region Hall_A = {"Hall A", 30.064306, 31.280389, 30.063972, 31.280056};
         ^
TM4C123_GH6PM_Drivers/GPS_Driver/GPS.c(11): note: declare 'static' if the variable is not intended to be used outside of this translation unit
S_Region Hall_A = {"Hall A", 30.064306, 31.280389, 30.063972, 31.280056};
^
TM4C123_GH6PM_Drivers/GPS_Driver/GPS.c(38): warning: no newline at end of file [-Wnewline-eof]
}
 ^
TM4C123_GH6PM_Drivers/GPS_Driver/GPS.c(32): warning: unused parameter 'location' [-Wunused-parameter]
void GPS_Display_region(S_Location* location)
                                    ^
11 warnings generated.
compiling GPS.c...
assembling startup_TM4C123.s...
RTE/Device/TM4C123GH6PM/system_TM4C123.c(13): warning: In file included from...
C:/Users/EliteBook/AppData/Local/Arm/Packs/Keil/TM4C_DFP/1.1.0/Device/Include/TM4C123\TM4C123.h(98): warning: In file included from...
C:/Users/EliteBook/AppData/Local/Arm/Packs/Keil/TM4C_DFP/1.1.0/Device/Include/TM4C123/TM4C123GH6PM.h(298): warning: anonymous unions are a C11 extension [-Wc11-extensions]
  union {
  ^
C:/Users/EliteBook/AppData/Local/Arm/Packs/Keil/TM4C_DFP/1.1.0/Device/Include/TM4C123/TM4C123GH6PM.h(338): warning: anonymous unions are a C11 extension [-Wc11-extensions]
  union {
  ^
C:/Users/EliteBook/AppData/Local/Arm/Packs/Keil/TM4C_DFP/1.1.0/Device/Include/TM4C123/TM4C123GH6PM.h(357): warning: anonymous unions are a C11 extension [-Wc11-extensions]
  union {
  ^
C:/Users/EliteBook/AppData/Local/Arm/Packs/Keil/TM4C_DFP/1.1.0/Device/Include/TM4C123/TM4C123GH6PM.h(713): warning: anonymous unions are a C11 extension [-Wc11-extensions]
  union {
  ^
C:/Users/EliteBook/AppData/Local/Arm/Packs/Keil/TM4C_DFP/1.1.0/Device/Include/TM4C123/TM4C123GH6PM.h(729): warning: anonymous unions are a C11 extension [-Wc11-extensions]
  union {
  ^
C:/Users/EliteBook/AppData/Local/Arm/Packs/Keil/TM4C_DFP/1.1.0/Device/Include/TM4C123/TM4C123GH6PM.h(774): warning: anonymous unions are a C11 extension [-Wc11-extensions]
  union {
  ^
C:/Users/EliteBook/AppData/Local/Arm/Packs/Keil/TM4C_DFP/1.1.0/Device/Include/TM4C123/TM4C123GH6PM.h(779): warning: anonymous unions are a C11 extension [-Wc11-extensions]
  union {
  ^
C:/Users/EliteBook/AppData/Local/Arm/Packs/Keil/TM4C_DFP/1.1.0/Device/Include/TM4C123/TM4C123GH6PM.h(872): warning: anonymous unions are a C11 extension [-Wc11-extensions]
  union {
  ^
C:/Users/EliteBook/AppData/Local/Arm/Packs/Keil/TM4C_DFP/1.1.0/Device/Include/TM4C123/TM4C123GH6PM.h(885): warning: anonymous unions are a C11 extension [-Wc11-extensions]
  union {
  ^
C:/Users/EliteBook/AppData/Local/Arm/Packs/Keil/TM4C_DFP/1.1.0/Device/Include/TM4C123/TM4C123GH6PM.h(892): warning: anonymous unions are a C11 extension [-Wc11-extensions]
  union {
  ^
C:/Users/EliteBook/AppData/Local/Arm/Packs/Keil/TM4C_DFP/1.1.0/Device/Include/TM4C123/TM4C123GH6PM.h(897): warning: anonymous unions are a C11 extension [-Wc11-extensions]
  union {
  ^
C:/Users/EliteBook/AppData/Local/Arm/Packs/Keil/TM4C_DFP/1.1.0/Device/Include/TM4C123/TM4C123GH6PM.h(904): warning: anonymous unions are a C11 extension [-Wc11-extensions]
  union {
  ^
C:/Users/EliteBook/AppData/Local/Arm/Packs/Keil/TM4C_DFP/1.1.0/Device/Include/TM4C123/TM4C123GH6PM.h(910): warning: anonymous unions are a C11 extension [-Wc11-extensions]
  union {
  ^
C:/Users/EliteBook/AppData/Local/Arm/Packs/Keil/TM4C_DFP/1.1.0/Device/Include/TM4C123/TM4C123GH6PM.h(917): warning: anonymous unions are a C11 extension [-Wc11-extensions]
  union {
  ^
C:/Users/EliteBook/AppData/Local/Arm/Packs/Keil/TM4C_DFP/1.1.0/Device/Include/TM4C123/TM4C123GH6PM.h(924): warning: anonymous unions are a C11 extension [-Wc11-extensions]
  union {
  ^
C:/Users/EliteBook/AppData/Local/Arm/Packs/Keil/TM4C_DFP/1.1.0/Device/Include/TM4C123/TM4C123GH6PM.h(929): warning: anonymous unions are a C11 extension [-Wc11-extensions]
  union {
  ^
C:/Users/EliteBook/AppData/Local/Arm/Packs/Keil/TM4C_DFP/1.1.0/Device/Include/TM4C123/TM4C123GH6PM.h(936): warning: anonymous unions are a C11 extension [-Wc11-extensions]
  union {
  ^
C:/Users/EliteBook/AppData/Local/Arm/Packs/Keil/TM4C_DFP/1.1.0/Device/Include/TM4C123/TM4C123GH6PM.h(942): warning: anonymous unions are a C11 extension [-Wc11-extensions]
  union {
  ^
C:/Users/EliteBook/AppData/Local/Arm/Packs/Keil/TM4C_DFP/1.1.0/Device/Include/TM4C123/TM4C123GH6PM.h(949): warning: anonymous unions are a C11 extension [-Wc11-extensions]
  union {
  ^
C:/Users/EliteBook/AppData/Local/Arm/Packs/Keil/TM4C_DFP/1.1.0/Device/Include/TM4C123/TM4C123GH6PM.h(956): warning: anonymous unions are a C11 extension [-Wc11-extensions]
  union {
  ^
C:/Users/EliteBook/AppData/Local/Arm/Packs/Keil/TM4C_DFP/1.1.0/Device/Include/TM4C123/TM4C123GH6PM.h(961): warning: anonymous unions are a C11 extension [-Wc11-extensions]
  union {
  ^
C:/Users/EliteBook/AppData/Local/Arm/Packs/Keil/TM4C_DFP/1.1.0/Device/Include/TM4C123/TM4C123GH6PM.h(968): warning: anonymous unions are a C11 extension [-Wc11-extensions]
  union {
  ^
C:/Users/EliteBook/AppData/Local/Arm/Packs/Keil/TM4C_DFP/1.1.0/Device/Include/TM4C123/TM4C123GH6PM.h(974): warning: anonymous unions are a C11 extension [-Wc11-extensions]
  union {
  ^
C:/Users/EliteBook/AppData/Local/Arm/Packs/Keil/TM4C_DFP/1.1.0/Device/Include/TM4C123/TM4C123GH6PM.h(981): warning: anonymous unions are a C11 extension [-Wc11-extensions]
  union {
  ^
C:/Users/EliteBook/AppData/Local/Arm/Packs/Keil/TM4C_DFP/1.1.0/Device/Include/TM4C123/TM4C123GH6PM.h(988): warning: anonymous unions are a C11 extension [-Wc11-extensions]
  union {
  ^
C:/Users/EliteBook/AppData/Local/Arm/Packs/Keil/TM4C_DFP/1.1.0/Device/Include/TM4C123/TM4C123GH6PM.h(993): warning: anonymous unions are a C11 extension [-Wc11-extensions]
  union {
  ^
C:/Users/EliteBook/AppData/Local/Arm/Packs/Keil/TM4C_DFP/1.1.0/Device/Include/TM4C123/TM4C123GH6PM.h(1000): warning: anonymous unions are a C11 extension [-Wc11-extensions]
  union {
  ^
C:/Users/EliteBook/AppData/Local/Arm/Packs/Keil/TM4C_DFP/1.1.0/Device/Include/TM4C123/TM4C123GH6PM.h(1006): warning: anonymous unions are a C11 extension [-Wc11-extensions]
  union {
  ^
C:/Users/EliteBook/AppData/Local/Arm/Packs/Keil/TM4C_DFP/1.1.0/Device/Include/TM4C123/TM4C123GH6PM.h(1013): warning: anonymous unions are a C11 extension [-Wc11-extensions]
  union {
  ^
C:/Users/EliteBook/AppData/Local/Arm/Packs/Keil/TM4C_DFP/1.1.0/Device/Include/TM4C123/TM4C123GH6PM.h(1020): warning: anonymous unions are a C11 extension [-Wc11-extensions]
  union {
  ^
C:/Users/EliteBook/AppData/Local/Arm/Packs/Keil/TM4C_DFP/1.1.0/Device/Include/TM4C123/TM4C123GH6PM.h(1025): warning: anonymous unions are a C11 extension [-Wc11-extensions]
  union {
  ^
C:/Users/EliteBook/AppData/Local/Arm/Packs/Keil/TM4C_DFP/1.1.0/Device/Include/TM4C123/TM4C123GH6PM.h(1032): warning: anonymous unions are a C11 extension [-Wc11-extensions]
  union {
  ^
C:/Users/EliteBook/AppData/Local/Arm/Packs/Keil/TM4C_DFP/1.1.0/Device/Include/TM4C123/TM4C123GH6PM.h(1038): warning: anonymous unions are a C11 extension [-Wc11-extensions]
  union {
  ^
C:/Users/EliteBook/AppData/Local/Arm/Packs/Keil/TM4C_DFP/1.1.0/Device/Include/TM4C123/TM4C123GH6PM.h(1045): warning: anonymous unions are a C11 extension [-Wc11-extensions]
  union {
  ^
C:/Users/EliteBook/AppData/Local/Arm/Packs/Keil/TM4C_DFP/1.1.0/Device/Include/TM4C123/TM4C123GH6PM.h(1052): warning: anonymous unions are a C11 extension [-Wc11-extensions]
  union {
  ^
C:/Users/EliteBook/AppData/Local/Arm/Packs/Keil/TM4C_DFP/1.1.0/Device/Include/TM4C123/TM4C123GH6PM.h(1057): warning: anonymous unions are a C11 extension [-Wc11-extensions]
  union {
  ^
C:/Users/EliteBook/AppData/Local/Arm/Packs/Keil/TM4C_DFP/1.1.0/Device/Include/TM4C123/TM4C123GH6PM.h(1064): warning: anonymous unions are a C11 extension [-Wc11-extensions]
  union {
  ^
C:/Users/EliteBook/AppData/Local/Arm/Packs/Keil/TM4C_DFP/1.1.0/Device/Include/TM4C123/TM4C123GH6PM.h(1070): warning: anonymous unions are a C11 extension [-Wc11-extensions]
  union {
  ^
C:/Users/EliteBook/AppData/Local/Arm/Packs/Keil/TM4C_DFP/1.1.0/Device/Include/TM4C123/TM4C123GH6PM.h(1077): warning: anonymous unions are a C11 extension [-Wc11-extensions]
  union {
  ^
C:/Users/EliteBook/AppData/Local/Arm/Packs/Keil/TM4C_DFP/1.1.0/Device/Include/TM4C123/TM4C123GH6PM.h(1084): warning: anonymous unions are a C11 extension [-Wc11-extensions]
  union {
  ^
C:/Users/EliteBook/AppData/Local/Arm/Packs/Keil/TM4C_DFP/1.1.0/Device/Include/TM4C123/TM4C123GH6PM.h(1089): warning: anonymous unions are a C11 extension [-Wc11-extensions]
  union {
  ^
C:/Users/EliteBook/AppData/Local/Arm/Packs/Keil/TM4C_DFP/1.1.0/Device/Include/TM4C123/TM4C123GH6PM.h(1096): warning: anonymous unions are a C11 extension [-Wc11-extensions]
  union {
  ^
C:/Users/EliteBook/AppData/Local/Arm/Packs/Keil/TM4C_DFP/1.1.0/Device/Include/TM4C123/TM4C123GH6PM.h(1102): warning: anonymous unions are a C11 extension [-Wc11-extensions]
  union {
  ^
C:/Users/EliteBook/AppData/Local/Arm/Packs/Keil/TM4C_DFP/1.1.0/Device/Include/TM4C123/TM4C123GH6PM.h(1251): warning: anonymous unions are a C11 extension [-Wc11-extensions]
  union {
  ^
44 warnings generated.
compiling system_TM4C123.c...
linking...
Program Size: Code=672 RO-data=636 RW-data=0 ZI-data=608  
".\Objects\GPS_Project.axf" - 0 Error(s), 81 Warning(s).

<h2>Software Packages used:</h2>

Package Vendor: ARM
                http://www.keil.com/pack/ARM.CMSIS.5.7.0.pack
                ARM.CMSIS.5.7.0
                CMSIS (Cortex Microcontroller Software Interface Standard)
   * Component: CORE Version: 5.4.0

Package Vendor: Keil
                http://www.keil.com/pack/Keil.TM4C_DFP.1.1.0.pack
                Keil.TM4C_DFP.1.1.0
                Texas Instruments Tiva C Series Device Support and Examples
   * Component: Startup Version: 1.0.1

<h2>Collection of Component include folders:</h2>
  .\RTE\_Target_1
  C:\Users\EliteBook\AppData\Local\Arm\Packs\ARM\CMSIS\5.7.0\CMSIS\Core\Include
  C:\Users\EliteBook\AppData\Local\Arm\Packs\Keil\TM4C_DFP\1.1.0\Device\Include\TM4C123

<h2>Collection of Component Files used:</h2>

   * Component: ARM::CMSIS:CORE:5.4.0

   * Component: Keil::Device:Startup:1.0.1
      Source file:   Device\Source\ARM\startup_TM4C123.s
      Include file:  Device\Include\TM4C123\TM4C123.h
      Source file:   Device\Source\system_TM4C123.c
Build Time Elapsed:  00:00:06
</pre>
</body>
</html>
